MPLINK 4.34, Linker
Linker Map File - Created Mon Jul 29 23:19:08 2013

                                 Section Info
                  Section       Type    Address   Location Size(Bytes)
                ---------  ---------  ---------  ---------  ---------
               _entry_scn       code   0x000000    program   0x000006
           .idata_UDP.o_i    romdata   0x000006    program   0x000002
               highVector       code   0x000008    program   0x000006
          .idata_test.o_i    romdata   0x00000e    program   0x000006
         .idata_m_lcd.o_i    romdata   0x000014    program   0x000003
          .idata_UART.o_i    romdata   0x000017    program   0x000000
        .idata_SPIRAM.o_i    romdata   0x000017    program   0x000000
     .idata_SPIEEPROM.o_i    romdata   0x000017    program   0x000000
         .idata_MPFS2.o_i    romdata   0x000017    program   0x000000
   .idata_LCDBlocking.o_i    romdata   0x000017    program   0x000000
       .idata_eventer.o_i    romdata   0x000017    program   0x000000
        .idata_Hashes.o_i    romdata   0x000017    program   0x000000
      .idata_fxd3232u.o_i    romdata   0x000017    program   0x000000
         .idata_Delay.o_i    romdata   0x000017    program   0x000000
         .idata_c018i.o_i    romdata   0x000017    program   0x000000
    .idata__user_putc.o_i    romdata   0x000017    program   0x000000
           .idata_ARP.o_i    romdata   0x000017    program   0x000001
                lowVector       code   0x000018    program   0x000006
              .code_TCP.o       code   0x00001e    program   0x005aa2
           .code_config.o       code   0x005ac0    program   0x003814
      .code_BerkeleyAPI.o       code   0x0092d4    program   0x001c4e
         .code_m_logger.o       code   0x00af22    program   0x00184e
          .code_Helpers.o       code   0x00c770    program   0x000fa2
              .code_UDP.o       code   0x00d712    program   0x000f00
            .code_m_bcp.o       code   0x00e612    program   0x000ea0
         .code_ETH97J60.o       code   0x00f4b2    program   0x000e22
         .code_vfprintf.o       code   0x0102d4    program   0x000c22
        .code_m_readers.o       code   0x010ef6    program   0x000b08
       .code_m_accessor.o       code   0x0119fe    program   0x000a9e
       .code_m_smachine.o       code   0x01249c    program   0x00083c
             .stringtable    romdata   0x012cd8    program   0x000744
        .code_SPIEEPROM.o       code   0x01341c    program   0x000706
              .code_ARP.o       code   0x013b22    program   0x0005c2
                   STDLIB       code   0x0140e4    program   0x0005a0
           .code_skipic.o       code   0x014684    program   0x000518
        .romdata_config.o    romdata   0x014b9c    program   0x000477
           .romdata_UDP.o    romdata   0x015013    program   0x000000
       .romdata_fxm3232.o    romdata   0x015013    program   0x000000
        .idata___init.o_i    romdata   0x015013    program   0x000000
   .idata_bit_pattern.o_i    romdata   0x015013    program   0x000000
   .romdata_bit_pattern.o    romdata   0x015013    program   0x000000
    .romdata__user_putc.o    romdata   0x015013    program   0x000000
           .idata_net.o_i    romdata   0x015013    program   0x000000
           .romdata_net.o    romdata   0x015013    program   0x000000
          .romdata_UART.o    romdata   0x015013    program   0x000000
        .romdata___init.o    romdata   0x015013    program   0x000000
        .idata_CRCMOD.o_i    romdata   0x015013    program   0x000000
          .idata_post.o_i    romdata   0x015013    program   0x000000
          .romdata_post.o    romdata   0x015013    program   0x000000
       .idata_fxm3232.o_i    romdata   0x015013    program   0x000000
     .romdata_m_readers.o    romdata   0x015013    program   0x000000
       .romdata_eventer.o    romdata   0x015013    program   0x000000
         .idata_trace.o_i    romdata   0x015013    program   0x000000
    .romdata_m_smachine.o    romdata   0x015013    program   0x000000
         .romdata_trace.o    romdata   0x015013    program   0x000000
    .romdata_m_accessor.o    romdata   0x015013    program   0x000000
          .romdata_test.o    romdata   0x015013    program   0x000000
      .idata_vfprintf.o_i    romdata   0x015013    program   0x000000
      .idata_fxd1616u.o_i    romdata   0x015013    program   0x000000
        .idata_config.o_i    romdata   0x015013    program   0x000000
       .romdata_sprintf.o    romdata   0x015013    program   0x000000
      .romdata_fxd1616u.o    romdata   0x015013    program   0x000000
      .romdata_m_logger.o    romdata   0x015013    program   0x000000
          .idata_putc.o_i    romdata   0x015013    program   0x000000
       .idata_sprintf.o_i    romdata   0x015013    program   0x000000
         .romdata_m_bcp.o    romdata   0x015013    program   0x000000
      .romdata_fxd3232u.o    romdata   0x015013    program   0x000000
          .romdata_putc.o    romdata   0x015013    program   0x000000
      .idata_SPIFlash.o_i    romdata   0x015013    program   0x000000
   .romdata_BerkeleyAPI.o    romdata   0x015013    program   0x000000
     .romdata_SPIEEPROM.o    romdata   0x015013    program   0x000000
         .romdata_Delay.o    romdata   0x015013    program   0x000000
        .romdata_Reboot.o    romdata   0x015013    program   0x000000
        .idata_Reboot.o_i    romdata   0x015013    program   0x000000
      .idata_ETH97J60.o_i    romdata   0x015013    program   0x000000
         .romdata_MPFS2.o    romdata   0x015013    program   0x000000
          .romdata_MPFS.o    romdata   0x015013    program   0x000000
          .idata_MPFS.o_i    romdata   0x015013    program   0x000000
   .romdata_LCDBlocking.o    romdata   0x015013    program   0x000000
      .romdata_ETH97J60.o    romdata   0x015013    program   0x000000
            .romdata_IP.o    romdata   0x015013    program   0x000000
        .romdata_Hashes.o    romdata   0x015013    program   0x000000
          .romdata_ICMP.o    romdata   0x015013    program   0x000000
          .idata_ICMP.o_i    romdata   0x015013    program   0x000000
       .romdata_Helpers.o    romdata   0x015013    program   0x000000
      .romdata_SPIFlash.o    romdata   0x015013    program   0x000000
           .romdata_ARP.o    romdata   0x015013    program   0x000000
         .romdata_c018i.o    romdata   0x015013    program   0x000000
        .romdata_SPIRAM.o    romdata   0x015013    program   0x000000
        .romdata_skipic.o    romdata   0x015013    program   0x000000
      .romdata_StackTsk.o    romdata   0x015013    program   0x000000
          .romdata_Tick.o    romdata   0x015013    program   0x000000
      .idata_StackTsk.o_i    romdata   0x015013    program   0x000000
           .code_Hashes.o       code   0x015014    program   0x000000
            .code_trace.o       code   0x015014    program   0x000000
            .code_c018i.o       code   0x015014    program   0x000000
             .code_MPFS.o       code   0x015014    program   0x000000
           .code_SPIRAM.o       code   0x015014    program   0x000000
            .code_Delay.o       code   0x015014    program   0x000000
            .code_MPFS2.o       code   0x015014    program   0x000000
              .code_net.o       code   0x015014    program   0x000408
         .code_SPIFlash.o       code   0x015014    program   0x000000
           .code_Reboot.o       code   0x015014    program   0x000000
               .code_IP.o       code   0x01541c    program   0x0003fa
      .code_LCDBlocking.o       code   0x015816    program   0x00035a
             .code_post.o       code   0x015b70    program   0x0002e4
             .code_test.o       code   0x015e54    program   0x00025a
         .code_StackTsk.o       code   0x0160ae    program   0x00022c
             .code_UART.o       code   0x0162da    program   0x000214
        .romdata_CRCMOD.o    romdata   0x0164ee    program   0x000200
             .code_Tick.o       code   0x0166ee    program   0x00019a
            .code_m_lcd.o       code   0x016888    program   0x000178
      .code_bit_pattern.o       code   0x016a00    program   0x00016c
             .code_ICMP.o       code   0x016b6c    program   0x000146
                     PROG       code   0x016cb2    program   0x000128
           .code_CRCMOD.o       code   0x016dda    program   0x0000fc
          .code_eventer.o       code   0x016ed6    program   0x0000d0
          .code_sprintf.o       code   0x016fa6    program   0x0000ac
               _cinit_scn       code   0x017052    program   0x00009e
             .code_putc.o       code   0x0170f0    program   0x000084
          .code_fxm3232.o       code   0x017174    program   0x000070
         .code_fxd3232u.o       code   0x0171e4    program   0x000048
         .romdata_m_lcd.o    romdata   0x01722c    program   0x000040
           .romdata_TCP.o    romdata   0x01726c    program   0x000036
         .code_fxd1616u.o       code   0x0172a2    program   0x00002c
                    .code       code   0x0172ce    program   0x00002c
              D1KTCYXCODE       code   0x0172fa    program   0x000020
             _startup_scn       code   0x01731a    program   0x00001c
                    STDIO       code   0x017336    program   0x00001c
              D10TCYXCODE       code   0x017352    program   0x000016
      .romdata_vfprintf.o    romdata   0x017368    program   0x000011
        .idata_skipic.o_i    romdata   0x017379    program   0x000009
    .idata_m_smachine.o_i    romdata   0x017382    program   0x000006
     .idata_m_readers.o_i    romdata   0x017388    program   0x00000a
      .idata_m_logger.o_i    romdata   0x017392    program   0x000008
         .idata_m_bcp.o_i    romdata   0x01739a    program   0x0000f3
    .idata_m_accessor.o_i    romdata   0x01748d    program   0x000004
          .idata_Tick.o_i    romdata   0x017491    program   0x000004
           .idata_TCP.o_i    romdata   0x017495    program   0x000002
            .idata_IP.o_i    romdata   0x017497    program   0x000002
       .idata_Helpers.o_i    romdata   0x017499    program   0x000004
   .idata_BerkeleyAPI.o_i    romdata   0x01749d    program   0x000002
                   .cinit    romdata   0x01fc00    program   0x0000b6
                   STRING       code   0x01fcb6    program   0x00031a
                    CTYPE       code   0x01ffd0    program   0x000024
       .code__user_putc.o       code   0x01fff4    program   0x000002
           .code___init.o       code   0x01fff6    program   0x000002
   .config_1fff8_skipic.o    romdata   0x01fff8    program   0x000001
   .config_1fffa_skipic.o    romdata   0x01fffa    program   0x000001
   .config_1fffd_skipic.o    romdata   0x01fffd    program   0x000001
                 .tmpdata      udata   0x000000       data   0x000020
                MATH_DATA      udata   0x000020       data   0x000014
                DELAYDAT1      udata   0x000034       data   0x000001
             .udata_TCP.o      udata   0x000060       data   0x000051
       SYN_QUEUE_RAM_SECT      udata   0x0000b1       data   0x00003c
       .udata_SPIEEPROM.o      udata   0x0000ed       data   0x000013
                 TCB_uRAM      udata   0x000100       data   0x0000fc
         .udata_Helpers.o      udata   0x0001fc       data   0x000004
          .udata_skipic.o      udata   0x000200       data   0x0000f3
         .udata_eventer.o      udata   0x0002f3       data   0x00000c
              .udata_IP.o      udata   0x0002ff       data   0x000001
           .idata_m_bcp.o      idata   0x000300       data   0x0000f3
        .udata_StackTsk.o      udata   0x0003f3       data   0x00000b
             .idata_UDP.o      idata   0x0003fe       data   0x000002
          .udata_config.o      udata   0x000400       data   0x0000e9
             .udata_ARP.o      udata   0x0004e9       data   0x000014
           .idata_m_lcd.o      idata   0x0004fd       data   0x000003
             .udata_UDP.o      udata   0x000500       data   0x000036
      .udata_m_accessor.o      udata   0x000536       data   0x000033
     .udata_LCDBlocking.o      udata   0x000569       data   0x000021
                 BSD_uRAM      udata   0x00058a       data   0x00001e
      .udata_m_smachine.o      udata   0x0005a8       data   0x00001a
        .udata_m_logger.o      udata   0x0005c2       data   0x000012
           .udata_c018i.o      udata   0x0005d4       data   0x00000a
       .idata_m_readers.o      idata   0x0005de       data   0x00000a
        .udata_ETH97J60.o      udata   0x0005e8       data   0x000009
          .idata_skipic.o      idata   0x0005f1       data   0x000009
            .udata_Tick.o      udata   0x0005fa       data   0x000006
            .idata_test.o      idata   0x000600       data   0x000006
      .idata_m_smachine.o      idata   0x000606       data   0x000006
     .udata_BerkeleyAPI.o      udata   0x00060c       data   0x000004
      .idata_m_accessor.o      idata   0x000610       data   0x000004
            .idata_Tick.o      idata   0x000614       data   0x000004
         .idata_Helpers.o      idata   0x000618       data   0x000004
             .idata_TCP.o      idata   0x00061c       data   0x000002
              .idata_IP.o      idata   0x00061e       data   0x000002
     .idata_BerkeleyAPI.o      idata   0x000620       data   0x000002
             .idata_ARP.o      idata   0x000622       data   0x000001
            .udata_putc.o      udata   0x000623       data   0x000000
            .idata_putc.o      idata   0x000623       data   0x000000
      .udata__user_putc.o      udata   0x000623       data   0x000000
          .idata_config.o      idata   0x000623       data   0x000000
           .udata_m_lcd.o      udata   0x000623       data   0x000000
      .idata__user_putc.o      idata   0x000623       data   0x000000
        .idata_vfprintf.o      idata   0x000623       data   0x000000
        .udata_vfprintf.o      udata   0x000623       data   0x000000
         .idata_sprintf.o      idata   0x000623       data   0x000000
         .udata_sprintf.o      udata   0x000623       data   0x000000
         .idata_eventer.o      idata   0x000623       data   0x000000
           .udata_trace.o      udata   0x000623       data   0x000000
           .idata_trace.o      idata   0x000623       data   0x000000
        .udata_fxd1616u.o      udata   0x000623       data   0x000000
          .idata___init.o      idata   0x000623       data   0x000000
        .idata_fxd1616u.o      idata   0x000623       data   0x000000
        .udata_fxd3232u.o      udata   0x000623       data   0x000000
        .idata_fxd3232u.o      idata   0x000623       data   0x000000
         .udata_fxm3232.o      udata   0x000623       data   0x000000
         .idata_fxm3232.o      idata   0x000623       data   0x000000
          .udata___init.o      udata   0x000623       data   0x000000
        .udata_SPIFlash.o      udata   0x000623       data   0x000000
       .idata_SPIEEPROM.o      idata   0x000623       data   0x000000
          .idata_Reboot.o      idata   0x000623       data   0x000000
          .udata_Reboot.o      udata   0x000623       data   0x000000
           .idata_MPFS2.o      idata   0x000623       data   0x000000
           .udata_MPFS2.o      udata   0x000623       data   0x000000
            .idata_MPFS.o      idata   0x000623       data   0x000000
            .udata_MPFS.o      udata   0x000623       data   0x000000
     .idata_LCDBlocking.o      idata   0x000623       data   0x000000
            .idata_ICMP.o      idata   0x000623       data   0x000000
            .udata_ICMP.o      udata   0x000623       data   0x000000
          .idata_Hashes.o      idata   0x000623       data   0x000000
          .udata_Hashes.o      udata   0x000623       data   0x000000
        .idata_SPIFlash.o      idata   0x000623       data   0x000000
          .udata_SPIRAM.o      udata   0x000623       data   0x000000
          .idata_SPIRAM.o      idata   0x000623       data   0x000000
        .idata_StackTsk.o      idata   0x000623       data   0x000000
            .udata_UART.o      udata   0x000623       data   0x000000
            .idata_UART.o      idata   0x000623       data   0x000000
     .udata_bit_pattern.o      udata   0x000623       data   0x000000
     .idata_bit_pattern.o      idata   0x000623       data   0x000000
        .idata_ETH97J60.o      idata   0x000623       data   0x000000
           .idata_Delay.o      idata   0x000623       data   0x000000
             .idata_net.o      idata   0x000623       data   0x000000
          .udata_CRCMOD.o      udata   0x000623       data   0x000000
           .udata_Delay.o      udata   0x000623       data   0x000000
          .idata_CRCMOD.o      idata   0x000623       data   0x000000
           .idata_c018i.o      idata   0x000623       data   0x000000
            .idata_post.o      idata   0x000623       data   0x000000
           .udata_m_bcp.o      udata   0x000623       data   0x000000
                   .stack      udata   0x000d00       data   0x000100
            .udata_test.o      udata   0x000e00       data   0x000051
             .udata_net.o      udata   0x000e51       data   0x000023
            .udata_post.o      udata   0x000e74       data   0x00000c
              SFR_BANKED0      udata   0x000e80       data   0x000006
              SFR_BANKED1      udata   0x000e8a       data   0x000001
              SFR_BANKED2      udata   0x000e97       data   0x000003
              SFR_BANKED3      udata   0x000ea0       data   0x000001
              SFR_BANKED4      udata   0x000ea2       data   0x000003
              SFR_BANKED5      udata   0x000ea6       data   0x000002
              SFR_BANKED6      udata   0x000eaa       data   0x000002
              SFR_BANKED7      udata   0x000eb2       data   0x000001
              SFR_BANKED8      udata   0x000eb4       data   0x000001
              SFR_BANKED9      udata   0x000eb6       data   0x000004
             SFR_BANKED10      udata   0x000ec0       data   0x000012
             SFR_BANKED11      udata   0x000ed4       data   0x000002
             SFR_BANKED12      udata   0x000ed8       data   0x000002
             SFR_BANKED13      udata   0x000ee2       data   0x000016
             SFR_BANKED14      udata   0x000efb       data   0x000001
             SFR_BANKED15      udata   0x000efd       data   0x000002
       .udata_m_readers.o      udata   0x000f00       data   0x000058
        .idata_m_logger.o      idata   0x000f58       data   0x000008
            SFR_UNBANKED0      udata   0x000f60       data   0x0000a0



                              Program Memory Usage 
                               Start         End      
                           ---------   ---------      
                            0x000000    0x015012      
                            0x015014    0x01749e      
                            0x01fc00    0x01fff8      
                            0x01fffa    0x01fffa      
                            0x01fffd    0x01fffd      
            96409 out of 122816 program addresses used, program memory utilization is 78%



                              Symbols - Sorted by Name
                     Name    Address   Location    Storage File                     
                ---------  ---------  ---------  --------- ---------                
                  ARPInit   0x013c7c    program     extern D:\Work\datakrat\PIC-MAXI-WEB\PIC-MAXI-WEB_5_31\Microchip\TCPIP Stack\ARP.c
            ARPIsResolved   0x013f46    program     extern D:\Work\datakrat\PIC-MAXI-WEB\PIC-MAXI-WEB_5_31\Microchip\TCPIP Stack\ARP.c
               ARPProcess   0x013c94    program     extern D:\Work\datakrat\PIC-MAXI-WEB\PIC-MAXI-WEB_5_31\Microchip\TCPIP Stack\ARP.c
                   ARPPut   0x013b22    program     static D:\Work\datakrat\PIC-MAXI-WEB\PIC-MAXI-WEB_5_31\Microchip\TCPIP Stack\ARP.c
               ARPResolve   0x013e6c    program     extern D:\Work\datakrat\PIC-MAXI-WEB\PIC-MAXI-WEB_5_31\Microchip\TCPIP Stack\ARP.c
       BerkeleySocketInit   0x0092d4    program     extern D:\Work\datakrat\PIC-MAXI-WEB\PIC-MAXI-WEB_5_31\Microchip\TCPIP Stack\BerkeleyAPI.c
                BusyUSART   0x0163ac    program     extern D:\Work\datakrat\PIC-MAXI-WEB\PIC-MAXI-WEB_5_31\Microchip\TCPIP Stack\UART.c
             ByteToBuffer   0x013a84    program     extern D:\Work\datakrat\PIC-MAXI-WEB\PIC-MAXI-WEB_5_31\Microchip\TCPIP Stack\SPIEEPROM.c
             CRC16_MODBUS   0x016dda    program     extern D:\Work\datakrat\PIC-MAXI-WEB\PIC-MAXI-WEB_5_31\SkiPIC\CRCMOD.c
     CalcIPBufferChecksum   0x00fc3a    program     extern D:\Work\datakrat\PIC-MAXI-WEB\PIC-MAXI-WEB_5_31\Microchip\TCPIP Stack\ETH97J60.c
           CalcIPChecksum   0x00d41e    program     extern D:\Work\datakrat\PIC-MAXI-WEB\PIC-MAXI-WEB_5_31\Microchip\TCPIP Stack\Helpers.c
              CloseSocket   0x003ed2    program     static D:\Work\datakrat\PIC-MAXI-WEB\PIC-MAXI-WEB_5_31\Microchip\TCPIP Stack\TCP.c
               CloseUSART   0x0163ba    program     extern D:\Work\datakrat\PIC-MAXI-WEB\PIC-MAXI-WEB_5_31\Microchip\TCPIP Stack\UART.c
               CyclicFill   0x00b290    program     static D:\Work\datakrat\PIC-MAXI-WEB\PIC-MAXI-WEB_5_31\SkiPIC\m_logger.c
                    D10_1   0x017362    program     static C:\MCC18\src\traditional\delays\d10tcyx.asm
                     D10x   0x01735a    program     static C:\MCC18\src\traditional\delays\d10tcyx.asm
                    D1K_1   0x017306    program     static C:\MCC18\src\traditional\delays\d1ktcyx.asm
                     D1Kx   0x017304    program     static C:\MCC18\src\traditional\delays\d1ktcyx.asm
             DataRdyUSART   0x0163c6    program     extern D:\Work\datakrat\PIC-MAXI-WEB\PIC-MAXI-WEB_5_31\Microchip\TCPIP Stack\UART.c
              Delay10TCYx   0x017352    program     extern C:\MCC18\src\traditional\delays\d10tcyx.asm
              Delay1KTCYx   0x0172fa    program     extern C:\MCC18\src\traditional\delays\d1ktcyx.asm
              EraseSector   0x01384c    program     extern D:\Work\datakrat\PIC-MAXI-WEB\PIC-MAXI-WEB_5_31\Microchip\TCPIP Stack\SPIEEPROM.c
                 FXD1616U   0x0172a2    program     extern C:\MCC18\src\traditional\math\fxd1616u.c
                 FXD3232U   0x0171e4    program     extern C:\MCC18\src\traditional\math\fxd3232u.c
                 FXM1616S   0x016d80    program     extern C:\MCC18\src\traditional\math\fxm1616s.asm
                 FXM1616U   0x016cb2    program     extern C:\MCC18\src\traditional\math\fxm1616u.asm
                 FXM2424U   0x016cee    program     extern C:\MCC18\src\traditional\math\fxm2424u.asm
                  FXM3232   0x017174    program     extern C:\MCC18\src\traditional\math\fxm3232.c
       FindMatchingSocket   0x00e426    program     static D:\Work\datakrat\PIC-MAXI-WEB\PIC-MAXI-WEB_5_31\Microchip\TCPIP Stack\UDP.c
       FindMatchingSocket   0x003684    program     static D:\Work\datakrat\PIC-MAXI-WEB\PIC-MAXI-WEB_5_31\Microchip\TCPIP Stack\TCP.c
        FormatNetBIOSName   0x00d608    program     extern D:\Work\datakrat\PIC-MAXI-WEB\PIC-MAXI-WEB_5_31\Microchip\TCPIP Stack\Helpers.c
      GenerateRandomDWORD   0x00c8bc    program     extern D:\Work\datakrat\PIC-MAXI-WEB\PIC-MAXI-WEB_5_31\Microchip\TCPIP Stack\Helpers.c
      GetMaxSegSizeOption   0x003f5c    program     static D:\Work\datakrat\PIC-MAXI-WEB\PIC-MAXI-WEB_5_31\Microchip\TCPIP Stack\TCP.c
              GetTickCopy   0x0166fe    program     static D:\Work\datakrat\PIC-MAXI-WEB\PIC-MAXI-WEB_5_31\Microchip\TCPIP Stack\Tick.c
HandlePossibleTCPDisconnection   0x00ada8    program     static D:\Work\datakrat\PIC-MAXI-WEB\PIC-MAXI-WEB_5_31\Microchip\TCPIP Stack\BerkeleyAPI.c
             HandleTCPSeg   0x0040cc    program     static D:\Work\datakrat\PIC-MAXI-WEB\PIC-MAXI-WEB_5_31\Microchip\TCPIP Stack\TCP.c
                  HighISR   0x01473e    program     extern D:\Work\datakrat\PIC-MAXI-WEB\PIC-MAXI-WEB_5_31\SkiPIC\skipic.c
               HighVector   0x000008    program     extern D:\Work\datakrat\PIC-MAXI-WEB\PIC-MAXI-WEB_5_31\SkiPIC\skipic.c
              ICMPProcess   0x016b6c    program     extern D:\Work\datakrat\PIC-MAXI-WEB\PIC-MAXI-WEB_5_31\Microchip\TCPIP Stack\ICMP.c
              IPGetHeader   0x01541c    program     extern D:\Work\datakrat\PIC-MAXI-WEB\PIC-MAXI-WEB_5_31\Microchip\TCPIP Stack\IP.c
              IPPutHeader   0x015590    program     extern D:\Work\datakrat\PIC-MAXI-WEB\PIC-MAXI-WEB_5_31\Microchip\TCPIP Stack\IP.c
            IPSetRxBuffer   0x0156f4    program     extern D:\Work\datakrat\PIC-MAXI-WEB\PIC-MAXI-WEB_5_31\Microchip\TCPIP Stack\IP.c
          InitializeBoard   0x014b44    program     static D:\Work\datakrat\PIC-MAXI-WEB\PIC-MAXI-WEB_5_31\SkiPIC\skipic.c
                 LCDErase   0x015b00    program     extern D:\Work\datakrat\PIC-MAXI-WEB\PIC-MAXI-WEB_5_31\Microchip\TCPIP Stack\LCDBlocking.c
                  LCDInit   0x01585a    program     extern D:\Work\datakrat\PIC-MAXI-WEB\PIC-MAXI-WEB_5_31\Microchip\TCPIP Stack\LCDBlocking.c
                  LCDTest   0x016888    program     extern D:\Work\datakrat\PIC-MAXI-WEB\PIC-MAXI-WEB_5_31\SkiPIC\m_lcd.c
                LCDUpdate   0x0159b0    program     extern D:\Work\datakrat\PIC-MAXI-WEB\PIC-MAXI-WEB_5_31\Microchip\TCPIP Stack\LCDBlocking.c
                 LCDWrite   0x015816    program     static D:\Work\datakrat\PIC-MAXI-WEB\PIC-MAXI-WEB_5_31\Microchip\TCPIP Stack\LCDBlocking.c
               LCD_decode   0x016964    program     extern D:\Work\datakrat\PIC-MAXI-WEB\PIC-MAXI-WEB_5_31\SkiPIC\m_lcd.c
                 LCD_init   0x016954    program     extern D:\Work\datakrat\PIC-MAXI-WEB\PIC-MAXI-WEB_5_31\SkiPIC\m_lcd.c
                 LFSRRand   0x00c828    program     extern D:\Work\datakrat\PIC-MAXI-WEB\PIC-MAXI-WEB_5_31\Microchip\TCPIP Stack\Helpers.c
             LFSRSeedRand   0x00c770    program     extern D:\Work\datakrat\PIC-MAXI-WEB\PIC-MAXI-WEB_5_31\Microchip\TCPIP Stack\Helpers.c
                   LowISR   0x014684    program     extern D:\Work\datakrat\PIC-MAXI-WEB\PIC-MAXI-WEB_5_31\SkiPIC\skipic.c
                LowVector   0x000018    program     extern D:\Work\datakrat\PIC-MAXI-WEB\PIC-MAXI-WEB_5_31\SkiPIC\skipic.c
        MACCalcRxChecksum   0x00fb78    program     extern D:\Work\datakrat\PIC-MAXI-WEB\PIC-MAXI-WEB_5_31\Microchip\TCPIP Stack\ETH97J60.c
             MACDiscardRx   0x00f61c    program     extern D:\Work\datakrat\PIC-MAXI-WEB\PIC-MAXI-WEB_5_31\Microchip\TCPIP Stack\ETH97J60.c
                 MACFlush   0x00fa10    program     extern D:\Work\datakrat\PIC-MAXI-WEB\PIC-MAXI-WEB_5_31\Microchip\TCPIP Stack\ETH97J60.c
                   MACGet   0x0100bc    program     extern D:\Work\datakrat\PIC-MAXI-WEB\PIC-MAXI-WEB_5_31\Microchip\TCPIP Stack\ETH97J60.c
              MACGetArray   0x0100c2    program     extern D:\Work\datakrat\PIC-MAXI-WEB\PIC-MAXI-WEB_5_31\Microchip\TCPIP Stack\ETH97J60.c
         MACGetFreeRxSize   0x00f6ac    program     extern D:\Work\datakrat\PIC-MAXI-WEB\PIC-MAXI-WEB_5_31\Microchip\TCPIP Stack\ETH97J60.c
             MACGetHeader   0x00f7a4    program     extern D:\Work\datakrat\PIC-MAXI-WEB\PIC-MAXI-WEB_5_31\Microchip\TCPIP Stack\ETH97J60.c
                  MACInit   0x00f4b2    program     extern D:\Work\datakrat\PIC-MAXI-WEB\PIC-MAXI-WEB_5_31\Microchip\TCPIP Stack\ETH97J60.c
              MACIsLinked   0x00f5c2    program     extern D:\Work\datakrat\PIC-MAXI-WEB\PIC-MAXI-WEB_5_31\Microchip\TCPIP Stack\ETH97J60.c
         MACIsMemCopyDone   0x0100ae    program     extern D:\Work\datakrat\PIC-MAXI-WEB\PIC-MAXI-WEB_5_31\Microchip\TCPIP Stack\ETH97J60.c
             MACIsTxReady   0x00f5e2    program     extern D:\Work\datakrat\PIC-MAXI-WEB\PIC-MAXI-WEB_5_31\Microchip\TCPIP Stack\ETH97J60.c
          MACMemCopyAsync   0x00fe3e    program     extern D:\Work\datakrat\PIC-MAXI-WEB\PIC-MAXI-WEB_5_31\Microchip\TCPIP Stack\ETH97J60.c
             MACPowerDown   0x0102b4    program     extern D:\Work\datakrat\PIC-MAXI-WEB\PIC-MAXI-WEB_5_31\Microchip\TCPIP Stack\ETH97J60.c
               MACPowerUp   0x0102c6    program     extern D:\Work\datakrat\PIC-MAXI-WEB\PIC-MAXI-WEB_5_31\Microchip\TCPIP Stack\ETH97J60.c
                   MACPut   0x010162    program     extern D:\Work\datakrat\PIC-MAXI-WEB\PIC-MAXI-WEB_5_31\Microchip\TCPIP Stack\ETH97J60.c
              MACPutArray   0x01017c    program     extern D:\Work\datakrat\PIC-MAXI-WEB\PIC-MAXI-WEB_5_31\Microchip\TCPIP Stack\ETH97J60.c
             MACPutHeader   0x00f988    program     extern D:\Work\datakrat\PIC-MAXI-WEB\PIC-MAXI-WEB_5_31\Microchip\TCPIP Stack\ETH97J60.c
           MACPutROMArray   0x0101c0    program     extern D:\Work\datakrat\PIC-MAXI-WEB\PIC-MAXI-WEB_5_31\Microchip\TCPIP Stack\ETH97J60.c
            MACSetReadPtr   0x00fb32    program     extern D:\Work\datakrat\PIC-MAXI-WEB\PIC-MAXI-WEB_5_31\Microchip\TCPIP Stack\ETH97J60.c
        MACSetReadPtrInRx   0x00fa6c    program     extern D:\Work\datakrat\PIC-MAXI-WEB\PIC-MAXI-WEB_5_31\Microchip\TCPIP Stack\ETH97J60.c
           MACSetWritePtr   0x00faec    program     extern D:\Work\datakrat\PIC-MAXI-WEB\PIC-MAXI-WEB_5_31\Microchip\TCPIP Stack\ETH97J60.c
                  OneByte   0x014672    program     static C:\MCC18\src\traditional\stdclib\ltobcd.asm
                  OneByte   0x0144f8    program     static C:\MCC18\src\traditional\stdclib\itobcd.asm
                ProcLower   0x0144ac    program     static C:\MCC18\src\traditional\stdclib\itoa.asm
                ProcLower   0x01460a    program     static C:\MCC18\src\traditional\stdclib\ultoa.asm
                ProcUpper   0x0144a2    program     static C:\MCC18\src\traditional\stdclib\itoa.asm
                ProcUpper   0x014600    program     static C:\MCC18\src\traditional\stdclib\ultoa.asm
     ROMStringToIPAddress   0x00cd38    program     extern D:\Work\datakrat\PIC-MAXI-WEB\PIC-MAXI-WEB_5_31\Microchip\TCPIP Stack\Helpers.c
 ReadBufferFromMainMemory   0x0139dc    program     extern D:\Work\datakrat\PIC-MAXI-WEB\PIC-MAXI-WEB_5_31\Microchip\TCPIP Stack\SPIEEPROM.c
               ReadPHYReg   0x010216    program     extern D:\Work\datakrat\PIC-MAXI-WEB\PIC-MAXI-WEB_5_31\Microchip\TCPIP Stack\ETH97J60.c
           ReadStringUART   0x0162da    program     extern D:\Work\datakrat\PIC-MAXI-WEB\PIC-MAXI-WEB_5_31\Microchip\TCPIP Stack\UART.c
                ReadUSART   0x0163da    program     extern D:\Work\datakrat\PIC-MAXI-WEB\PIC-MAXI-WEB_5_31\Microchip\TCPIP Stack\UART.c
              SPITransfer   0x01341c    program     extern D:\Work\datakrat\PIC-MAXI-WEB\PIC-MAXI-WEB_5_31\Microchip\TCPIP Stack\SPIEEPROM.c
                  SendTCP   0x002eb2    program     static D:\Work\datakrat\PIC-MAXI-WEB\PIC-MAXI-WEB_5_31\Microchip\TCPIP Stack\TCP.c
     SerializedMACAddress   0x01500d    program     static D:\Work\datakrat\PIC-MAXI-WEB\PIC-MAXI-WEB_5_31\SkiPIC\config.c
                ServiceIt   0x011ef4    program     extern D:\Work\datakrat\PIC-MAXI-WEB\PIC-MAXI-WEB_5_31\SkiPIC\m_accessor.c
        StackApplications   0x0162d8    program     extern D:\Work\datakrat\PIC-MAXI-WEB\PIC-MAXI-WEB_5_31\Microchip\TCPIP Stack\StackTsk.c
                StackInit   0x0160ae    program     extern D:\Work\datakrat\PIC-MAXI-WEB\PIC-MAXI-WEB_5_31\Microchip\TCPIP Stack\StackTsk.c
                StackTask   0x0160f6    program     extern D:\Work\datakrat\PIC-MAXI-WEB\PIC-MAXI-WEB_5_31\Microchip\TCPIP Stack\StackTsk.c
        StringToIPAddress   0x00cae4    program     extern D:\Work\datakrat\PIC-MAXI-WEB\PIC-MAXI-WEB_5_31\Microchip\TCPIP Stack\Helpers.c
            SwapARPPacket   0x01400c    program     extern D:\Work\datakrat\PIC-MAXI-WEB\PIC-MAXI-WEB_5_31\Microchip\TCPIP Stack\ARP.c
             SwapIPHeader   0x01572e    program     static D:\Work\datakrat\PIC-MAXI-WEB\PIC-MAXI-WEB_5_31\Microchip\TCPIP Stack\IP.c
            SwapTCPHeader   0x003ca2    program     static D:\Work\datakrat\PIC-MAXI-WEB\PIC-MAXI-WEB_5_31\Microchip\TCPIP Stack\TCP.c
                  SyncTCB   0x0000bc    program     static D:\Work\datakrat\PIC-MAXI-WEB\PIC-MAXI-WEB_5_31\Microchip\TCPIP Stack\TCP.c
              SyncTCBStub   0x00001e    program     static D:\Work\datakrat\PIC-MAXI-WEB\PIC-MAXI-WEB_5_31\Microchip\TCPIP Stack\TCP.c
        TCPAdjustFIFOSize   0x0054c8    program     extern D:\Work\datakrat\PIC-MAXI-WEB\PIC-MAXI-WEB_5_31\Microchip\TCPIP Stack\TCP.c
                 TCPClose   0x00076c    program     extern D:\Work\datakrat\PIC-MAXI-WEB\PIC-MAXI-WEB_5_31\Microchip\TCPIP Stack\TCP.c
               TCPDiscard   0x001028    program     extern D:\Work\datakrat\PIC-MAXI-WEB\PIC-MAXI-WEB_5_31\Microchip\TCPIP Stack\TCP.c
            TCPDisconnect   0x0006a0    program     extern D:\Work\datakrat\PIC-MAXI-WEB\PIC-MAXI-WEB_5_31\Microchip\TCPIP Stack\TCP.c
           TCPFindArrayEx   0x001714    program     extern D:\Work\datakrat\PIC-MAXI-WEB\PIC-MAXI-WEB_5_31\Microchip\TCPIP Stack\TCP.c
                TCPFindEx   0x0023ac    program     extern D:\Work\datakrat\PIC-MAXI-WEB\PIC-MAXI-WEB_5_31\Microchip\TCPIP Stack\TCP.c
        TCPFindROMArrayEx   0x001d30    program     extern D:\Work\datakrat\PIC-MAXI-WEB\PIC-MAXI-WEB_5_31\Microchip\TCPIP Stack\TCP.c
                 TCPFlush   0x0007ec    program     extern D:\Work\datakrat\PIC-MAXI-WEB\PIC-MAXI-WEB_5_31\Microchip\TCPIP Stack\TCP.c
                   TCPGet   0x0010ea    program     extern D:\Work\datakrat\PIC-MAXI-WEB\PIC-MAXI-WEB_5_31\Microchip\TCPIP Stack\TCP.c
              TCPGetArray   0x0011da    program     extern D:\Work\datakrat\PIC-MAXI-WEB\PIC-MAXI-WEB_5_31\Microchip\TCPIP Stack\TCP.c
         TCPGetRemoteInfo   0x000794    program     extern D:\Work\datakrat\PIC-MAXI-WEB\PIC-MAXI-WEB_5_31\Microchip\TCPIP Stack\TCP.c
         TCPGetRxFIFOFree   0x001426    program     extern D:\Work\datakrat\PIC-MAXI-WEB\PIC-MAXI-WEB_5_31\Microchip\TCPIP Stack\TCP.c
         TCPGetTxFIFOFull   0x000fa8    program     extern D:\Work\datakrat\PIC-MAXI-WEB\PIC-MAXI-WEB_5_31\Microchip\TCPIP Stack\TCP.c
                  TCPInit   0x000174    program     extern D:\Work\datakrat\PIC-MAXI-WEB\PIC-MAXI-WEB_5_31\Microchip\TCPIP Stack\TCP.c
           TCPIsConnected   0x000676    program     extern D:\Work\datakrat\PIC-MAXI-WEB\PIC-MAXI-WEB_5_31\Microchip\TCPIP Stack\TCP.c
            TCPIsGetReady   0x001074    program     extern D:\Work\datakrat\PIC-MAXI-WEB\PIC-MAXI-WEB_5_31\Microchip\TCPIP Stack\TCP.c
            TCPIsPutReady   0x000826    program     extern D:\Work\datakrat\PIC-MAXI-WEB\PIC-MAXI-WEB_5_31\Microchip\TCPIP Stack\TCP.c
                  TCPOpen   0x00047e    program     extern D:\Work\datakrat\PIC-MAXI-WEB\PIC-MAXI-WEB_5_31\Microchip\TCPIP Stack\TCP.c
                  TCPPeek   0x0016d2    program     extern D:\Work\datakrat\PIC-MAXI-WEB\PIC-MAXI-WEB_5_31\Microchip\TCPIP Stack\TCP.c
             TCPPeekArray   0x0014a0    program     extern D:\Work\datakrat\PIC-MAXI-WEB\PIC-MAXI-WEB_5_31\Microchip\TCPIP Stack\TCP.c
               TCPProcess   0x002ca4    program     extern D:\Work\datakrat\PIC-MAXI-WEB\PIC-MAXI-WEB_5_31\Microchip\TCPIP Stack\TCP.c
                   TCPPut   0x0008ba    program     extern D:\Work\datakrat\PIC-MAXI-WEB\PIC-MAXI-WEB_5_31\Microchip\TCPIP Stack\TCP.c
              TCPPutArray   0x0009f8    program     extern D:\Work\datakrat\PIC-MAXI-WEB\PIC-MAXI-WEB_5_31\Microchip\TCPIP Stack\TCP.c
           TCPPutROMArray   0x000c3e    program     extern D:\Work\datakrat\PIC-MAXI-WEB\PIC-MAXI-WEB_5_31\Microchip\TCPIP Stack\TCP.c
          TCPPutROMString   0x000f14    program     extern D:\Work\datakrat\PIC-MAXI-WEB\PIC-MAXI-WEB_5_31\Microchip\TCPIP Stack\TCP.c
             TCPPutString   0x000e8e    program     extern D:\Work\datakrat\PIC-MAXI-WEB\PIC-MAXI-WEB_5_31\Microchip\TCPIP Stack\TCP.c
               TCPRAMCopy   0x0057f2    program     static D:\Work\datakrat\PIC-MAXI-WEB\PIC-MAXI-WEB_5_31\Microchip\TCPIP Stack\TCP.c
            TCPRAMCopyROM   0x00593c    program     static D:\Work\datakrat\PIC-MAXI-WEB\PIC-MAXI-WEB_5_31\Microchip\TCPIP Stack\TCP.c
     TCPSocketInitializer   0x01726c    program     extern D:\Work\datakrat\PIC-MAXI-WEB\PIC-MAXI-WEB_5_31\SkiPIC\Alternative Configurations\TCPIPConfig ENC28J60 ETH97J60.h
                  TCPTick   0x002400    program     extern D:\Work\datakrat\PIC-MAXI-WEB\PIC-MAXI-WEB_5_31\Microchip\TCPIP Stack\TCP.c
              TCPWasReset   0x00064c    program     extern D:\Work\datakrat\PIC-MAXI-WEB\PIC-MAXI-WEB_5_31\Microchip\TCPIP Stack\TCP.c
               TSIGN1616A   0x016dcc    program     static C:\MCC18\src\traditional\math\fxm1616s.asm
TickConvertToMilliseconds   0x016830    program     extern D:\Work\datakrat\PIC-MAXI-WEB\PIC-MAXI-WEB_5_31\Microchip\TCPIP Stack\Tick.c
                  TickGet   0x016724    program     extern D:\Work\datakrat\PIC-MAXI-WEB\PIC-MAXI-WEB_5_31\Microchip\TCPIP Stack\Tick.c
            TickGetDiv256   0x01673a    program     extern D:\Work\datakrat\PIC-MAXI-WEB\PIC-MAXI-WEB_5_31\Microchip\TCPIP Stack\Tick.c
            TickGetDiv64K   0x016788    program     extern D:\Work\datakrat\PIC-MAXI-WEB\PIC-MAXI-WEB_5_31\Microchip\TCPIP Stack\Tick.c
         TickGetFullScale   0x0167d6    program     extern D:\Work\datakrat\PIC-MAXI-WEB\PIC-MAXI-WEB_5_31\Microchip\TCPIP Stack\Tick.c
                 TickInit   0x0166ee    program     extern D:\Work\datakrat\PIC-MAXI-WEB\PIC-MAXI-WEB_5_31\Microchip\TCPIP Stack\Tick.c
               TickUpdate   0x016874    program     extern D:\Work\datakrat\PIC-MAXI-WEB\PIC-MAXI-WEB_5_31\Microchip\TCPIP Stack\Tick.c
                 TstLower   0x014496    program     static C:\MCC18\src\traditional\stdclib\itoa.asm
                 TstLower   0x0145f4    program     static C:\MCC18\src\traditional\stdclib\ultoa.asm
                 TstUpper   0x0145ee    program     static C:\MCC18\src\traditional\stdclib\ultoa.asm
                 TstUpper   0x014490    program     static C:\MCC18\src\traditional\stdclib\itoa.asm
                 UDPClose   0x00d8ea    program     extern D:\Work\datakrat\PIC-MAXI-WEB\PIC-MAXI-WEB_5_31\Microchip\TCPIP Stack\UDP.c
               UDPDiscard   0x00e1dc    program     extern D:\Work\datakrat\PIC-MAXI-WEB\PIC-MAXI-WEB_5_31\Microchip\TCPIP Stack\UDP.c
                 UDPFlush   0x00ddc6    program     extern D:\Work\datakrat\PIC-MAXI-WEB\PIC-MAXI-WEB_5_31\Microchip\TCPIP Stack\UDP.c
                   UDPGet   0x00e0b2    program     extern D:\Work\datakrat\PIC-MAXI-WEB\PIC-MAXI-WEB_5_31\Microchip\TCPIP Stack\UDP.c
              UDPGetArray   0x00e0fe    program     extern D:\Work\datakrat\PIC-MAXI-WEB\PIC-MAXI-WEB_5_31\Microchip\TCPIP Stack\UDP.c
                  UDPInit   0x00d712    program     extern D:\Work\datakrat\PIC-MAXI-WEB\PIC-MAXI-WEB_5_31\Microchip\TCPIP Stack\UDP.c
            UDPIsGetReady   0x00e062    program     extern D:\Work\datakrat\PIC-MAXI-WEB\PIC-MAXI-WEB_5_31\Microchip\TCPIP Stack\UDP.c
            UDPIsPutReady   0x00d9fe    program     extern D:\Work\datakrat\PIC-MAXI-WEB\PIC-MAXI-WEB_5_31\Microchip\TCPIP Stack\UDP.c
                  UDPOpen   0x00d744    program     extern D:\Work\datakrat\PIC-MAXI-WEB\PIC-MAXI-WEB_5_31\Microchip\TCPIP Stack\UDP.c
               UDPProcess   0x00e1f6    program     extern D:\Work\datakrat\PIC-MAXI-WEB\PIC-MAXI-WEB_5_31\Microchip\TCPIP Stack\UDP.c
                   UDPPut   0x00da7e    program     extern D:\Work\datakrat\PIC-MAXI-WEB\PIC-MAXI-WEB_5_31\Microchip\TCPIP Stack\UDP.c
              UDPPutArray   0x00dada    program     extern D:\Work\datakrat\PIC-MAXI-WEB\PIC-MAXI-WEB_5_31\Microchip\TCPIP Stack\UDP.c
           UDPPutROMArray   0x00dbc6    program     extern D:\Work\datakrat\PIC-MAXI-WEB\PIC-MAXI-WEB_5_31\Microchip\TCPIP Stack\UDP.c
          UDPPutROMString   0x00dd38    program     extern D:\Work\datakrat\PIC-MAXI-WEB\PIC-MAXI-WEB_5_31\Microchip\TCPIP Stack\UDP.c
             UDPPutString   0x00dcb8    program     extern D:\Work\datakrat\PIC-MAXI-WEB\PIC-MAXI-WEB_5_31\Microchip\TCPIP Stack\UDP.c
           UDPSetRxBuffer   0x00d9ba    program     extern D:\Work\datakrat\PIC-MAXI-WEB\PIC-MAXI-WEB_5_31\Microchip\TCPIP Stack\UDP.c
           UDPSetTxBuffer   0x00d94c    program     extern D:\Work\datakrat\PIC-MAXI-WEB\PIC-MAXI-WEB_5_31\Microchip\TCPIP Stack\UDP.c
                  UDPTask   0x00d73e    program     extern D:\Work\datakrat\PIC-MAXI-WEB\PIC-MAXI-WEB_5_31\Microchip\TCPIP Stack\UDP.c
  WriteBufferToMainMemory   0x013934    program     extern D:\Work\datakrat\PIC-MAXI-WEB\PIC-MAXI-WEB_5_31\Microchip\TCPIP Stack\SPIEEPROM.c
              WritePHYReg   0x010270    program     extern D:\Work\datakrat\PIC-MAXI-WEB\PIC-MAXI-WEB_5_31\Microchip\TCPIP Stack\ETH97J60.c
               WriteUSART   0x0163e0    program     extern D:\Work\datakrat\PIC-MAXI-WEB\PIC-MAXI-WEB_5_31\Microchip\TCPIP Stack\UART.c
             XEEBeginRead   0x013454    program     extern D:\Work\datakrat\PIC-MAXI-WEB\PIC-MAXI-WEB_5_31\Microchip\TCPIP Stack\SPIEEPROM.c
            XEEBeginWrite   0x013620    program     extern D:\Work\datakrat\PIC-MAXI-WEB\PIC-MAXI-WEB_5_31\Microchip\TCPIP Stack\SPIEEPROM.c
               XEEEndRead   0x0134e8    program     extern D:\Work\datakrat\PIC-MAXI-WEB\PIC-MAXI-WEB_5_31\Microchip\TCPIP Stack\SPIEEPROM.c
              XEEEndWrite   0x013782    program     extern D:\Work\datakrat\PIC-MAXI-WEB\PIC-MAXI-WEB_5_31\Microchip\TCPIP Stack\SPIEEPROM.c
                  XEEInit   0x013438    program     extern D:\Work\datakrat\PIC-MAXI-WEB\PIC-MAXI-WEB_5_31\Microchip\TCPIP Stack\SPIEEPROM.c
                XEEIsBusy   0x013808    program     extern D:\Work\datakrat\PIC-MAXI-WEB\PIC-MAXI-WEB_5_31\Microchip\TCPIP Stack\SPIEEPROM.c
                  XEERead   0x01348a    program     extern D:\Work\datakrat\PIC-MAXI-WEB\PIC-MAXI-WEB_5_31\Microchip\TCPIP Stack\SPIEEPROM.c
             XEEReadArray   0x0134ee    program     extern D:\Work\datakrat\PIC-MAXI-WEB\PIC-MAXI-WEB_5_31\Microchip\TCPIP Stack\SPIEEPROM.c
              XEEReadNext   0x00b16a    program     static D:\Work\datakrat\PIC-MAXI-WEB\PIC-MAXI-WEB_5_31\SkiPIC\m_logger.c
                 XEEWrite   0x01365a    program     extern D:\Work\datakrat\PIC-MAXI-WEB\PIC-MAXI-WEB_5_31\Microchip\TCPIP Stack\SPIEEPROM.c
            XEEWriteArray   0x01373c    program     extern D:\Work\datakrat\PIC-MAXI-WEB\PIC-MAXI-WEB_5_31\Microchip\TCPIP Stack\SPIEEPROM.c
             XEEWriteNext   0x00b1fa    program     static D:\Work\datakrat\PIC-MAXI-WEB\PIC-MAXI-WEB_5_31\SkiPIC\m_logger.c
                  _14jEnd   0x01439e    program     static C:\MCC18\src\traditional\stdclib\atol.asm
              _2jContinue   0x01fd72    program     static C:\MCC18\src\traditional\stdclib\memset.asm
                   _2jEnd   0x01fe92    program     static C:\MCC18\src\traditional\stdclib\slenpgm.asm
              _3jContinue   0x01fd3e    program     static C:\MCC18\src\traditional\stdclib\mcpyp2r.asm
              _3jContinue   0x01ff8c    program     static C:\MCC18\src\traditional\stdclib\sncpyp2r.asm
                   _3jEnd   0x01fd7c    program     static C:\MCC18\src\traditional\stdclib\memset.asm
              _4jContinue   0x01fcea    program     static C:\MCC18\src\traditional\stdclib\memcpy.asm
              _4jContinue   0x01fed4    program     static C:\MCC18\src\traditional\stdclib\strncmp.asm
              _4jContinue   0x01ff32    program     static C:\MCC18\src\traditional\stdclib\strncpy.asm
                   _4jEnd   0x01fd48    program     static C:\MCC18\src\traditional\stdclib\mcpyp2r.asm
                   _4jEnd   0x01ff96    program     static C:\MCC18\src\traditional\stdclib\sncpyp2r.asm
                   _5jEnd   0x01fcf4    program     static C:\MCC18\src\traditional\stdclib\memcpy.asm
                   _5jEnd   0x01ff3c    program     static C:\MCC18\src\traditional\stdclib\strncpy.asm
                   _5jEnd   0x01fede    program     static C:\MCC18\src\traditional\stdclib\strncmp.asm
        _D10TCYXCODE_000A   0x01735c    program     static C:\MCC18\src\traditional\delays\d10tcyx.asm
        _D10TCYXCODE_000C   0x01735e    program     static C:\MCC18\src\traditional\delays\d10tcyx.asm
        _D10TCYXCODE_000E   0x017360    program     static C:\MCC18\src\traditional\delays\d10tcyx.asm
        _D1KTCYXCODE_0010   0x01730a    program     static C:\MCC18\src\traditional\delays\d1ktcyx.asm
        _D1KTCYXCODE_0016   0x017310    program     static C:\MCC18\src\traditional\delays\d1ktcyx.asm
              _LCD_cp1251   0x0168f6    program     static D:\Work\datakrat\PIC-MAXI-WEB\PIC-MAXI-WEB_5_31\SkiPIC\m_lcd.c
       ___case_0_lbl00153   0x00757a    program     static                          
       ___case_0_lbl00240   0x0089e4    program     static                          
       ___case_1_lbl00200   0x00785e    program     static                          
       ___case_1_lbl00210   0x007bb4    program     static                          
       ___case_2_lbl00206   0x007a8e    program     static                          
       ___case_2_lbl00219   0x00806e    program     static                          
       ___case_3_lbl00228   0x00852e    program     static                          
       ___case_4_lbl00248   0x008cba    program     static                          
      ___default_lbl00249   0x009006    program     static                          
           ___do_lbl00002   0x01671c    program     static                          
           ___do_lbl00002   0x0158c6    program     static                          
           ___do_lbl00003   0x016720    program     static                          
           ___do_lbl00003   0x0158c6    program     static                          
           ___do_lbl00004   0x0166fe    program     static                          
           ___do_lbl00006   0x015894    program     static                          
           ___do_lbl00009   0x015918    program     static                          
           ___do_lbl00010   0x015918    program     static                          
           ___do_lbl00013   0x0158e6    program     static                          
           ___do_lbl00015   0x01599c    program     static                          
           ___do_lbl00016   0x01599c    program     static                          
           ___do_lbl00019   0x01596a    program     static                          
           ___do_lbl00161   0x0076ac    program     static                          
           ___do_lbl00162   0x0076ac    program     static                          
           ___do_lbl00163   0x007674    program     static                          
           ___do_lbl00164   0x0076de    program     static                          
           ___do_lbl00165   0x0076de    program     static                          
           ___do_lbl00166   0x0076ae    program     static                          
           ___do_lbl00170   0x007760    program     static                          
           ___do_lbl00171   0x007760    program     static                          
           ___do_lbl00172   0x007728    program     static                          
           ___do_lbl00173   0x007792    program     static                          
           ___do_lbl00174   0x007792    program     static                          
           ___do_lbl00175   0x007762    program     static                          
           ___do_lbl00212   0x00806a    program     static                          
           ___do_lbl00213   0x00806a    program     static                          
           ___do_lbl00214   0x00803a    program     static                          
           ___do_lbl00221   0x00852a    program     static                          
           ___do_lbl00222   0x00852a    program     static                          
           ___do_lbl00223   0x0084fa    program     static                          
           ___do_lbl00230   0x0089e2    program     static                          
           ___do_lbl00231   0x0089e2    program     static                          
           ___do_lbl00232   0x0089b2    program     static                          
           ___do_lbl00235   0x008b34    program     static                          
           ___do_lbl00236   0x008b34    program     static                          
           ___do_lbl00237   0x008b04    program     static                          
           ___do_lbl00241   0x009004    program     static                          
           ___do_lbl00242   0x009004    program     static                          
           ___do_lbl00243   0x008fd4    program     static                          
         ___else_lbl00022   0x00f7f4    program     static                          
         ___else_lbl00168   0x0076ae    program     static                          
         ___else_lbl00177   0x007762    program     static                          
         ___else_lbl00181   0x007798    program     static                          
         ___else_lbl00183   0x0076e4    program     static                          
         ___else_lbl00185   0x007630    program     static                          
         ___else_lbl00187   0x007616    program     static                          
         ___else_lbl00189   0x007602    program     static                          
         ___else_lbl00191   0x0075e6    program     static                          
         ___else_lbl00193   0x0075cc    program     static                          
         ___else_lbl00195   0x0075b2    program     static                          
         ___else_lbl00216   0x00803a    program     static                          
         ___else_lbl00225   0x0084fa    program     static                          
         ___else_lbl00234   0x0089b2    program     static                          
         ___else_lbl00239   0x008b36    program     static                          
         ___else_lbl00245   0x008fd4    program     static                          
         ___else_lbl00247   0x008d3a    program     static                          
          ___for_lbl00007   0x015918    program     static                          
          ___for_lbl00008   0x01591c    program     static                          
          ___for_lbl00014   0x0158d2    program     static                          
          ___for_lbl00100   0x00d5c4    program     static                          
          ___for_lbl00101   0x00d5ca    program     static                          
          ___for_lbl00102   0x00d5a6    program     static                          
          ___for_lbl00103   0x00d5de    program     static                          
          ___for_lbl00104   0x00d5e2    program     static                          
          ___for_lbl00105   0x00d5ca    program     static                          
           ___if_lbl00014   0x00c9d0    program     static                          
           ___if_lbl00015   0x00c9ee    program     static                          
           ___if_lbl00016   0x00ca80    program     static                          
           ___if_lbl00017   0x00ca86    program     static                          
           ___if_lbl00020   0x00f7f2    program     static                          
           ___if_lbl00021   0x00f7fe    program     static                          
           ___if_lbl00023   0x00f80e    program     static                          
           ___if_lbl00024   0x00f812    program     static                          
           ___if_lbl00025   0x00f822    program     static                          
           ___if_lbl00031   0x00f8f0    program     static                          
           ___if_lbl00034   0x00f968    program     static                          
           ___if_lbl00152   0x007598    program     static                          
           ___if_lbl00167   0x0076de    program     static                          
           ___if_lbl00176   0x007792    program     static                          
           ___if_lbl00179   0x0077aa    program     static                          
           ___if_lbl00180   0x0077aa    program     static                          
           ___if_lbl00182   0x0077aa    program     static                          
           ___if_lbl00184   0x0077aa    program     static                          
           ___if_lbl00186   0x0077aa    program     static                          
           ___if_lbl00188   0x0077aa    program     static                          
           ___if_lbl00190   0x0077aa    program     static                          
           ___if_lbl00192   0x0077aa    program     static                          
           ___if_lbl00194   0x0077aa    program     static                          
           ___if_lbl00197   0x0077be    program     static                          
           ___if_lbl00198   0x00785a    program     static                          
           ___if_lbl00199   0x00787c    program     static                          
           ___if_lbl00202   0x007898    program     static                          
           ___if_lbl00204   0x007a8a    program     static                          
           ___if_lbl00205   0x007aac    program     static                          
           ___if_lbl00209   0x007c40    program     static                          
           ___if_lbl00215   0x00806a    program     static                          
           ___if_lbl00218   0x0080fa    program     static                          
           ___if_lbl00224   0x00852a    program     static                          
           ___if_lbl00227   0x0085ba    program     static                          
           ___if_lbl00233   0x0089e2    program     static                          
           ___if_lbl00238   0x008cb8    program     static                          
           ___if_lbl00244   0x009004    program     static                          
           ___if_lbl00246   0x009004    program     static                          
       ___return_lbl00000   0x0171e2    program     static                          
       ___return_lbl00000   0x015852    program     static                          
       ___return_lbl00000   0x000004    program     static                          
       ___return_lbl00000   0x00f5b8    program     static                          
       ___return_lbl00000   0x01722a    program     static                          
       ___return_lbl00000   0x0172cc    program     static                          
       ___return_lbl00001   0x01599c    program     static                          
       ___return_lbl00001   0x017334    program     static                          
       ___return_lbl00001   0x016722    program     static                          
       ___return_lbl00002   0x00001c    program     static                          
       ___return_lbl00002   0x0170ee    program     static                          
       ___return_lbl00003   0x00000c    program     static                          
       ___return_lbl00009   0x00cad0    program     static                          
       ___return_lbl00019   0x00f970    program     static                          
       ___return_lbl00087   0x010174    program     static                          
       ___return_lbl00088   0x0101b8    program     static                          
       ___return_lbl00091   0x01020e    program     static                          
       ___return_lbl00094   0x01025c    program     static                          
       ___return_lbl00097   0x0102aa    program     static                          
       ___return_lbl00099   0x00d5f4    program     static                          
       ___return_lbl00115   0x007262    program     static                          
       ___return_lbl00147   0x0074e4    program     static                          
       ___return_lbl00148   0x009012    program     static                          
   ___switchexit_lbl00151   0x00900a    program     static                          
   ___switchexit_lbl00207   0x009008    program     static                          
        ___while_lbl00001   0x00f4c8    program     static                          
        ___while_lbl00002   0x00f4ce    program     static                          
        ___while_lbl00004   0x0158a2    program     static                          
        ___while_lbl00005   0x0158c6    program     static                          
        ___while_lbl00010   0x00c92a    program     static                          
        ___while_lbl00011   0x00ca88    program     static                          
        ___while_lbl00011   0x0158f4    program     static                          
        ___while_lbl00012   0x015918    program     static                          
        ___while_lbl00012   0x00c932    program     static                          
        ___while_lbl00013   0x00c936    program     static                          
        ___while_lbl00017   0x015978    program     static                          
        ___while_lbl00018   0x01599c    program     static                          
        ___while_lbl00089   0x010184    program     static                          
        ___while_lbl00090   0x0101b8    program     static                          
        ___while_lbl00092   0x0101c8    program     static                          
        ___while_lbl00093   0x01020e    program     static                          
        ___while_lbl00095   0x010232    program     static                          
        ___while_lbl00096   0x010238    program     static                          
        ___while_lbl00098   0x0102a4    program     static                          
        ___while_lbl00099   0x0102aa    program     static                          
        ___while_lbl00149   0x007562    program     static                          
        ___while_lbl00150   0x009012    program     static                          
               __config_0   0x01fff8    program     static D:\Work\datakrat\PIC-MAXI-WEB\PIC-MAXI-WEB_5_31\SkiPIC\skipic.c
               __config_1   0x01fffa    program     static D:\Work\datakrat\PIC-MAXI-WEB\PIC-MAXI-WEB_5_31\SkiPIC\skipic.c
               __config_2   0x01fffd    program     static D:\Work\datakrat\PIC-MAXI-WEB\PIC-MAXI-WEB_5_31\SkiPIC\skipic.c
                   __init   0x01fff6    program     extern C:\MCC18\src\traditional\stdclib\__init.c
                   __pa_0   0x010c14    program     static C:\MCC18\src\traditional\stdclib\vfprintf.c
                   __pa_1   0x010c1c    program     static C:\MCC18\src\traditional\stdclib\vfprintf.c
                  __pa_10   0x010cd0    program     static C:\MCC18\src\traditional\stdclib\vfprintf.c
                  __pa_11   0x010cde    program     static C:\MCC18\src\traditional\stdclib\vfprintf.c
                  __pa_12   0x010cf4    program     static C:\MCC18\src\traditional\stdclib\vfprintf.c
                  __pa_13   0x010d0e    program     static C:\MCC18\src\traditional\stdclib\vfprintf.c
                  __pa_14   0x010d26    program     static C:\MCC18\src\traditional\stdclib\vfprintf.c
                  __pa_15   0x010d36    program     static C:\MCC18\src\traditional\stdclib\vfprintf.c
                  __pa_16   0x010d4c    program     static C:\MCC18\src\traditional\stdclib\vfprintf.c
                  __pa_17   0x010d5e    program     static C:\MCC18\src\traditional\stdclib\vfprintf.c
                  __pa_18   0x010d70    program     static C:\MCC18\src\traditional\stdclib\vfprintf.c
                  __pa_19   0x010d7a    program     static C:\MCC18\src\traditional\stdclib\vfprintf.c
                   __pa_2   0x010c26    program     static C:\MCC18\src\traditional\stdclib\vfprintf.c
                  __pa_20   0x010d8a    program     static C:\MCC18\src\traditional\stdclib\vfprintf.c
                  __pa_21   0x010d9a    program     static C:\MCC18\src\traditional\stdclib\vfprintf.c
                  __pa_22   0x010daa    program     static C:\MCC18\src\traditional\stdclib\vfprintf.c
                  __pa_23   0x010db6    program     static C:\MCC18\src\traditional\stdclib\vfprintf.c
                  __pa_24   0x010dc4    program     static C:\MCC18\src\traditional\stdclib\vfprintf.c
                  __pa_25   0x010dcc    program     static C:\MCC18\src\traditional\stdclib\vfprintf.c
                  __pa_26   0x010dd6    program     static C:\MCC18\src\traditional\stdclib\vfprintf.c
                  __pa_27   0x010de0    program     static C:\MCC18\src\traditional\stdclib\vfprintf.c
                  __pa_28   0x010de8    program     static C:\MCC18\src\traditional\stdclib\vfprintf.c
                  __pa_29   0x010df6    program     static C:\MCC18\src\traditional\stdclib\vfprintf.c
                   __pa_3   0x010c30    program     static C:\MCC18\src\traditional\stdclib\vfprintf.c
                  __pa_30   0x010e12    program     static C:\MCC18\src\traditional\stdclib\vfprintf.c
                  __pa_31   0x010e2c    program     static C:\MCC18\src\traditional\stdclib\vfprintf.c
                  __pa_32   0x010e46    program     static C:\MCC18\src\traditional\stdclib\vfprintf.c
                  __pa_33   0x010e5e    program     static C:\MCC18\src\traditional\stdclib\vfprintf.c
                  __pa_34   0x010e68    program     static C:\MCC18\src\traditional\stdclib\vfprintf.c
                  __pa_35   0x010e76    program     static C:\MCC18\src\traditional\stdclib\vfprintf.c
                  __pa_36   0x010e7e    program     static C:\MCC18\src\traditional\stdclib\vfprintf.c
                  __pa_37   0x010e88    program     static C:\MCC18\src\traditional\stdclib\vfprintf.c
                  __pa_38   0x010e98    program     static C:\MCC18\src\traditional\stdclib\vfprintf.c
                  __pa_39   0x010ea6    program     static C:\MCC18\src\traditional\stdclib\vfprintf.c
                   __pa_4   0x010c48    program     static C:\MCC18\src\traditional\stdclib\vfprintf.c
                  __pa_40   0x010eb2    program     static C:\MCC18\src\traditional\stdclib\vfprintf.c
                  __pa_41   0x010ebe    program     static C:\MCC18\src\traditional\stdclib\vfprintf.c
                  __pa_42   0x010ec6    program     static C:\MCC18\src\traditional\stdclib\vfprintf.c
                  __pa_43   0x010ed0    program     static C:\MCC18\src\traditional\stdclib\vfprintf.c
                  __pa_44   0x010ed6    program     static C:\MCC18\src\traditional\stdclib\vfprintf.c
                  __pa_45   0x010ee0    program     static C:\MCC18\src\traditional\stdclib\vfprintf.c
                  __pa_46   0x010eec    program     static C:\MCC18\src\traditional\stdclib\vfprintf.c
                   __pa_5   0x010c5c    program     static C:\MCC18\src\traditional\stdclib\vfprintf.c
                   __pa_6   0x010c78    program     static C:\MCC18\src\traditional\stdclib\vfprintf.c
                   __pa_7   0x010c82    program     static C:\MCC18\src\traditional\stdclib\vfprintf.c
                   __pa_8   0x010c8e    program     static C:\MCC18\src\traditional\stdclib\vfprintf.c
                   __pa_9   0x010cb0    program     static C:\MCC18\src\traditional\stdclib\vfprintf.c
               __string_0   0x013383    program     static D:\Work\datakrat\PIC-MAXI-WEB\PIC-MAXI-WEB_5_31\SkiPIC\config.c
               __string_0   0x0133d7    program     static D:\Work\datakrat\PIC-MAXI-WEB\PIC-MAXI-WEB_5_31\SkiPIC\test.c
               __string_0   0x012da8    program     static D:\Work\datakrat\PIC-MAXI-WEB\PIC-MAXI-WEB_5_31\SkiPIC\m_logger.c
               __string_0   0x012cdf    program     static D:\Work\datakrat\PIC-MAXI-WEB\PIC-MAXI-WEB_5_31\SkiPIC\m_readers.c
               __string_0   0x012cd8    program     static D:\Work\datakrat\PIC-MAXI-WEB\PIC-MAXI-WEB_5_31\SkiPIC\net.c
               __string_0   0x012cef    program     static D:\Work\datakrat\PIC-MAXI-WEB\PIC-MAXI-WEB_5_31\SkiPIC\m_bcp.c
               __string_0   0x013415    program     static D:\Work\datakrat\PIC-MAXI-WEB\PIC-MAXI-WEB_5_31\SkiPIC\m_smachine.c
               __string_0   0x0133fd    program     static D:\Work\datakrat\PIC-MAXI-WEB\PIC-MAXI-WEB_5_31\SkiPIC\m_accessor.c
               __string_1   0x0133c3    program     static D:\Work\datakrat\PIC-MAXI-WEB\PIC-MAXI-WEB_5_31\SkiPIC\test.c
               __string_1   0x013404    program     static D:\Work\datakrat\PIC-MAXI-WEB\PIC-MAXI-WEB_5_31\SkiPIC\m_smachine.c
               __string_1   0x012d98    program     static D:\Work\datakrat\PIC-MAXI-WEB\PIC-MAXI-WEB_5_31\SkiPIC\m_logger.c
               __string_1   0x013377    program     static D:\Work\datakrat\PIC-MAXI-WEB\PIC-MAXI-WEB_5_31\SkiPIC\config.c
               __string_1   0x012ce8    program     static D:\Work\datakrat\PIC-MAXI-WEB\PIC-MAXI-WEB_5_31\SkiPIC\m_bcp.c
              __string_10   0x013319    program     static D:\Work\datakrat\PIC-MAXI-WEB\PIC-MAXI-WEB_5_31\SkiPIC\config.c
              __string_11   0x013310    program     static D:\Work\datakrat\PIC-MAXI-WEB\PIC-MAXI-WEB_5_31\SkiPIC\config.c
              __string_12   0x0132fb    program     static D:\Work\datakrat\PIC-MAXI-WEB\PIC-MAXI-WEB_5_31\SkiPIC\config.c
              __string_13   0x0132e4    program     static D:\Work\datakrat\PIC-MAXI-WEB\PIC-MAXI-WEB_5_31\SkiPIC\config.c
              __string_14   0x0132d2    program     static D:\Work\datakrat\PIC-MAXI-WEB\PIC-MAXI-WEB_5_31\SkiPIC\config.c
              __string_15   0x0132c3    program     static D:\Work\datakrat\PIC-MAXI-WEB\PIC-MAXI-WEB_5_31\SkiPIC\config.c
              __string_16   0x0132b6    program     static D:\Work\datakrat\PIC-MAXI-WEB\PIC-MAXI-WEB_5_31\SkiPIC\config.c
              __string_17   0x0132ac    program     static D:\Work\datakrat\PIC-MAXI-WEB\PIC-MAXI-WEB_5_31\SkiPIC\config.c
              __string_18   0x0132a1    program     static D:\Work\datakrat\PIC-MAXI-WEB\PIC-MAXI-WEB_5_31\SkiPIC\config.c
              __string_19   0x013295    program     static D:\Work\datakrat\PIC-MAXI-WEB\PIC-MAXI-WEB_5_31\SkiPIC\config.c
               __string_2   0x012d6b    program     static D:\Work\datakrat\PIC-MAXI-WEB\PIC-MAXI-WEB_5_31\SkiPIC\m_logger.c
               __string_2   0x012ce6    program     static D:\Work\datakrat\PIC-MAXI-WEB\PIC-MAXI-WEB_5_31\SkiPIC\m_bcp.c
               __string_2   0x01336c    program     static D:\Work\datakrat\PIC-MAXI-WEB\PIC-MAXI-WEB_5_31\SkiPIC\config.c
               __string_2   0x0133b8    program     static D:\Work\datakrat\PIC-MAXI-WEB\PIC-MAXI-WEB_5_31\SkiPIC\test.c
              __string_20   0x01327e    program     static D:\Work\datakrat\PIC-MAXI-WEB\PIC-MAXI-WEB_5_31\SkiPIC\config.c
              __string_21   0x01326c    program     static D:\Work\datakrat\PIC-MAXI-WEB\PIC-MAXI-WEB_5_31\SkiPIC\config.c
              __string_22   0x013259    program     static D:\Work\datakrat\PIC-MAXI-WEB\PIC-MAXI-WEB_5_31\SkiPIC\config.c
              __string_23   0x01324d    program     static D:\Work\datakrat\PIC-MAXI-WEB\PIC-MAXI-WEB_5_31\SkiPIC\config.c
              __string_24   0x01323b    program     static D:\Work\datakrat\PIC-MAXI-WEB\PIC-MAXI-WEB_5_31\SkiPIC\config.c
              __string_25   0x013224    program     static D:\Work\datakrat\PIC-MAXI-WEB\PIC-MAXI-WEB_5_31\SkiPIC\config.c
              __string_26   0x01320e    program     static D:\Work\datakrat\PIC-MAXI-WEB\PIC-MAXI-WEB_5_31\SkiPIC\config.c
              __string_27   0x0131f5    program     static D:\Work\datakrat\PIC-MAXI-WEB\PIC-MAXI-WEB_5_31\SkiPIC\config.c
              __string_28   0x0131e6    program     static D:\Work\datakrat\PIC-MAXI-WEB\PIC-MAXI-WEB_5_31\SkiPIC\config.c
              __string_29   0x0131d4    program     static D:\Work\datakrat\PIC-MAXI-WEB\PIC-MAXI-WEB_5_31\SkiPIC\config.c
               __string_3   0x0133b0    program     static D:\Work\datakrat\PIC-MAXI-WEB\PIC-MAXI-WEB_5_31\SkiPIC\test.c
               __string_3   0x012d68    program     static D:\Work\datakrat\PIC-MAXI-WEB\PIC-MAXI-WEB_5_31\SkiPIC\m_logger.c
               __string_3   0x013367    program     static D:\Work\datakrat\PIC-MAXI-WEB\PIC-MAXI-WEB_5_31\SkiPIC\config.c
              __string_30   0x0131c1    program     static D:\Work\datakrat\PIC-MAXI-WEB\PIC-MAXI-WEB_5_31\SkiPIC\config.c
              __string_31   0x0131a8    program     static D:\Work\datakrat\PIC-MAXI-WEB\PIC-MAXI-WEB_5_31\SkiPIC\config.c
              __string_32   0x01318a    program     static D:\Work\datakrat\PIC-MAXI-WEB\PIC-MAXI-WEB_5_31\SkiPIC\config.c
              __string_33   0x013171    program     static D:\Work\datakrat\PIC-MAXI-WEB\PIC-MAXI-WEB_5_31\SkiPIC\config.c
              __string_34   0x013151    program     static D:\Work\datakrat\PIC-MAXI-WEB\PIC-MAXI-WEB_5_31\SkiPIC\config.c
              __string_35   0x013136    program     static D:\Work\datakrat\PIC-MAXI-WEB\PIC-MAXI-WEB_5_31\SkiPIC\config.c
              __string_36   0x013116    program     static D:\Work\datakrat\PIC-MAXI-WEB\PIC-MAXI-WEB_5_31\SkiPIC\config.c
              __string_37   0x0130fb    program     static D:\Work\datakrat\PIC-MAXI-WEB\PIC-MAXI-WEB_5_31\SkiPIC\config.c
              __string_38   0x0130d9    program     static D:\Work\datakrat\PIC-MAXI-WEB\PIC-MAXI-WEB_5_31\SkiPIC\config.c
              __string_39   0x0130c3    program     static D:\Work\datakrat\PIC-MAXI-WEB\PIC-MAXI-WEB_5_31\SkiPIC\config.c
               __string_4   0x012d3b    program     static D:\Work\datakrat\PIC-MAXI-WEB\PIC-MAXI-WEB_5_31\SkiPIC\m_logger.c
               __string_4   0x013358    program     static D:\Work\datakrat\PIC-MAXI-WEB\PIC-MAXI-WEB_5_31\SkiPIC\config.c
               __string_4   0x0133a5    program     static D:\Work\datakrat\PIC-MAXI-WEB\PIC-MAXI-WEB_5_31\SkiPIC\test.c
              __string_40   0x0130a7    program     static D:\Work\datakrat\PIC-MAXI-WEB\PIC-MAXI-WEB_5_31\SkiPIC\config.c
              __string_41   0x013091    program     static D:\Work\datakrat\PIC-MAXI-WEB\PIC-MAXI-WEB_5_31\SkiPIC\config.c
              __string_42   0x013078    program     static D:\Work\datakrat\PIC-MAXI-WEB\PIC-MAXI-WEB_5_31\SkiPIC\config.c
              __string_43   0x013059    program     static D:\Work\datakrat\PIC-MAXI-WEB\PIC-MAXI-WEB_5_31\SkiPIC\config.c
              __string_44   0x013040    program     static D:\Work\datakrat\PIC-MAXI-WEB\PIC-MAXI-WEB_5_31\SkiPIC\config.c
              __string_45   0x013027    program     static D:\Work\datakrat\PIC-MAXI-WEB\PIC-MAXI-WEB_5_31\SkiPIC\config.c
              __string_46   0x013024    program     static D:\Work\datakrat\PIC-MAXI-WEB\PIC-MAXI-WEB_5_31\SkiPIC\config.c
              __string_47   0x01301b    program     static D:\Work\datakrat\PIC-MAXI-WEB\PIC-MAXI-WEB_5_31\SkiPIC\config.c
              __string_48   0x013018    program     static D:\Work\datakrat\PIC-MAXI-WEB\PIC-MAXI-WEB_5_31\SkiPIC\config.c
              __string_49   0x01300a    program     static D:\Work\datakrat\PIC-MAXI-WEB\PIC-MAXI-WEB_5_31\SkiPIC\config.c
               __string_5   0x012d33    program     static D:\Work\datakrat\PIC-MAXI-WEB\PIC-MAXI-WEB_5_31\SkiPIC\m_logger.c
               __string_5   0x01334e    program     static D:\Work\datakrat\PIC-MAXI-WEB\PIC-MAXI-WEB_5_31\SkiPIC\config.c
               __string_5   0x01338e    program     static D:\Work\datakrat\PIC-MAXI-WEB\PIC-MAXI-WEB_5_31\SkiPIC\test.c
              __string_50   0x012fff    program     static D:\Work\datakrat\PIC-MAXI-WEB\PIC-MAXI-WEB_5_31\SkiPIC\config.c
              __string_51   0x012ff6    program     static D:\Work\datakrat\PIC-MAXI-WEB\PIC-MAXI-WEB_5_31\SkiPIC\config.c
              __string_52   0x012feb    program     static D:\Work\datakrat\PIC-MAXI-WEB\PIC-MAXI-WEB_5_31\SkiPIC\config.c
              __string_53   0x012fde    program     static D:\Work\datakrat\PIC-MAXI-WEB\PIC-MAXI-WEB_5_31\SkiPIC\config.c
              __string_54   0x012fd1    program     static D:\Work\datakrat\PIC-MAXI-WEB\PIC-MAXI-WEB_5_31\SkiPIC\config.c
              __string_55   0x012fc6    program     static D:\Work\datakrat\PIC-MAXI-WEB\PIC-MAXI-WEB_5_31\SkiPIC\config.c
              __string_57   0x012f78    program     static D:\Work\datakrat\PIC-MAXI-WEB\PIC-MAXI-WEB_5_31\SkiPIC\config.c
              __string_58   0x012f63    program     static D:\Work\datakrat\PIC-MAXI-WEB\PIC-MAXI-WEB_5_31\SkiPIC\config.c
              __string_59   0x012f44    program     static D:\Work\datakrat\PIC-MAXI-WEB\PIC-MAXI-WEB_5_31\SkiPIC\config.c
               __string_6   0x012d29    program     static D:\Work\datakrat\PIC-MAXI-WEB\PIC-MAXI-WEB_5_31\SkiPIC\m_logger.c
               __string_6   0x013347    program     static D:\Work\datakrat\PIC-MAXI-WEB\PIC-MAXI-WEB_5_31\SkiPIC\config.c
              __string_60   0x012f2d    program     static D:\Work\datakrat\PIC-MAXI-WEB\PIC-MAXI-WEB_5_31\SkiPIC\config.c
              __string_61   0x012f14    program     static D:\Work\datakrat\PIC-MAXI-WEB\PIC-MAXI-WEB_5_31\SkiPIC\config.c
              __string_62   0x012efc    program     static D:\Work\datakrat\PIC-MAXI-WEB\PIC-MAXI-WEB_5_31\SkiPIC\config.c
              __string_63   0x012ee0    program     static D:\Work\datakrat\PIC-MAXI-WEB\PIC-MAXI-WEB_5_31\SkiPIC\config.c
              __string_64   0x012ec4    program     static D:\Work\datakrat\PIC-MAXI-WEB\PIC-MAXI-WEB_5_31\SkiPIC\config.c
              __string_65   0x012ea8    program     static D:\Work\datakrat\PIC-MAXI-WEB\PIC-MAXI-WEB_5_31\SkiPIC\config.c
              __string_66   0x012e8d    program     static D:\Work\datakrat\PIC-MAXI-WEB\PIC-MAXI-WEB_5_31\SkiPIC\config.c
              __string_67   0x012e7c    program     static D:\Work\datakrat\PIC-MAXI-WEB\PIC-MAXI-WEB_5_31\SkiPIC\config.c
              __string_68   0x012e6e    program     static D:\Work\datakrat\PIC-MAXI-WEB\PIC-MAXI-WEB_5_31\SkiPIC\config.c
              __string_69   0x012e69    program     static D:\Work\datakrat\PIC-MAXI-WEB\PIC-MAXI-WEB_5_31\SkiPIC\config.c
               __string_7   0x01333d    program     static D:\Work\datakrat\PIC-MAXI-WEB\PIC-MAXI-WEB_5_31\SkiPIC\config.c
              __string_70   0x012e66    program     static D:\Work\datakrat\PIC-MAXI-WEB\PIC-MAXI-WEB_5_31\SkiPIC\config.c
              __string_71   0x012e50    program     static D:\Work\datakrat\PIC-MAXI-WEB\PIC-MAXI-WEB_5_31\SkiPIC\config.c
              __string_72   0x012e35    program     static D:\Work\datakrat\PIC-MAXI-WEB\PIC-MAXI-WEB_5_31\SkiPIC\config.c
              __string_73   0x012e24    program     static D:\Work\datakrat\PIC-MAXI-WEB\PIC-MAXI-WEB_5_31\SkiPIC\config.c
              __string_74   0x012e17    program     static D:\Work\datakrat\PIC-MAXI-WEB\PIC-MAXI-WEB_5_31\SkiPIC\config.c
              __string_75   0x012e06    program     static D:\Work\datakrat\PIC-MAXI-WEB\PIC-MAXI-WEB_5_31\SkiPIC\config.c
              __string_76   0x012dff    program     static D:\Work\datakrat\PIC-MAXI-WEB\PIC-MAXI-WEB_5_31\SkiPIC\config.c
              __string_77   0x012df3    program     static D:\Work\datakrat\PIC-MAXI-WEB\PIC-MAXI-WEB_5_31\SkiPIC\config.c
              __string_78   0x012dde    program     static D:\Work\datakrat\PIC-MAXI-WEB\PIC-MAXI-WEB_5_31\SkiPIC\config.c
              __string_79   0x012dc0    program     static D:\Work\datakrat\PIC-MAXI-WEB\PIC-MAXI-WEB_5_31\SkiPIC\config.c
               __string_8   0x013333    program     static D:\Work\datakrat\PIC-MAXI-WEB\PIC-MAXI-WEB_5_31\SkiPIC\config.c
              __string_80   0x012daf    program     static D:\Work\datakrat\PIC-MAXI-WEB\PIC-MAXI-WEB_5_31\SkiPIC\config.c
               __string_9   0x013329    program     static D:\Work\datakrat\PIC-MAXI-WEB\PIC-MAXI-WEB_5_31\SkiPIC\config.c
               __tmplbl_0   0x00c994    program     static                          
              __tmplbl_10   0x00f88c    program     static                          
              __tmplbl_11   0x00f88a    program     static                          
              __tmplbl_12   0x00f956    program     static                          
             __tmplbl_129   0x0054b4    program     static                          
              __tmplbl_13   0x00f948    program     static                          
             __tmplbl_131   0x0054b4    program     static                          
             __tmplbl_133   0x0054b4    program     static                          
             __tmplbl_135   0x0054b4    program     static                          
             __tmplbl_137   0x0054b4    program     static                          
              __tmplbl_14   0x00f94e    program     static                          
             __tmplbl_140   0x0054b4    program     static                          
             __tmplbl_148   0x0054b4    program     static                          
             __tmplbl_149   0x0054b4    program     static                          
             __tmplbl_151   0x0054b4    program     static                          
             __tmplbl_153   0x0054b4    program     static                          
             __tmplbl_154   0x0054b4    program     static                          
             __tmplbl_164   0x0054b4    program     static                          
             __tmplbl_165   0x0054b4    program     static                          
             __tmplbl_166   0x0054b4    program     static                          
             __tmplbl_168   0x0054b4    program     static                          
             __tmplbl_169   0x0054b4    program     static                          
             __tmplbl_170   0x0054b4    program     static                          
             __tmplbl_171   0x0054b4    program     static                          
              __tmplbl_19   0x0075a8    program     static                          
              __tmplbl_20   0x0075a0    program     static                          
              __tmplbl_21   0x0075c2    program     static                          
              __tmplbl_22   0x0075ba    program     static                          
              __tmplbl_23   0x0075dc    program     static                          
              __tmplbl_24   0x0075d4    program     static                          
              __tmplbl_25   0x0075f6    program     static                          
              __tmplbl_26   0x0075ee    program     static                          
              __tmplbl_27   0x007612    program     static                          
              __tmplbl_28   0x00760a    program     static                          
              __tmplbl_29   0x007626    program     static                          
              __tmplbl_30   0x00761e    program     static                          
              __tmplbl_31   0x007640    program     static                          
              __tmplbl_32   0x007638    program     static                          
              __tmplbl_33   0x0076f4    program     static                          
              __tmplbl_34   0x0076ec    program     static                          
[...]
                 DDRDbits   0x000f95       data     extern C:\MCC18\src\traditional\proc\p18F97J60.asm
                    TRISD   0x000f95       data     extern C:\MCC18\src\traditional\proc\p18F97J60.asm
                TRISDbits   0x000f95       data     extern C:\MCC18\src\traditional\proc\p18F97J60.asm
                    TRISE   0x000f96       data     extern C:\MCC18\src\traditional\proc\p18F97J60.asm
                TRISEbits   0x000f96       data     extern C:\MCC18\src\traditional\proc\p18F97J60.asm
                 DDREbits   0x000f96       data     extern C:\MCC18\src\traditional\proc\p18F97J60.asm
                     DDRE   0x000f96       data     extern C:\MCC18\src\traditional\proc\p18F97J60.asm
                 DDRFbits   0x000f97       data     extern C:\MCC18\src\traditional\proc\p18F97J60.asm
                     DDRF   0x000f97       data     extern C:\MCC18\src\traditional\proc\p18F97J60.asm
                    TRISF   0x000f97       data     extern C:\MCC18\src\traditional\proc\p18F97J60.asm
                TRISFbits   0x000f97       data     extern C:\MCC18\src\traditional\proc\p18F97J60.asm
                TRISGbits   0x000f98       data     extern C:\MCC18\src\traditional\proc\p18F97J60.asm
                    TRISG   0x000f98       data     extern C:\MCC18\src\traditional\proc\p18F97J60.asm
                 DDRGbits   0x000f98       data     extern C:\MCC18\src\traditional\proc\p18F97J60.asm
                     DDRG   0x000f98       data     extern C:\MCC18\src\traditional\proc\p18F97J60.asm
                     DDRH   0x000f99       data     extern C:\MCC18\src\traditional\proc\p18F97J60.asm
                 DDRHbits   0x000f99       data     extern C:\MCC18\src\traditional\proc\p18F97J60.asm
                    TRISH   0x000f99       data     extern C:\MCC18\src\traditional\proc\p18F97J60.asm
                TRISHbits   0x000f99       data     extern C:\MCC18\src\traditional\proc\p18F97J60.asm
                    TRISJ   0x000f9a       data     extern C:\MCC18\src\traditional\proc\p18F97J60.asm
                TRISJbits   0x000f9a       data     extern C:\MCC18\src\traditional\proc\p18F97J60.asm
                 DDRJbits   0x000f9a       data     extern C:\MCC18\src\traditional\proc\p18F97J60.asm
                     DDRJ   0x000f9a       data     extern C:\MCC18\src\traditional\proc\p18F97J60.asm
                  OSCTUNE   0x000f9b       data     extern C:\MCC18\src\traditional\proc\p18F97J60.asm
              OSCTUNEbits   0x000f9b       data     extern C:\MCC18\src\traditional\proc\p18F97J60.asm
                   MEMCON   0x000f9c       data     extern C:\MCC18\src\traditional\proc\p18F97J60.asm
               MEMCONbits   0x000f9c       data     extern C:\MCC18\src\traditional\proc\p18F97J60.asm
                 PIE1bits   0x000f9d       data     extern C:\MCC18\src\traditional\proc\p18F97J60.asm
                     PIE1   0x000f9d       data     extern C:\MCC18\src\traditional\proc\p18F97J60.asm
                 PIR1bits   0x000f9e       data     extern C:\MCC18\src\traditional\proc\p18F97J60.asm
                     PIR1   0x000f9e       data     extern C:\MCC18\src\traditional\proc\p18F97J60.asm
                 IPR1bits   0x000f9f       data     extern C:\MCC18\src\traditional\proc\p18F97J60.asm
                     IPR1   0x000f9f       data     extern C:\MCC18\src\traditional\proc\p18F97J60.asm
                 PIE2bits   0x000fa0       data     extern C:\MCC18\src\traditional\proc\p18F97J60.asm
                     PIE2   0x000fa0       data     extern C:\MCC18\src\traditional\proc\p18F97J60.asm
                 PIR2bits   0x000fa1       data     extern C:\MCC18\src\traditional\proc\p18F97J60.asm
                     PIR2   0x000fa1       data     extern C:\MCC18\src\traditional\proc\p18F97J60.asm
                     IPR2   0x000fa2       data     extern C:\MCC18\src\traditional\proc\p18F97J60.asm
                 IPR2bits   0x000fa2       data     extern C:\MCC18\src\traditional\proc\p18F97J60.asm
                 PIE3bits   0x000fa3       data     extern C:\MCC18\src\traditional\proc\p18F97J60.asm
                     PIE3   0x000fa3       data     extern C:\MCC18\src\traditional\proc\p18F97J60.asm
                     PIR3   0x000fa4       data     extern C:\MCC18\src\traditional\proc\p18F97J60.asm
                 PIR3bits   0x000fa4       data     extern C:\MCC18\src\traditional\proc\p18F97J60.asm
                     IPR3   0x000fa5       data     extern C:\MCC18\src\traditional\proc\p18F97J60.asm
                 IPR3bits   0x000fa5       data     extern C:\MCC18\src\traditional\proc\p18F97J60.asm
                   EECON1   0x000fa6       data     extern C:\MCC18\src\traditional\proc\p18F97J60.asm
               EECON1bits   0x000fa6       data     extern C:\MCC18\src\traditional\proc\p18F97J60.asm
                   EECON2   0x000fa7       data     extern C:\MCC18\src\traditional\proc\p18F97J60.asm
                RCSTAbits   0x000fab       data     extern C:\MCC18\src\traditional\proc\p18F97J60.asm
               RCSTA1bits   0x000fab       data     extern C:\MCC18\src\traditional\proc\p18F97J60.asm
                   RCSTA1   0x000fab       data     extern C:\MCC18\src\traditional\proc\p18F97J60.asm
                    RCSTA   0x000fab       data     extern C:\MCC18\src\traditional\proc\p18F97J60.asm
               TXSTA1bits   0x000fac       data     extern C:\MCC18\src\traditional\proc\p18F97J60.asm
                TXSTAbits   0x000fac       data     extern C:\MCC18\src\traditional\proc\p18F97J60.asm
                   TXSTA1   0x000fac       data     extern C:\MCC18\src\traditional\proc\p18F97J60.asm
                    TXSTA   0x000fac       data     extern C:\MCC18\src\traditional\proc\p18F97J60.asm
                    TXREG   0x000fad       data     extern C:\MCC18\src\traditional\proc\p18F97J60.asm
                   TXREG1   0x000fad       data     extern C:\MCC18\src\traditional\proc\p18F97J60.asm
                   RCREG1   0x000fae       data     extern C:\MCC18\src\traditional\proc\p18F97J60.asm
                    RCREG   0x000fae       data     extern C:\MCC18\src\traditional\proc\p18F97J60.asm
                   SPBRG1   0x000faf       data     extern C:\MCC18\src\traditional\proc\p18F97J60.asm
                    SPBRG   0x000faf       data     extern C:\MCC18\src\traditional\proc\p18F97J60.asm
                   PSPCON   0x000fb0       data     extern C:\MCC18\src\traditional\proc\p18F97J60.asm
               PSPCONbits   0x000fb0       data     extern C:\MCC18\src\traditional\proc\p18F97J60.asm
                T3CONbits   0x000fb1       data     extern C:\MCC18\src\traditional\proc\p18F97J60.asm
                    T3CON   0x000fb1       data     extern C:\MCC18\src\traditional\proc\p18F97J60.asm
                    TMR3L   0x000fb2       data     extern C:\MCC18\src\traditional\proc\p18F97J60.asm
                    TMR3H   0x000fb3       data     extern C:\MCC18\src\traditional\proc\p18F97J60.asm
                CMCONbits   0x000fb4       data     extern C:\MCC18\src\traditional\proc\p18F97J60.asm
                    CMCON   0x000fb4       data     extern C:\MCC18\src\traditional\proc\p18F97J60.asm
               CVRCONbits   0x000fb5       data     extern C:\MCC18\src\traditional\proc\p18F97J60.asm
                   CVRCON   0x000fb5       data     extern C:\MCC18\src\traditional\proc\p18F97J60.asm
                  ECCP1AS   0x000fb6       data     extern C:\MCC18\src\traditional\proc\p18F97J60.asm
              ECCP1ASbits   0x000fb6       data     extern C:\MCC18\src\traditional\proc\p18F97J60.asm
                  CCP3CON   0x000fb7       data     extern C:\MCC18\src\traditional\proc\p18F97J60.asm
                 ECCP3CON   0x000fb7       data     extern C:\MCC18\src\traditional\proc\p18F97J60.asm
             ECCP3CONbits   0x000fb7       data     extern C:\MCC18\src\traditional\proc\p18F97J60.asm
              CCP3CONbits   0x000fb7       data     extern C:\MCC18\src\traditional\proc\p18F97J60.asm
                   CCPR3L   0x000fb8       data     extern C:\MCC18\src\traditional\proc\p18F97J60.asm
                    CCPR3   0x000fb8       data     extern C:\MCC18\src\traditional\proc\p18F97J60.asm
                   CCPR3H   0x000fb9       data     extern C:\MCC18\src\traditional\proc\p18F97J60.asm
              CCP2CONbits   0x000fba       data     extern C:\MCC18\src\traditional\proc\p18F97J60.asm
                 ECCP2CON   0x000fba       data     extern C:\MCC18\src\traditional\proc\p18F97J60.asm
             ECCP2CONbits   0x000fba       data     extern C:\MCC18\src\traditional\proc\p18F97J60.asm
                  CCP2CON   0x000fba       data     extern C:\MCC18\src\traditional\proc\p18F97J60.asm
                   CCPR2L   0x000fbb       data     extern C:\MCC18\src\traditional\proc\p18F97J60.asm
                    CCPR2   0x000fbb       data     extern C:\MCC18\src\traditional\proc\p18F97J60.asm
                   CCPR2H   0x000fbc       data     extern C:\MCC18\src\traditional\proc\p18F97J60.asm
                 ECCP1CON   0x000fbd       data     extern C:\MCC18\src\traditional\proc\p18F97J60.asm
             ECCP1CONbits   0x000fbd       data     extern C:\MCC18\src\traditional\proc\p18F97J60.asm
                  CCP1CON   0x000fbd       data     extern C:\MCC18\src\traditional\proc\p18F97J60.asm
              CCP1CONbits   0x000fbd       data     extern C:\MCC18\src\traditional\proc\p18F97J60.asm
                   CCPR1L   0x000fbe       data     extern C:\MCC18\src\traditional\proc\p18F97J60.asm
                    CCPR1   0x000fbe       data     extern C:\MCC18\src\traditional\proc\p18F97J60.asm
                   CCPR1H   0x000fbf       data     extern C:\MCC18\src\traditional\proc\p18F97J60.asm
               ADCON2bits   0x000fc0       data     extern C:\MCC18\src\traditional\proc\p18F97J60.asm
                   ADCON2   0x000fc0       data     extern C:\MCC18\src\traditional\proc\p18F97J60.asm
               ADCON1bits   0x000fc1       data     extern C:\MCC18\src\traditional\proc\p18F97J60.asm
                   ADCON1   0x000fc1       data     extern C:\MCC18\src\traditional\proc\p18F97J60.asm
                   ADCON0   0x000fc2       data     extern C:\MCC18\src\traditional\proc\p18F97J60.asm
               ADCON0bits   0x000fc2       data     extern C:\MCC18\src\traditional\proc\p18F97J60.asm
                    ADRES   0x000fc3       data     extern C:\MCC18\src\traditional\proc\p18F97J60.asm
                   ADRESL   0x000fc3       data     extern C:\MCC18\src\traditional\proc\p18F97J60.asm
                   ADRESH   0x000fc4       data     extern C:\MCC18\src\traditional\proc\p18F97J60.asm
                 SSP1CON2   0x000fc5       data     extern C:\MCC18\src\traditional\proc\p18F97J60.asm
             SSP1CON2bits   0x000fc5       data     extern C:\MCC18\src\traditional\proc\p18F97J60.asm
                  SSPCON2   0x000fc5       data     extern C:\MCC18\src\traditional\proc\p18F97J60.asm
              SSPCON2bits   0x000fc5       data     extern C:\MCC18\src\traditional\proc\p18F97J60.asm
                 SSP1CON1   0x000fc6       data     extern C:\MCC18\src\traditional\proc\p18F97J60.asm
             SSP1CON1bits   0x000fc6       data     extern C:\MCC18\src\traditional\proc\p18F97J60.asm
              SSPCON1bits   0x000fc6       data     extern C:\MCC18\src\traditional\proc\p18F97J60.asm
                  SSPCON1   0x000fc6       data     extern C:\MCC18\src\traditional\proc\p18F97J60.asm
              SSPSTATbits   0x000fc7       data     extern C:\MCC18\src\traditional\proc\p18F97J60.asm
                 SSP1STAT   0x000fc7       data     extern C:\MCC18\src\traditional\proc\p18F97J60.asm
             SSP1STATbits   0x000fc7       data     extern C:\MCC18\src\traditional\proc\p18F97J60.asm
                  SSPSTAT   0x000fc7       data     extern C:\MCC18\src\traditional\proc\p18F97J60.asm
                  SSP1ADD   0x000fc8       data     extern C:\MCC18\src\traditional\proc\p18F97J60.asm
                   SSPADD   0x000fc8       data     extern C:\MCC18\src\traditional\proc\p18F97J60.asm
                  SSP1BUF   0x000fc9       data     extern C:\MCC18\src\traditional\proc\p18F97J60.asm
                   SSPBUF   0x000fc9       data     extern C:\MCC18\src\traditional\proc\p18F97J60.asm
                    T2CON   0x000fca       data     extern C:\MCC18\src\traditional\proc\p18F97J60.asm
                T2CONbits   0x000fca       data     extern C:\MCC18\src\traditional\proc\p18F97J60.asm
                      PR2   0x000fcb       data     extern C:\MCC18\src\traditional\proc\p18F97J60.asm
                     TMR2   0x000fcc       data     extern C:\MCC18\src\traditional\proc\p18F97J60.asm
                    T1CON   0x000fcd       data     extern C:\MCC18\src\traditional\proc\p18F97J60.asm
                T1CONbits   0x000fcd       data     extern C:\MCC18\src\traditional\proc\p18F97J60.asm
                    TMR1L   0x000fce       data     extern C:\MCC18\src\traditional\proc\p18F97J60.asm
                    TMR1H   0x000fcf       data     extern C:\MCC18\src\traditional\proc\p18F97J60.asm
                     RCON   0x000fd0       data     extern C:\MCC18\src\traditional\proc\p18F97J60.asm
                 RCONbits   0x000fd0       data     extern C:\MCC18\src\traditional\proc\p18F97J60.asm
                   WDTCON   0x000fd1       data     extern C:\MCC18\src\traditional\proc\p18F97J60.asm
               WDTCONbits   0x000fd1       data     extern C:\MCC18\src\traditional\proc\p18F97J60.asm
                ECON1bits   0x000fd2       data     extern C:\MCC18\src\traditional\proc\p18F97J60.asm
                    ECON1   0x000fd2       data     extern C:\MCC18\src\traditional\proc\p18F97J60.asm
               OSCCONbits   0x000fd3       data     extern C:\MCC18\src\traditional\proc\p18F97J60.asm
                   OSCCON   0x000fd3       data     extern C:\MCC18\src\traditional\proc\p18F97J60.asm
                    T0CON   0x000fd5       data     extern C:\MCC18\src\traditional\proc\p18F97J60.asm
                T0CONbits   0x000fd5       data     extern C:\MCC18\src\traditional\proc\p18F97J60.asm
                    TMR0L   0x000fd6       data     extern C:\MCC18\src\traditional\proc\p18F97J60.asm
                    TMR0H   0x000fd7       data     extern C:\MCC18\src\traditional\proc\p18F97J60.asm
                   STATUS   0x000fd8       data     extern C:\MCC18\src\traditional\proc\p18F97J60.asm
               STATUSbits   0x000fd8       data     extern C:\MCC18\src\traditional\proc\p18F97J60.asm
                    FSR2L   0x000fd9       data     extern C:\MCC18\src\traditional\proc\p18F97J60.asm
                     FSR2   0x000fd9       data     extern C:\MCC18\src\traditional\proc\p18F97J60.asm
                    FSR2H   0x000fda       data     extern C:\MCC18\src\traditional\proc\p18F97J60.asm
                   PLUSW2   0x000fdb       data     extern C:\MCC18\src\traditional\proc\p18F97J60.asm
                  PREINC2   0x000fdc       data     extern C:\MCC18\src\traditional\proc\p18F97J60.asm
                 POSTDEC2   0x000fdd       data     extern C:\MCC18\src\traditional\proc\p18F97J60.asm
                 POSTINC2   0x000fde       data     extern C:\MCC18\src\traditional\proc\p18F97J60.asm
                    INDF2   0x000fdf       data     extern C:\MCC18\src\traditional\proc\p18F97J60.asm
                      BSR   0x000fe0       data     extern C:\MCC18\src\traditional\proc\p18F97J60.asm
                    FSR1L   0x000fe1       data     extern C:\MCC18\src\traditional\proc\p18F97J60.asm
                     FSR1   0x000fe1       data     extern C:\MCC18\src\traditional\proc\p18F97J60.asm
                    FSR1H   0x000fe2       data     extern C:\MCC18\src\traditional\proc\p18F97J60.asm
                   PLUSW1   0x000fe3       data     extern C:\MCC18\src\traditional\proc\p18F97J60.asm
                  PREINC1   0x000fe4       data     extern C:\MCC18\src\traditional\proc\p18F97J60.asm
                 POSTDEC1   0x000fe5       data     extern C:\MCC18\src\traditional\proc\p18F97J60.asm
                 POSTINC1   0x000fe6       data     extern C:\MCC18\src\traditional\proc\p18F97J60.asm
                    INDF1   0x000fe7       data     extern C:\MCC18\src\traditional\proc\p18F97J60.asm
                     WREG   0x000fe8       data     extern C:\MCC18\src\traditional\proc\p18F97J60.asm
                     FSR0   0x000fe9       data     extern C:\MCC18\src\traditional\proc\p18F97J60.asm
                    FSR0L   0x000fe9       data     extern C:\MCC18\src\traditional\proc\p18F97J60.asm
                    FSR0H   0x000fea       data     extern C:\MCC18\src\traditional\proc\p18F97J60.asm
                   PLUSW0   0x000feb       data     extern C:\MCC18\src\traditional\proc\p18F97J60.asm
                  PREINC0   0x000fec       data     extern C:\MCC18\src\traditional\proc\p18F97J60.asm
                 POSTDEC0   0x000fed       data     extern C:\MCC18\src\traditional\proc\p18F97J60.asm
                 POSTINC0   0x000fee       data     extern C:\MCC18\src\traditional\proc\p18F97J60.asm
                    INDF0   0x000fef       data     extern C:\MCC18\src\traditional\proc\p18F97J60.asm
              INTCON3bits   0x000ff0       data     extern C:\MCC18\src\traditional\proc\p18F97J60.asm
                  INTCON3   0x000ff0       data     extern C:\MCC18\src\traditional\proc\p18F97J60.asm
              INTCON2bits   0x000ff1       data     extern C:\MCC18\src\traditional\proc\p18F97J60.asm
                  INTCON2   0x000ff1       data     extern C:\MCC18\src\traditional\proc\p18F97J60.asm
               INTCONbits   0x000ff2       data     extern C:\MCC18\src\traditional\proc\p18F97J60.asm
                   INTCON   0x000ff2       data     extern C:\MCC18\src\traditional\proc\p18F97J60.asm
                    PRODL   0x000ff3       data     extern C:\MCC18\src\traditional\proc\p18F97J60.asm
                     PROD   0x000ff3       data     extern C:\MCC18\src\traditional\proc\p18F97J60.asm
                    PRODH   0x000ff4       data     extern C:\MCC18\src\traditional\proc\p18F97J60.asm
                   TABLAT   0x000ff5       data     extern C:\MCC18\src\traditional\proc\p18F97J60.asm
                  TBLPTRL   0x000ff6       data     extern C:\MCC18\src\traditional\proc\p18F97J60.asm
                   TBLPTR   0x000ff6       data     extern C:\MCC18\src\traditional\proc\p18F97J60.asm
                  TBLPTRH   0x000ff7       data     extern C:\MCC18\src\traditional\proc\p18F97J60.asm
                  TBLPTRU   0x000ff8       data     extern C:\MCC18\src\traditional\proc\p18F97J60.asm
                      PCL   0x000ff9       data     extern C:\MCC18\src\traditional\proc\p18F97J60.asm
                       PC   0x000ff9       data     extern C:\MCC18\src\traditional\proc\p18F97J60.asm
                   PCLATH   0x000ffa       data     extern C:\MCC18\src\traditional\proc\p18F97J60.asm
                   PCLATU   0x000ffb       data     extern C:\MCC18\src\traditional\proc\p18F97J60.asm
               STKPTRbits   0x000ffc       data     extern C:\MCC18\src\traditional\proc\p18F97J60.asm
                   STKPTR   0x000ffc       data     extern C:\MCC18\src\traditional\proc\p18F97J60.asm
                      TOS   0x000ffd       data     extern C:\MCC18\src\traditional\proc\p18F97J60.asm
                     TOSL   0x000ffd       data     extern C:\MCC18\src\traditional\proc\p18F97J60.asm
                     TOSH   0x000ffe       data     extern C:\MCC18\src\traditional\proc\p18F97J60.asm
                     TOSU   0x000fff       data     extern C:\MCC18\src\traditional\proc\p18F97J60.asm


