MPLINK 4.34, Linker
Linker Map File - Created Fri May 10 22:08:01 2013

                                 Section Info
                  Section       Type    Address   Location Size(Bytes)
                ---------  ---------  ---------  ---------  ---------
               _entry_scn       code   0x000000    program   0x000006
       .code__user_putc.o       code   0x000006    program   0x000002
               highVector       code   0x000008    program   0x000006
           .code___init.o       code   0x00000e    program   0x000002
          .idata_test.o_i    romdata   0x000010    program   0x000006
        .idata_config.o_i    romdata   0x000016    program   0x000002
                lowVector       code   0x000018    program   0x000006
                   .cinit    romdata   0x00001e    program   0x0000b6
              .code_TCP.o       code   0x0000d4    program   0x005aa2
           .code_config.o       code   0x005b76    program   0x00301e
      .code_BerkeleyAPI.o       code   0x008b94    program   0x001c4e
          .code_Helpers.o       code   0x00a7e2    program   0x000fa2
              .code_UDP.o       code   0x00b784    program   0x000f00
            .code_m_bcp.o       code   0x00c684    program   0x000ec6
         .code_ETH97J60.o       code   0x00d54a    program   0x000e22
         .code_m_logger.o       code   0x00e36c    program   0x000c3a
         .code_vfprintf.o       code   0x00efa6    program   0x000c22
       .code_m_accessor.o       code   0x00fbc8    program   0x000b5e
             .stringtable    romdata   0x010726    program   0x0008d6
        .code_SPIEEPROM.o       code   0x010ffc    program   0x000706
        .code_m_readers.o       code   0x011702    program   0x000640
              .code_ARP.o       code   0x011d42    program   0x0005c2
                   STDLIB       code   0x012304    program   0x0005a0
        .romdata_config.o    romdata   0x0128a4    program   0x000477
      .romdata_m_logger.o    romdata   0x012d1b    program   0x000000
      .idata_m_logger.o_i    romdata   0x012d1b    program   0x000000
         .romdata_m_bcp.o    romdata   0x012d1b    program   0x000000
     .romdata_m_readers.o    romdata   0x012d1b    program   0x000000
          .romdata_post.o    romdata   0x012d1b    program   0x000000
          .idata_post.o_i    romdata   0x012d1b    program   0x000000
        .idata_CRCMOD.o_i    romdata   0x012d1b    program   0x000000
           .romdata_net.o    romdata   0x012d1b    program   0x000000
           .idata_net.o_i    romdata   0x012d1b    program   0x000000
   .romdata_bit_pattern.o    romdata   0x012d1b    program   0x000000
   .idata_bit_pattern.o_i    romdata   0x012d1b    program   0x000000
        .romdata_skipic.o    romdata   0x012d1b    program   0x000000
           .romdata_UDP.o    romdata   0x012d1b    program   0x000000
          .romdata_UART.o    romdata   0x012d1b    program   0x000000
          .idata_UART.o_i    romdata   0x012d1b    program   0x000000
          .romdata_Tick.o    romdata   0x012d1b    program   0x000000
         .idata_c018i.o_i    romdata   0x012d1b    program   0x000000
         .romdata_c018i.o    romdata   0x012d1b    program   0x000000
    .romdata__user_putc.o    romdata   0x012d1b    program   0x000000
    .idata__user_putc.o_i    romdata   0x012d1b    program   0x000000
          .romdata_putc.o    romdata   0x012d1b    program   0x000000
          .idata_putc.o_i    romdata   0x012d1b    program   0x000000
       .romdata_fxm3232.o    romdata   0x012d1b    program   0x000000
       .idata_fxm3232.o_i    romdata   0x012d1b    program   0x000000
      .idata_vfprintf.o_i    romdata   0x012d1b    program   0x000000
       .romdata_sprintf.o    romdata   0x012d1b    program   0x000000
       .idata_sprintf.o_i    romdata   0x012d1b    program   0x000000
        .romdata___init.o    romdata   0x012d1b    program   0x000000
        .idata___init.o_i    romdata   0x012d1b    program   0x000000
      .romdata_fxd3232u.o    romdata   0x012d1b    program   0x000000
      .idata_fxd3232u.o_i    romdata   0x012d1b    program   0x000000
      .romdata_fxd1616u.o    romdata   0x012d1b    program   0x000000
      .idata_fxd1616u.o_i    romdata   0x012d1b    program   0x000000
       .romdata_eventer.o    romdata   0x012d1b    program   0x000000
       .idata_eventer.o_i    romdata   0x012d1b    program   0x000000
    .romdata_m_smachine.o    romdata   0x012d1b    program   0x000000
    .romdata_m_accessor.o    romdata   0x012d1b    program   0x000000
          .romdata_test.o    romdata   0x012d1b    program   0x000000
     .idata_SPIEEPROM.o_i    romdata   0x012d1b    program   0x000000
        .romdata_Reboot.o    romdata   0x012d1b    program   0x000000
        .idata_Reboot.o_i    romdata   0x012d1b    program   0x000000
   .romdata_BerkeleyAPI.o    romdata   0x012d1b    program   0x000000
         .romdata_MPFS2.o    romdata   0x012d1b    program   0x000000
         .idata_MPFS2.o_i    romdata   0x012d1b    program   0x000000
          .romdata_MPFS.o    romdata   0x012d1b    program   0x000000
          .idata_MPFS.o_i    romdata   0x012d1b    program   0x000000
   .romdata_LCDBlocking.o    romdata   0x012d1b    program   0x000000
   .idata_LCDBlocking.o_i    romdata   0x012d1b    program   0x000000
            .romdata_IP.o    romdata   0x012d1b    program   0x000000
          .romdata_ICMP.o    romdata   0x012d1b    program   0x000000
          .idata_ICMP.o_i    romdata   0x012d1b    program   0x000000
         .idata_Delay.o_i    romdata   0x012d1b    program   0x000000
       .romdata_Helpers.o    romdata   0x012d1b    program   0x000000
         .romdata_Delay.o    romdata   0x012d1b    program   0x000000
      .idata_ETH97J60.o_i    romdata   0x012d1b    program   0x000000
        .romdata_Hashes.o    romdata   0x012d1b    program   0x000000
        .idata_Hashes.o_i    romdata   0x012d1b    program   0x000000
      .romdata_ETH97J60.o    romdata   0x012d1b    program   0x000000
           .romdata_ARP.o    romdata   0x012d1b    program   0x000000
        .romdata_SPIRAM.o    romdata   0x012d1b    program   0x000000
        .idata_SPIRAM.o_i    romdata   0x012d1b    program   0x000000
      .idata_StackTsk.o_i    romdata   0x012d1b    program   0x000000
      .romdata_StackTsk.o    romdata   0x012d1b    program   0x000000
      .romdata_SPIFlash.o    romdata   0x012d1b    program   0x000000
      .idata_SPIFlash.o_i    romdata   0x012d1b    program   0x000000
           .idata_ARP.o_i    romdata   0x012d1b    program   0x000001
     .romdata_SPIEEPROM.o    romdata   0x012d1b    program   0x000000
       .code_m_smachine.o       code   0x012d1c    program   0x000460
           .code_skipic.o       code   0x01317c    program   0x00043a
               .code_IP.o       code   0x0135b6    program   0x0003fa
      .code_LCDBlocking.o       code   0x0139b0    program   0x00035a
             .code_test.o       code   0x013d0a    program   0x0002f8
             .code_post.o       code   0x014002    program   0x0002e4
                   STRING       code   0x0142e6    program   0x000268
         .code_StackTsk.o       code   0x01454e    program   0x00022c
             .code_UART.o       code   0x01477a    program   0x000214
        .romdata_CRCMOD.o    romdata   0x01498e    program   0x000200
              .code_net.o       code   0x014b8e    program   0x0001e4
             .code_Tick.o       code   0x014d72    program   0x00019a
            .code_m_lcd.o       code   0x014f0c    program   0x000178
      .code_bit_pattern.o       code   0x015084    program   0x00016c
             .code_ICMP.o       code   0x0151f0    program   0x000146
                     PROG       code   0x015336    program   0x000128
           .code_CRCMOD.o       code   0x01545e    program   0x0000fc
          .code_eventer.o       code   0x01555a    program   0x0000d0
          .code_sprintf.o       code   0x01562a    program   0x0000ac
               _cinit_scn       code   0x0156d6    program   0x00009e
             .code_putc.o       code   0x015774    program   0x000084
          .code_fxm3232.o       code   0x0157f8    program   0x000070
         .code_fxd3232u.o       code   0x015868    program   0x000048
         .romdata_m_lcd.o    romdata   0x0158b0    program   0x000040
           .romdata_TCP.o    romdata   0x0158f0    program   0x000036
         .code_fxd1616u.o       code   0x015926    program   0x00002c
                    .code       code   0x015952    program   0x00002c
                    CTYPE       code   0x01597e    program   0x000024
              D1KTCYXCODE       code   0x0159a2    program   0x000020
             _startup_scn       code   0x0159c2    program   0x00001c
                    STDIO       code   0x0159de    program   0x00001c
              D10TCYXCODE       code   0x0159fa    program   0x000016
      .romdata_vfprintf.o    romdata   0x015a10    program   0x000011
        .idata_skipic.o_i    romdata   0x015a21    program   0x000009
    .idata_m_smachine.o_i    romdata   0x015a2a    program   0x000003
     .idata_m_readers.o_i    romdata   0x015a2d    program   0x000008
         .idata_m_lcd.o_i    romdata   0x015a35    program   0x000003
         .idata_m_bcp.o_i    romdata   0x015a38    program   0x0000f3
    .idata_m_accessor.o_i    romdata   0x015b2b    program   0x000004
           .idata_UDP.o_i    romdata   0x015b2f    program   0x000002
          .idata_Tick.o_i    romdata   0x015b31    program   0x000004
           .idata_TCP.o_i    romdata   0x015b35    program   0x000002
            .idata_IP.o_i    romdata   0x015b37    program   0x000002
       .idata_Helpers.o_i    romdata   0x015b39    program   0x000004
   .idata_BerkeleyAPI.o_i    romdata   0x015b3d    program   0x000002
            .code_c018i.o       code   0x015b40    program   0x000000
           .code_Hashes.o       code   0x015b40    program   0x000000
            .code_Delay.o       code   0x015b40    program   0x000000
             .code_MPFS.o       code   0x015b40    program   0x000000
            .code_MPFS2.o       code   0x015b40    program   0x000000
           .code_Reboot.o       code   0x015b40    program   0x000000
         .code_SPIFlash.o       code   0x015b40    program   0x000000
           .code_SPIRAM.o       code   0x015b40    program   0x000000
   .config_1fff8_skipic.o    romdata   0x01fff8    program   0x000001
   .config_1fffa_skipic.o    romdata   0x01fffa    program   0x000001
   .config_1fffd_skipic.o    romdata   0x01fffd    program   0x000001
                 .tmpdata      udata   0x000000       data   0x000020
                MATH_DATA      udata   0x000020       data   0x000014
                DELAYDAT1      udata   0x000034       data   0x000001
        .udata_m_logger.o      udata   0x000060       data   0x00004a
       SYN_QUEUE_RAM_SECT      udata   0x0000aa       data   0x00003c
             .udata_ARP.o      udata   0x0000e6       data   0x000014
            .udata_Tick.o      udata   0x0000fa       data   0x000006
                 TCB_uRAM      udata   0x000100       data   0x0000fc
         .udata_Helpers.o      udata   0x0001fc       data   0x000004
          .udata_skipic.o      udata   0x000200       data   0x0000f3
            .udata_post.o      udata   0x0002f3       data   0x00000c
              .udata_IP.o      udata   0x0002ff       data   0x000001
           .idata_m_bcp.o      idata   0x000300       data   0x0000f3
         .udata_eventer.o      udata   0x0003f3       data   0x00000c
             .idata_ARP.o      idata   0x0003ff       data   0x000001
             .udata_UDP.o      udata   0x000400       data   0x000028
     .udata_LCDBlocking.o      udata   0x000428       data   0x000021
                 BSD_uRAM      udata   0x000449       data   0x00001e
       .udata_SPIEEPROM.o      udata   0x000467       data   0x000013
             .udata_net.o      udata   0x00047a       data   0x000012
      .udata_m_smachine.o      udata   0x00048c       data   0x000012
       .udata_m_readers.o      udata   0x00049e       data   0x000011
        .udata_StackTsk.o      udata   0x0004af       data   0x00000b
           .udata_c018i.o      udata   0x0004ba       data   0x00000a
        .udata_ETH97J60.o      udata   0x0004c4       data   0x000009
          .idata_skipic.o      idata   0x0004cd       data   0x000009
            .idata_test.o      idata   0x0004d6       data   0x000006
     .udata_BerkeleyAPI.o      udata   0x0004dc       data   0x000004
      .idata_m_accessor.o      idata   0x0004e0       data   0x000004
            .idata_Tick.o      idata   0x0004e4       data   0x000004
         .idata_Helpers.o      idata   0x0004e8       data   0x000004
      .idata_m_smachine.o      idata   0x0004ec       data   0x000003
           .idata_m_lcd.o      idata   0x0004ef       data   0x000003
          .idata_config.o      idata   0x0004f2       data   0x000002
             .idata_UDP.o      idata   0x0004f4       data   0x000002
             .idata_TCP.o      idata   0x0004f6       data   0x000002
              .idata_IP.o      idata   0x0004f8       data   0x000002
     .idata_BerkeleyAPI.o      idata   0x0004fa       data   0x000002
                   .stack      udata   0x000d00       data   0x000100
          .udata_config.o      udata   0x000e00       data   0x000078
       .idata_m_readers.o      idata   0x000e78       data   0x000008
              SFR_BANKED0      udata   0x000e80       data   0x000006
              SFR_BANKED1      udata   0x000e8a       data   0x000001
              SFR_BANKED2      udata   0x000e97       data   0x000003
              SFR_BANKED3      udata   0x000ea0       data   0x000001
              SFR_BANKED4      udata   0x000ea2       data   0x000003
              SFR_BANKED5      udata   0x000ea6       data   0x000002
              SFR_BANKED6      udata   0x000eaa       data   0x000002
              SFR_BANKED7      udata   0x000eb2       data   0x000001
              SFR_BANKED8      udata   0x000eb4       data   0x000001
              SFR_BANKED9      udata   0x000eb6       data   0x000004
             SFR_BANKED10      udata   0x000ec0       data   0x000012
             SFR_BANKED11      udata   0x000ed4       data   0x000002
             SFR_BANKED12      udata   0x000ed8       data   0x000002
             SFR_BANKED13      udata   0x000ee2       data   0x000016
             SFR_BANKED14      udata   0x000efb       data   0x000001
             SFR_BANKED15      udata   0x000efd       data   0x000002
             .udata_TCP.o      udata   0x000f00       data   0x000051
      .udata_m_accessor.o      udata   0x000f51       data   0x00000e
      .udata__user_putc.o      udata   0x000f5f       data   0x000000
            .idata_putc.o      idata   0x000f5f       data   0x000000
            .udata_putc.o      udata   0x000f5f       data   0x000000
         .idata_fxm3232.o      idata   0x000f5f       data   0x000000
         .udata_fxm3232.o      udata   0x000f5f       data   0x000000
        .idata_vfprintf.o      idata   0x000f5f       data   0x000000
        .udata_vfprintf.o      udata   0x000f5f       data   0x000000
         .idata_sprintf.o      idata   0x000f5f       data   0x000000
         .udata_sprintf.o      udata   0x000f5f       data   0x000000
          .idata___init.o      idata   0x000f5f       data   0x000000
           .udata_Delay.o      udata   0x000f5f       data   0x000000
          .udata___init.o      udata   0x000f5f       data   0x000000
        .idata_fxd3232u.o      idata   0x000f5f       data   0x000000
        .udata_fxd3232u.o      udata   0x000f5f       data   0x000000
        .idata_fxd1616u.o      idata   0x000f5f       data   0x000000
        .udata_fxd1616u.o      udata   0x000f5f       data   0x000000
           .idata_Delay.o      idata   0x000f5f       data   0x000000
      .idata__user_putc.o      idata   0x000f5f       data   0x000000
        .idata_StackTsk.o      idata   0x000f5f       data   0x000000
          .idata_SPIRAM.o      idata   0x000f5f       data   0x000000
          .udata_SPIRAM.o      udata   0x000f5f       data   0x000000
        .idata_SPIFlash.o      idata   0x000f5f       data   0x000000
        .udata_SPIFlash.o      udata   0x000f5f       data   0x000000
            .udata_UART.o      udata   0x000f5f       data   0x000000
            .idata_UART.o      idata   0x000f5f       data   0x000000
       .idata_SPIEEPROM.o      idata   0x000f5f       data   0x000000
          .idata_Reboot.o      idata   0x000f5f       data   0x000000
     .udata_bit_pattern.o      udata   0x000f5f       data   0x000000
     .idata_bit_pattern.o      idata   0x000f5f       data   0x000000
          .udata_Reboot.o      udata   0x000f5f       data   0x000000
             .idata_net.o      idata   0x000f5f       data   0x000000
          .udata_CRCMOD.o      udata   0x000f5f       data   0x000000
          .idata_CRCMOD.o      idata   0x000f5f       data   0x000000
           .idata_MPFS2.o      idata   0x000f5f       data   0x000000
         .idata_eventer.o      idata   0x000f5f       data   0x000000
        .idata_ETH97J60.o      idata   0x000f5f       data   0x000000
          .udata_Hashes.o      udata   0x000f5f       data   0x000000
          .idata_Hashes.o      idata   0x000f5f       data   0x000000
            .udata_ICMP.o      udata   0x000f5f       data   0x000000
            .idata_ICMP.o      idata   0x000f5f       data   0x000000
            .udata_test.o      udata   0x000f5f       data   0x000000
     .idata_LCDBlocking.o      idata   0x000f5f       data   0x000000
        .idata_m_logger.o      idata   0x000f5f       data   0x000000
           .idata_c018i.o      idata   0x000f5f       data   0x000000
            .udata_MPFS.o      udata   0x000f5f       data   0x000000
           .udata_m_lcd.o      udata   0x000f5f       data   0x000000
            .idata_MPFS.o      idata   0x000f5f       data   0x000000
           .udata_m_bcp.o      udata   0x000f5f       data   0x000000
           .udata_MPFS2.o      udata   0x000f5f       data   0x000000
            .idata_post.o      idata   0x000f5f       data   0x000000
            SFR_UNBANKED0      udata   0x000f60       data   0x0000a0



                              Program Memory Usage 
                               Start         End      
                           ---------   ---------      
                            0x000000    0x015b3e      
                            0x01fff8    0x01fff8      
                            0x01fffa    0x01fffa      
                            0x01fffd    0x01fffd      
            88898 out of 131072 program addresses used, program memory utilization is 67%



                              Symbols - Sorted by Name
                     Name    Address   Location    Storage File                     
                ---------  ---------  ---------  --------- ---------                
                  ARPInit   0x011e9c    program     extern D:\Work\datakrat\PIC-MAXI-WEB\PIC-MAXI-WEB_5_31\Microchip\TCPIP Stack\ARP.c
            ARPIsResolved   0x012166    program     extern D:\Work\datakrat\PIC-MAXI-WEB\PIC-MAXI-WEB_5_31\Microchip\TCPIP Stack\ARP.c
               ARPProcess   0x011eb4    program     extern D:\Work\datakrat\PIC-MAXI-WEB\PIC-MAXI-WEB_5_31\Microchip\TCPIP Stack\ARP.c
                   ARPPut   0x011d42    program     static D:\Work\datakrat\PIC-MAXI-WEB\PIC-MAXI-WEB_5_31\Microchip\TCPIP Stack\ARP.c
               ARPResolve   0x01208c    program     extern D:\Work\datakrat\PIC-MAXI-WEB\PIC-MAXI-WEB_5_31\Microchip\TCPIP Stack\ARP.c
       BerkeleySocketInit   0x008b94    program     extern D:\Work\datakrat\PIC-MAXI-WEB\PIC-MAXI-WEB_5_31\Microchip\TCPIP Stack\BerkeleyAPI.c
                BusyUSART   0x01484c    program     extern D:\Work\datakrat\PIC-MAXI-WEB\PIC-MAXI-WEB_5_31\Microchip\TCPIP Stack\UART.c
             ByteToBuffer   0x011664    program     extern D:\Work\datakrat\PIC-MAXI-WEB\PIC-MAXI-WEB_5_31\Microchip\TCPIP Stack\SPIEEPROM.c
             CRC16_MODBUS   0x01545e    program     extern D:\Work\datakrat\PIC-MAXI-WEB\PIC-MAXI-WEB_5_31\SkiPIC\CRCMOD.c
     CalcIPBufferChecksum   0x00dcd2    program     extern D:\Work\datakrat\PIC-MAXI-WEB\PIC-MAXI-WEB_5_31\Microchip\TCPIP Stack\ETH97J60.c
           CalcIPChecksum   0x00b490    program     extern D:\Work\datakrat\PIC-MAXI-WEB\PIC-MAXI-WEB_5_31\Microchip\TCPIP Stack\Helpers.c
              CloseSocket   0x003f88    program     static D:\Work\datakrat\PIC-MAXI-WEB\PIC-MAXI-WEB_5_31\Microchip\TCPIP Stack\TCP.c
               CloseUSART   0x01485a    program     extern D:\Work\datakrat\PIC-MAXI-WEB\PIC-MAXI-WEB_5_31\Microchip\TCPIP Stack\UART.c
                    D10_1   0x015a0a    program     static C:\MCC18\src\traditional\delays\d10tcyx.asm
                     D10x   0x015a02    program     static C:\MCC18\src\traditional\delays\d10tcyx.asm
                    D1K_1   0x0159ae    program     static C:\MCC18\src\traditional\delays\d1ktcyx.asm
                     D1Kx   0x0159ac    program     static C:\MCC18\src\traditional\delays\d1ktcyx.asm
             DataRdyUSART   0x014866    program     extern D:\Work\datakrat\PIC-MAXI-WEB\PIC-MAXI-WEB_5_31\Microchip\TCPIP Stack\UART.c
              Delay10TCYx   0x0159fa    program     extern C:\MCC18\src\traditional\delays\d10tcyx.asm
              Delay1KTCYx   0x0159a2    program     extern C:\MCC18\src\traditional\delays\d1ktcyx.asm
           DisplayIPValue   0x0133ce    program     extern D:\Work\datakrat\PIC-MAXI-WEB\PIC-MAXI-WEB_5_31\SkiPIC\skipic.c
              EraseSector   0x01142c    program     extern D:\Work\datakrat\PIC-MAXI-WEB\PIC-MAXI-WEB_5_31\Microchip\TCPIP Stack\SPIEEPROM.c
                 FXD1616U   0x015926    program     extern C:\MCC18\src\traditional\math\fxd1616u.c
                 FXD3232U   0x015868    program     extern C:\MCC18\src\traditional\math\fxd3232u.c
                 FXM1616S   0x015404    program     extern C:\MCC18\src\traditional\math\fxm1616s.asm
                 FXM1616U   0x015336    program     extern C:\MCC18\src\traditional\math\fxm1616u.asm
                 FXM2424U   0x015372    program     extern C:\MCC18\src\traditional\math\fxm2424u.asm
                  FXM3232   0x0157f8    program     extern C:\MCC18\src\traditional\math\fxm3232.c
       FindMatchingSocket   0x00373a    program     static D:\Work\datakrat\PIC-MAXI-WEB\PIC-MAXI-WEB_5_31\Microchip\TCPIP Stack\TCP.c
       FindMatchingSocket   0x00c498    program     static D:\Work\datakrat\PIC-MAXI-WEB\PIC-MAXI-WEB_5_31\Microchip\TCPIP Stack\UDP.c
        FormatNetBIOSName   0x00b67a    program     extern D:\Work\datakrat\PIC-MAXI-WEB\PIC-MAXI-WEB_5_31\Microchip\TCPIP Stack\Helpers.c
      GenerateRandomDWORD   0x00a92e    program     extern D:\Work\datakrat\PIC-MAXI-WEB\PIC-MAXI-WEB_5_31\Microchip\TCPIP Stack\Helpers.c
      GetMaxSegSizeOption   0x004012    program     static D:\Work\datakrat\PIC-MAXI-WEB\PIC-MAXI-WEB_5_31\Microchip\TCPIP Stack\TCP.c
              GetTickCopy   0x014d82    program     static D:\Work\datakrat\PIC-MAXI-WEB\PIC-MAXI-WEB_5_31\Microchip\TCPIP Stack\Tick.c
HandlePossibleTCPDisconnection   0x00a668    program     static D:\Work\datakrat\PIC-MAXI-WEB\PIC-MAXI-WEB_5_31\Microchip\TCPIP Stack\BerkeleyAPI.c
             HandleTCPSeg   0x004182    program     static D:\Work\datakrat\PIC-MAXI-WEB\PIC-MAXI-WEB_5_31\Microchip\TCPIP Stack\TCP.c
                  HighISR   0x013236    program     extern D:\Work\datakrat\PIC-MAXI-WEB\PIC-MAXI-WEB_5_31\SkiPIC\skipic.c
               HighVector   0x000008    program     extern D:\Work\datakrat\PIC-MAXI-WEB\PIC-MAXI-WEB_5_31\SkiPIC\skipic.c
              ICMPProcess   0x0151f0    program     extern D:\Work\datakrat\PIC-MAXI-WEB\PIC-MAXI-WEB_5_31\Microchip\TCPIP Stack\ICMP.c
              IPGetHeader   0x0135b6    program     extern D:\Work\datakrat\PIC-MAXI-WEB\PIC-MAXI-WEB_5_31\Microchip\TCPIP Stack\IP.c
              IPPutHeader   0x01372a    program     extern D:\Work\datakrat\PIC-MAXI-WEB\PIC-MAXI-WEB_5_31\Microchip\TCPIP Stack\IP.c
            IPSetRxBuffer   0x01388e    program     extern D:\Work\datakrat\PIC-MAXI-WEB\PIC-MAXI-WEB_5_31\Microchip\TCPIP Stack\IP.c
          InitializeBoard   0x013568    program     static D:\Work\datakrat\PIC-MAXI-WEB\PIC-MAXI-WEB_5_31\SkiPIC\skipic.c
                 LCDErase   0x013c9a    program     extern D:\Work\datakrat\PIC-MAXI-WEB\PIC-MAXI-WEB_5_31\Microchip\TCPIP Stack\LCDBlocking.c
                  LCDInit   0x0139f4    program     extern D:\Work\datakrat\PIC-MAXI-WEB\PIC-MAXI-WEB_5_31\Microchip\TCPIP Stack\LCDBlocking.c
                  LCDTest   0x014f0c    program     extern D:\Work\datakrat\PIC-MAXI-WEB\PIC-MAXI-WEB_5_31\SkiPIC\m_lcd.c
                LCDUpdate   0x013b4a    program     extern D:\Work\datakrat\PIC-MAXI-WEB\PIC-MAXI-WEB_5_31\Microchip\TCPIP Stack\LCDBlocking.c
                 LCDWrite   0x0139b0    program     static D:\Work\datakrat\PIC-MAXI-WEB\PIC-MAXI-WEB_5_31\Microchip\TCPIP Stack\LCDBlocking.c
               LCD_decode   0x014fe8    program     extern D:\Work\datakrat\PIC-MAXI-WEB\PIC-MAXI-WEB_5_31\SkiPIC\m_lcd.c
                 LCD_init   0x014fd8    program     extern D:\Work\datakrat\PIC-MAXI-WEB\PIC-MAXI-WEB_5_31\SkiPIC\m_lcd.c
                 LFSRRand   0x00a89a    program     extern D:\Work\datakrat\PIC-MAXI-WEB\PIC-MAXI-WEB_5_31\Microchip\TCPIP Stack\Helpers.c
             LFSRSeedRand   0x00a7e2    program     extern D:\Work\datakrat\PIC-MAXI-WEB\PIC-MAXI-WEB_5_31\Microchip\TCPIP Stack\Helpers.c
                   LowISR   0x01317c    program     extern D:\Work\datakrat\PIC-MAXI-WEB\PIC-MAXI-WEB_5_31\SkiPIC\skipic.c
                LowVector   0x000018    program     extern D:\Work\datakrat\PIC-MAXI-WEB\PIC-MAXI-WEB_5_31\SkiPIC\skipic.c
        MACCalcRxChecksum   0x00dc10    program     extern D:\Work\datakrat\PIC-MAXI-WEB\PIC-MAXI-WEB_5_31\Microchip\TCPIP Stack\ETH97J60.c
             MACDiscardRx   0x00d6b4    program     extern D:\Work\datakrat\PIC-MAXI-WEB\PIC-MAXI-WEB_5_31\Microchip\TCPIP Stack\ETH97J60.c
                 MACFlush   0x00daa8    program     extern D:\Work\datakrat\PIC-MAXI-WEB\PIC-MAXI-WEB_5_31\Microchip\TCPIP Stack\ETH97J60.c
                   MACGet   0x00e154    program     extern D:\Work\datakrat\PIC-MAXI-WEB\PIC-MAXI-WEB_5_31\Microchip\TCPIP Stack\ETH97J60.c
              MACGetArray   0x00e15a    program     extern D:\Work\datakrat\PIC-MAXI-WEB\PIC-MAXI-WEB_5_31\Microchip\TCPIP Stack\ETH97J60.c
         MACGetFreeRxSize   0x00d744    program     extern D:\Work\datakrat\PIC-MAXI-WEB\PIC-MAXI-WEB_5_31\Microchip\TCPIP Stack\ETH97J60.c
             MACGetHeader   0x00d83c    program     extern D:\Work\datakrat\PIC-MAXI-WEB\PIC-MAXI-WEB_5_31\Microchip\TCPIP Stack\ETH97J60.c
                  MACInit   0x00d54a    program     extern D:\Work\datakrat\PIC-MAXI-WEB\PIC-MAXI-WEB_5_31\Microchip\TCPIP Stack\ETH97J60.c
              MACIsLinked   0x00d65a    program     extern D:\Work\datakrat\PIC-MAXI-WEB\PIC-MAXI-WEB_5_31\Microchip\TCPIP Stack\ETH97J60.c
         MACIsMemCopyDone   0x00e146    program     extern D:\Work\datakrat\PIC-MAXI-WEB\PIC-MAXI-WEB_5_31\Microchip\TCPIP Stack\ETH97J60.c
             MACIsTxReady   0x00d67a    program     extern D:\Work\datakrat\PIC-MAXI-WEB\PIC-MAXI-WEB_5_31\Microchip\TCPIP Stack\ETH97J60.c
          MACMemCopyAsync   0x00ded6    program     extern D:\Work\datakrat\PIC-MAXI-WEB\PIC-MAXI-WEB_5_31\Microchip\TCPIP Stack\ETH97J60.c
             MACPowerDown   0x00e34c    program     extern D:\Work\datakrat\PIC-MAXI-WEB\PIC-MAXI-WEB_5_31\Microchip\TCPIP Stack\ETH97J60.c
               MACPowerUp   0x00e35e    program     extern D:\Work\datakrat\PIC-MAXI-WEB\PIC-MAXI-WEB_5_31\Microchip\TCPIP Stack\ETH97J60.c
                   MACPut   0x00e1fa    program     extern D:\Work\datakrat\PIC-MAXI-WEB\PIC-MAXI-WEB_5_31\Microchip\TCPIP Stack\ETH97J60.c
              MACPutArray   0x00e214    program     extern D:\Work\datakrat\PIC-MAXI-WEB\PIC-MAXI-WEB_5_31\Microchip\TCPIP Stack\ETH97J60.c
             MACPutHeader   0x00da20    program     extern D:\Work\datakrat\PIC-MAXI-WEB\PIC-MAXI-WEB_5_31\Microchip\TCPIP Stack\ETH97J60.c
           MACPutROMArray   0x00e258    program     extern D:\Work\datakrat\PIC-MAXI-WEB\PIC-MAXI-WEB_5_31\Microchip\TCPIP Stack\ETH97J60.c
            MACSetReadPtr   0x00dbca    program     extern D:\Work\datakrat\PIC-MAXI-WEB\PIC-MAXI-WEB_5_31\Microchip\TCPIP Stack\ETH97J60.c
        MACSetReadPtrInRx   0x00db04    program     extern D:\Work\datakrat\PIC-MAXI-WEB\PIC-MAXI-WEB_5_31\Microchip\TCPIP Stack\ETH97J60.c
           MACSetWritePtr   0x00db84    program     extern D:\Work\datakrat\PIC-MAXI-WEB\PIC-MAXI-WEB_5_31\Microchip\TCPIP Stack\ETH97J60.c
                  OneByte   0x012718    program     static C:\MCC18\src\traditional\stdclib\itobcd.asm
                  OneByte   0x012892    program     static C:\MCC18\src\traditional\stdclib\ltobcd.asm
                ProcLower   0x01282a    program     static C:\MCC18\src\traditional\stdclib\ultoa.asm
                ProcLower   0x0126cc    program     static C:\MCC18\src\traditional\stdclib\itoa.asm
                ProcUpper   0x012820    program     static C:\MCC18\src\traditional\stdclib\ultoa.asm
                ProcUpper   0x0126c2    program     static C:\MCC18\src\traditional\stdclib\itoa.asm
     ROMStringToIPAddress   0x00adaa    program     extern D:\Work\datakrat\PIC-MAXI-WEB\PIC-MAXI-WEB_5_31\Microchip\TCPIP Stack\Helpers.c
 ReadBufferFromMainMemory   0x0115bc    program     extern D:\Work\datakrat\PIC-MAXI-WEB\PIC-MAXI-WEB_5_31\Microchip\TCPIP Stack\SPIEEPROM.c
               ReadPHYReg   0x00e2ae    program     extern D:\Work\datakrat\PIC-MAXI-WEB\PIC-MAXI-WEB_5_31\Microchip\TCPIP Stack\ETH97J60.c
           ReadStringUART   0x01477a    program     extern D:\Work\datakrat\PIC-MAXI-WEB\PIC-MAXI-WEB_5_31\Microchip\TCPIP Stack\UART.c
                ReadUSART   0x01487a    program     extern D:\Work\datakrat\PIC-MAXI-WEB\PIC-MAXI-WEB_5_31\Microchip\TCPIP Stack\UART.c
              SPITransfer   0x010ffc    program     extern D:\Work\datakrat\PIC-MAXI-WEB\PIC-MAXI-WEB_5_31\Microchip\TCPIP Stack\SPIEEPROM.c
                  SendTCP   0x002f68    program     static D:\Work\datakrat\PIC-MAXI-WEB\PIC-MAXI-WEB_5_31\Microchip\TCPIP Stack\TCP.c
     SerializedMACAddress   0x012d15    program     static D:\Work\datakrat\PIC-MAXI-WEB\PIC-MAXI-WEB_5_31\SkiPIC\config.c
        StackApplications   0x014778    program     extern D:\Work\datakrat\PIC-MAXI-WEB\PIC-MAXI-WEB_5_31\Microchip\TCPIP Stack\StackTsk.c
                StackInit   0x01454e    program     extern D:\Work\datakrat\PIC-MAXI-WEB\PIC-MAXI-WEB_5_31\Microchip\TCPIP Stack\StackTsk.c
                StackTask   0x014596    program     extern D:\Work\datakrat\PIC-MAXI-WEB\PIC-MAXI-WEB_5_31\Microchip\TCPIP Stack\StackTsk.c
        StringToIPAddress   0x00ab56    program     extern D:\Work\datakrat\PIC-MAXI-WEB\PIC-MAXI-WEB_5_31\Microchip\TCPIP Stack\Helpers.c
            SwapARPPacket   0x01222c    program     extern D:\Work\datakrat\PIC-MAXI-WEB\PIC-MAXI-WEB_5_31\Microchip\TCPIP Stack\ARP.c
             SwapIPHeader   0x0138c8    program     static D:\Work\datakrat\PIC-MAXI-WEB\PIC-MAXI-WEB_5_31\Microchip\TCPIP Stack\IP.c
            SwapTCPHeader   0x003d58    program     static D:\Work\datakrat\PIC-MAXI-WEB\PIC-MAXI-WEB_5_31\Microchip\TCPIP Stack\TCP.c
                  SyncTCB   0x000172    program     static D:\Work\datakrat\PIC-MAXI-WEB\PIC-MAXI-WEB_5_31\Microchip\TCPIP Stack\TCP.c
              SyncTCBStub   0x0000d4    program     static D:\Work\datakrat\PIC-MAXI-WEB\PIC-MAXI-WEB_5_31\Microchip\TCPIP Stack\TCP.c
        TCPAdjustFIFOSize   0x00557e    program     extern D:\Work\datakrat\PIC-MAXI-WEB\PIC-MAXI-WEB_5_31\Microchip\TCPIP Stack\TCP.c
                 TCPClose   0x000822    program     extern D:\Work\datakrat\PIC-MAXI-WEB\PIC-MAXI-WEB_5_31\Microchip\TCPIP Stack\TCP.c
               TCPDiscard   0x0010de    program     extern D:\Work\datakrat\PIC-MAXI-WEB\PIC-MAXI-WEB_5_31\Microchip\TCPIP Stack\TCP.c
            TCPDisconnect   0x000756    program     extern D:\Work\datakrat\PIC-MAXI-WEB\PIC-MAXI-WEB_5_31\Microchip\TCPIP Stack\TCP.c
           TCPFindArrayEx   0x0017ca    program     extern D:\Work\datakrat\PIC-MAXI-WEB\PIC-MAXI-WEB_5_31\Microchip\TCPIP Stack\TCP.c
                TCPFindEx   0x002462    program     extern D:\Work\datakrat\PIC-MAXI-WEB\PIC-MAXI-WEB_5_31\Microchip\TCPIP Stack\TCP.c
        TCPFindROMArrayEx   0x001de6    program     extern D:\Work\datakrat\PIC-MAXI-WEB\PIC-MAXI-WEB_5_31\Microchip\TCPIP Stack\TCP.c
                 TCPFlush   0x0008a2    program     extern D:\Work\datakrat\PIC-MAXI-WEB\PIC-MAXI-WEB_5_31\Microchip\TCPIP Stack\TCP.c
                   TCPGet   0x0011a0    program     extern D:\Work\datakrat\PIC-MAXI-WEB\PIC-MAXI-WEB_5_31\Microchip\TCPIP Stack\TCP.c
              TCPGetArray   0x001290    program     extern D:\Work\datakrat\PIC-MAXI-WEB\PIC-MAXI-WEB_5_31\Microchip\TCPIP Stack\TCP.c
         TCPGetRemoteInfo   0x00084a    program     extern D:\Work\datakrat\PIC-MAXI-WEB\PIC-MAXI-WEB_5_31\Microchip\TCPIP Stack\TCP.c
         TCPGetRxFIFOFree   0x0014dc    program     extern D:\Work\datakrat\PIC-MAXI-WEB\PIC-MAXI-WEB_5_31\Microchip\TCPIP Stack\TCP.c
         TCPGetTxFIFOFull   0x00105e    program     extern D:\Work\datakrat\PIC-MAXI-WEB\PIC-MAXI-WEB_5_31\Microchip\TCPIP Stack\TCP.c
                  TCPInit   0x00022a    program     extern D:\Work\datakrat\PIC-MAXI-WEB\PIC-MAXI-WEB_5_31\Microchip\TCPIP Stack\TCP.c
           TCPIsConnected   0x00072c    program     extern D:\Work\datakrat\PIC-MAXI-WEB\PIC-MAXI-WEB_5_31\Microchip\TCPIP Stack\TCP.c
            TCPIsGetReady   0x00112a    program     extern D:\Work\datakrat\PIC-MAXI-WEB\PIC-MAXI-WEB_5_31\Microchip\TCPIP Stack\TCP.c
            TCPIsPutReady   0x0008dc    program     extern D:\Work\datakrat\PIC-MAXI-WEB\PIC-MAXI-WEB_5_31\Microchip\TCPIP Stack\TCP.c
                  TCPOpen   0x000534    program     extern D:\Work\datakrat\PIC-MAXI-WEB\PIC-MAXI-WEB_5_31\Microchip\TCPIP Stack\TCP.c
                  TCPPeek   0x001788    program     extern D:\Work\datakrat\PIC-MAXI-WEB\PIC-MAXI-WEB_5_31\Microchip\TCPIP Stack\TCP.c
             TCPPeekArray   0x001556    program     extern D:\Work\datakrat\PIC-MAXI-WEB\PIC-MAXI-WEB_5_31\Microchip\TCPIP Stack\TCP.c
               TCPProcess   0x002d5a    program     extern D:\Work\datakrat\PIC-MAXI-WEB\PIC-MAXI-WEB_5_31\Microchip\TCPIP Stack\TCP.c
                   TCPPut   0x000970    program     extern D:\Work\datakrat\PIC-MAXI-WEB\PIC-MAXI-WEB_5_31\Microchip\TCPIP Stack\TCP.c
              TCPPutArray   0x000aae    program     extern D:\Work\datakrat\PIC-MAXI-WEB\PIC-MAXI-WEB_5_31\Microchip\TCPIP Stack\TCP.c
           TCPPutROMArray   0x000cf4    program     extern D:\Work\datakrat\PIC-MAXI-WEB\PIC-MAXI-WEB_5_31\Microchip\TCPIP Stack\TCP.c
          TCPPutROMString   0x000fca    program     extern D:\Work\datakrat\PIC-MAXI-WEB\PIC-MAXI-WEB_5_31\Microchip\TCPIP Stack\TCP.c
             TCPPutString   0x000f44    program     extern D:\Work\datakrat\PIC-MAXI-WEB\PIC-MAXI-WEB_5_31\Microchip\TCPIP Stack\TCP.c
               TCPRAMCopy   0x0058a8    program     static D:\Work\datakrat\PIC-MAXI-WEB\PIC-MAXI-WEB_5_31\Microchip\TCPIP Stack\TCP.c
            TCPRAMCopyROM   0x0059f2    program     static D:\Work\datakrat\PIC-MAXI-WEB\PIC-MAXI-WEB_5_31\Microchip\TCPIP Stack\TCP.c
     TCPSocketInitializer   0x0158f0    program     extern D:\Work\datakrat\PIC-MAXI-WEB\PIC-MAXI-WEB_5_31\SkiPIC\Alternative Configurations\TCPIPConfig ENC28J60 ETH97J60.h
                  TCPTick   0x0024b6    program     extern D:\Work\datakrat\PIC-MAXI-WEB\PIC-MAXI-WEB_5_31\Microchip\TCPIP Stack\TCP.c
              TCPWasReset   0x000702    program     extern D:\Work\datakrat\PIC-MAXI-WEB\PIC-MAXI-WEB_5_31\Microchip\TCPIP Stack\TCP.c
               TSIGN1616A   0x015450    program     static C:\MCC18\src\traditional\math\fxm1616s.asm
TickConvertToMilliseconds   0x014eb4    program     extern D:\Work\datakrat\PIC-MAXI-WEB\PIC-MAXI-WEB_5_31\Microchip\TCPIP Stack\Tick.c
                  TickGet   0x014da8    program     extern D:\Work\datakrat\PIC-MAXI-WEB\PIC-MAXI-WEB_5_31\Microchip\TCPIP Stack\Tick.c
            TickGetDiv256   0x014dbe    program     extern D:\Work\datakrat\PIC-MAXI-WEB\PIC-MAXI-WEB_5_31\Microchip\TCPIP Stack\Tick.c
            TickGetDiv64K   0x014e0c    program     extern D:\Work\datakrat\PIC-MAXI-WEB\PIC-MAXI-WEB_5_31\Microchip\TCPIP Stack\Tick.c
         TickGetFullScale   0x014e5a    program     extern D:\Work\datakrat\PIC-MAXI-WEB\PIC-MAXI-WEB_5_31\Microchip\TCPIP Stack\Tick.c
                 TickInit   0x014d72    program     extern D:\Work\datakrat\PIC-MAXI-WEB\PIC-MAXI-WEB_5_31\Microchip\TCPIP Stack\Tick.c
               TickUpdate   0x014ef8    program     extern D:\Work\datakrat\PIC-MAXI-WEB\PIC-MAXI-WEB_5_31\Microchip\TCPIP Stack\Tick.c
                 TstLower   0x012814    program     static C:\MCC18\src\traditional\stdclib\ultoa.asm
                 TstLower   0x0126b6    program     static C:\MCC18\src\traditional\stdclib\itoa.asm
                 TstUpper   0x01280e    program     static C:\MCC18\src\traditional\stdclib\ultoa.asm
                 TstUpper   0x0126b0    program     static C:\MCC18\src\traditional\stdclib\itoa.asm
                 UDPClose   0x00b95c    program     extern D:\Work\datakrat\PIC-MAXI-WEB\PIC-MAXI-WEB_5_31\Microchip\TCPIP Stack\UDP.c
               UDPDiscard   0x00c24e    program     extern D:\Work\datakrat\PIC-MAXI-WEB\PIC-MAXI-WEB_5_31\Microchip\TCPIP Stack\UDP.c
                 UDPFlush   0x00be38    program     extern D:\Work\datakrat\PIC-MAXI-WEB\PIC-MAXI-WEB_5_31\Microchip\TCPIP Stack\UDP.c
                   UDPGet   0x00c124    program     extern D:\Work\datakrat\PIC-MAXI-WEB\PIC-MAXI-WEB_5_31\Microchip\TCPIP Stack\UDP.c
              UDPGetArray   0x00c170    program     extern D:\Work\datakrat\PIC-MAXI-WEB\PIC-MAXI-WEB_5_31\Microchip\TCPIP Stack\UDP.c
                  UDPInit   0x00b784    program     extern D:\Work\datakrat\PIC-MAXI-WEB\PIC-MAXI-WEB_5_31\Microchip\TCPIP Stack\UDP.c
            UDPIsGetReady   0x00c0d4    program     extern D:\Work\datakrat\PIC-MAXI-WEB\PIC-MAXI-WEB_5_31\Microchip\TCPIP Stack\UDP.c
            UDPIsPutReady   0x00ba70    program     extern D:\Work\datakrat\PIC-MAXI-WEB\PIC-MAXI-WEB_5_31\Microchip\TCPIP Stack\UDP.c
                  UDPOpen   0x00b7b6    program     extern D:\Work\datakrat\PIC-MAXI-WEB\PIC-MAXI-WEB_5_31\Microchip\TCPIP Stack\UDP.c
               UDPProcess   0x00c268    program     extern D:\Work\datakrat\PIC-MAXI-WEB\PIC-MAXI-WEB_5_31\Microchip\TCPIP Stack\UDP.c
                   UDPPut   0x00baf0    program     extern D:\Work\datakrat\PIC-MAXI-WEB\PIC-MAXI-WEB_5_31\Microchip\TCPIP Stack\UDP.c
              UDPPutArray   0x00bb4c    program     extern D:\Work\datakrat\PIC-MAXI-WEB\PIC-MAXI-WEB_5_31\Microchip\TCPIP Stack\UDP.c
           UDPPutROMArray   0x00bc38    program     extern D:\Work\datakrat\PIC-MAXI-WEB\PIC-MAXI-WEB_5_31\Microchip\TCPIP Stack\UDP.c
          UDPPutROMString   0x00bdaa    program     extern D:\Work\datakrat\PIC-MAXI-WEB\PIC-MAXI-WEB_5_31\Microchip\TCPIP Stack\UDP.c
             UDPPutString   0x00bd2a    program     extern D:\Work\datakrat\PIC-MAXI-WEB\PIC-MAXI-WEB_5_31\Microchip\TCPIP Stack\UDP.c
           UDPSetRxBuffer   0x00ba2c    program     extern D:\Work\datakrat\PIC-MAXI-WEB\PIC-MAXI-WEB_5_31\Microchip\TCPIP Stack\UDP.c
           UDPSetTxBuffer   0x00b9be    program     extern D:\Work\datakrat\PIC-MAXI-WEB\PIC-MAXI-WEB_5_31\Microchip\TCPIP Stack\UDP.c
                  UDPTask   0x00b7b0    program     extern D:\Work\datakrat\PIC-MAXI-WEB\PIC-MAXI-WEB_5_31\Microchip\TCPIP Stack\UDP.c
  WriteBufferToMainMemory   0x011514    program     extern D:\Work\datakrat\PIC-MAXI-WEB\PIC-MAXI-WEB_5_31\Microchip\TCPIP Stack\SPIEEPROM.c
              WritePHYReg   0x00e308    program     extern D:\Work\datakrat\PIC-MAXI-WEB\PIC-MAXI-WEB_5_31\Microchip\TCPIP Stack\ETH97J60.c
               WriteUSART   0x014880    program     extern D:\Work\datakrat\PIC-MAXI-WEB\PIC-MAXI-WEB_5_31\Microchip\TCPIP Stack\UART.c
             XEEBeginRead   0x011034    program     extern D:\Work\datakrat\PIC-MAXI-WEB\PIC-MAXI-WEB_5_31\Microchip\TCPIP Stack\SPIEEPROM.c
            XEEBeginWrite   0x011200    program     extern D:\Work\datakrat\PIC-MAXI-WEB\PIC-MAXI-WEB_5_31\Microchip\TCPIP Stack\SPIEEPROM.c
               XEEEndRead   0x0110c8    program     extern D:\Work\datakrat\PIC-MAXI-WEB\PIC-MAXI-WEB_5_31\Microchip\TCPIP Stack\SPIEEPROM.c
              XEEEndWrite   0x011362    program     extern D:\Work\datakrat\PIC-MAXI-WEB\PIC-MAXI-WEB_5_31\Microchip\TCPIP Stack\SPIEEPROM.c
                  XEEInit   0x011018    program     extern D:\Work\datakrat\PIC-MAXI-WEB\PIC-MAXI-WEB_5_31\Microchip\TCPIP Stack\SPIEEPROM.c
                XEEIsBusy   0x0113e8    program     extern D:\Work\datakrat\PIC-MAXI-WEB\PIC-MAXI-WEB_5_31\Microchip\TCPIP Stack\SPIEEPROM.c
                  XEERead   0x01106a    program     extern D:\Work\datakrat\PIC-MAXI-WEB\PIC-MAXI-WEB_5_31\Microchip\TCPIP Stack\SPIEEPROM.c
             XEEReadArray   0x0110ce    program     extern D:\Work\datakrat\PIC-MAXI-WEB\PIC-MAXI-WEB_5_31\Microchip\TCPIP Stack\SPIEEPROM.c
                 XEEWrite   0x01123a    program     extern D:\Work\datakrat\PIC-MAXI-WEB\PIC-MAXI-WEB_5_31\Microchip\TCPIP Stack\SPIEEPROM.c
            XEEWriteArray   0x01131c    program     extern D:\Work\datakrat\PIC-MAXI-WEB\PIC-MAXI-WEB_5_31\Microchip\TCPIP Stack\SPIEEPROM.c
                  _14jEnd   0x0125be    program     static C:\MCC18\src\traditional\stdclib\atol.asm
              _2jContinue   0x0143a2    program     static C:\MCC18\src\traditional\stdclib\memset.asm
                   _2jEnd   0x0144c2    program     static C:\MCC18\src\traditional\stdclib\slenpgm.asm
              _3jContinue   0x01450a    program     static C:\MCC18\src\traditional\stdclib\sncpyp2r.asm
              _3jContinue   0x01436e    program     static C:\MCC18\src\traditional\stdclib\mcpyp2r.asm
                   _3jEnd   0x0143ac    program     static C:\MCC18\src\traditional\stdclib\memset.asm
              _4jContinue   0x01431a    program     static C:\MCC18\src\traditional\stdclib\memcpy.asm
                   _4jEnd   0x014378    program     static C:\MCC18\src\traditional\stdclib\mcpyp2r.asm
                   _4jEnd   0x014514    program     static C:\MCC18\src\traditional\stdclib\sncpyp2r.asm
                   _5jEnd   0x014324    program     static C:\MCC18\src\traditional\stdclib\memcpy.asm
        _D10TCYXCODE_000A   0x015a04    program     static C:\MCC18\src\traditional\delays\d10tcyx.asm
        _D10TCYXCODE_000C   0x015a06    program     static C:\MCC18\src\traditional\delays\d10tcyx.asm
        _D10TCYXCODE_000E   0x015a08    program     static C:\MCC18\src\traditional\delays\d10tcyx.asm
        _D1KTCYXCODE_0010   0x0159b2    program     static C:\MCC18\src\traditional\delays\d1ktcyx.asm
        _D1KTCYXCODE_0016   0x0159b8    program     static C:\MCC18\src\traditional\delays\d1ktcyx.asm
              _LCD_cp1251   0x014f7a    program     static D:\Work\datakrat\PIC-MAXI-WEB\PIC-MAXI-WEB_5_31\SkiPIC\m_lcd.c
           ___do_lbl00002   0x013a60    program     static                          
           ___do_lbl00002   0x014da0    program     static                          
           ___do_lbl00003   0x013a60    program     static                          
           ___do_lbl00003   0x014da4    program     static                          
           ___do_lbl00004   0x014d82    program     static                          
           ___do_lbl00006   0x013a2e    program     static                          
           ___do_lbl00009   0x013ab2    program     static                          
           ___do_lbl00010   0x013ab2    program     static                          
           ___do_lbl00013   0x013a80    program     static                          
           ___do_lbl00015   0x013b36    program     static                          
           ___do_lbl00016   0x013b36    program     static                          
           ___do_lbl00019   0x013b04    program     static                          
         ___else_lbl00022   0x00d88c    program     static                          
          ___for_lbl00007   0x013ab2    program     static                          
          ___for_lbl00008   0x013ab6    program     static                          
          ___for_lbl00014   0x013a6c    program     static                          
          ___for_lbl00100   0x00b636    program     static                          
          ___for_lbl00101   0x00b63c    program     static                          
          ___for_lbl00102   0x00b618    program     static                          
          ___for_lbl00103   0x00b650    program     static                          
          ___for_lbl00104   0x00b654    program     static                          
          ___for_lbl00105   0x00b63c    program     static                          
           ___if_lbl00014   0x00aa42    program     static                          
           ___if_lbl00015   0x00aa60    program     static                          
           ___if_lbl00016   0x00aaf2    program     static                          
           ___if_lbl00017   0x00aaf8    program     static                          
           ___if_lbl00020   0x00d88a    program     static                          
           ___if_lbl00021   0x00d896    program     static                          
           ___if_lbl00023   0x00d8a6    program     static                          
           ___if_lbl00024   0x00d8aa    program     static                          
           ___if_lbl00025   0x00d8ba    program     static                          
           ___if_lbl00031   0x00d988    program     static                          
           ___if_lbl00034   0x00da00    program     static                          
       ___return_lbl00000   0x015950    program     static                          
       ___return_lbl00000   0x0158ae    program     static                          
       ___return_lbl00000   0x0139ec    program     static                          
       ___return_lbl00000   0x00d650    program     static                          
       ___return_lbl00000   0x015866    program     static                          
       ___return_lbl00000   0x000004    program     static                          
       ___return_lbl00001   0x0159dc    program     static                          
       ___return_lbl00001   0x014da6    program     static                          
       ___return_lbl00001   0x013b36    program     static                          
       ___return_lbl00002   0x00001c    program     static                          
       ___return_lbl00002   0x015772    program     static                          
       ___return_lbl00003   0x00000c    program     static                          
       ___return_lbl00009   0x00ab42    program     static                          
       ___return_lbl00019   0x00da08    program     static                          
       ___return_lbl00064   0x0072f8    program     static                          
       ___return_lbl00087   0x00e20c    program     static                          
       ___return_lbl00088   0x00e250    program     static                          
       ___return_lbl00091   0x00e2a6    program     static                          
       ___return_lbl00094   0x00e2f4    program     static                          
       ___return_lbl00097   0x00e342    program     static                          
       ___return_lbl00099   0x00b666    program     static                          
        ___while_lbl00001   0x00d560    program     static                          
        ___while_lbl00002   0x00d566    program     static                          
        ___while_lbl00004   0x013a3c    program     static                          
        ___while_lbl00005   0x013a60    program     static                          
        ___while_lbl00010   0x00a99c    program     static                          
        ___while_lbl00011   0x00aafa    program     static                          
        ___while_lbl00011   0x013a8e    program     static                          
        ___while_lbl00012   0x013ab2    program     static                          
        ___while_lbl00012   0x00a9a4    program     static                          
        ___while_lbl00013   0x00a9a8    program     static                          
        ___while_lbl00017   0x013b12    program     static                          
        ___while_lbl00018   0x013b36    program     static                          
        ___while_lbl00089   0x00e21c    program     static                          
        ___while_lbl00090   0x00e250    program     static                          
        ___while_lbl00092   0x00e260    program     static                          
        ___while_lbl00093   0x00e2a6    program     static                          
        ___while_lbl00095   0x00e2ca    program     static                          
        ___while_lbl00096   0x00e2d0    program     static                          
        ___while_lbl00098   0x00e33c    program     static                          
        ___while_lbl00099   0x00e342    program     static                          
               __config_0   0x01fff8    program     static D:\Work\datakrat\PIC-MAXI-WEB\PIC-MAXI-WEB_5_31\SkiPIC\skipic.c
               __config_1   0x01fffa    program     static D:\Work\datakrat\PIC-MAXI-WEB\PIC-MAXI-WEB_5_31\SkiPIC\skipic.c
               __config_2   0x01fffd    program     static D:\Work\datakrat\PIC-MAXI-WEB\PIC-MAXI-WEB_5_31\SkiPIC\skipic.c
                   __init   0x00000e    program     extern C:\MCC18\src\traditional\stdclib\__init.c
                   __pa_0   0x00f8e6    program     static C:\MCC18\src\traditional\stdclib\vfprintf.c
                   __pa_1   0x00f8ee    program     static C:\MCC18\src\traditional\stdclib\vfprintf.c
                  __pa_10   0x00f9a2    program     static C:\MCC18\src\traditional\stdclib\vfprintf.c
                  __pa_11   0x00f9b0    program     static C:\MCC18\src\traditional\stdclib\vfprintf.c
                  __pa_12   0x00f9c6    program     static C:\MCC18\src\traditional\stdclib\vfprintf.c
                  __pa_13   0x00f9e0    program     static C:\MCC18\src\traditional\stdclib\vfprintf.c
                  __pa_14   0x00f9f8    program     static C:\MCC18\src\traditional\stdclib\vfprintf.c
                  __pa_15   0x00fa08    program     static C:\MCC18\src\traditional\stdclib\vfprintf.c
                  __pa_16   0x00fa1e    program     static C:\MCC18\src\traditional\stdclib\vfprintf.c
                  __pa_17   0x00fa30    program     static C:\MCC18\src\traditional\stdclib\vfprintf.c
                  __pa_18   0x00fa42    program     static C:\MCC18\src\traditional\stdclib\vfprintf.c
                  __pa_19   0x00fa4c    program     static C:\MCC18\src\traditional\stdclib\vfprintf.c
                   __pa_2   0x00f8f8    program     static C:\MCC18\src\traditional\stdclib\vfprintf.c
                  __pa_20   0x00fa5c    program     static C:\MCC18\src\traditional\stdclib\vfprintf.c
                  __pa_21   0x00fa6c    program     static C:\MCC18\src\traditional\stdclib\vfprintf.c
                  __pa_22   0x00fa7c    program     static C:\MCC18\src\traditional\stdclib\vfprintf.c
                  __pa_23   0x00fa88    program     static C:\MCC18\src\traditional\stdclib\vfprintf.c
                  __pa_24   0x00fa96    program     static C:\MCC18\src\traditional\stdclib\vfprintf.c
                  __pa_25   0x00fa9e    program     static C:\MCC18\src\traditional\stdclib\vfprintf.c
                  __pa_26   0x00faa8    program     static C:\MCC18\src\traditional\stdclib\vfprintf.c
                  __pa_27   0x00fab2    program     static C:\MCC18\src\traditional\stdclib\vfprintf.c
                  __pa_28   0x00faba    program     static C:\MCC18\src\traditional\stdclib\vfprintf.c
                  __pa_29   0x00fac8    program     static C:\MCC18\src\traditional\stdclib\vfprintf.c
                   __pa_3   0x00f902    program     static C:\MCC18\src\traditional\stdclib\vfprintf.c
                  __pa_30   0x00fae4    program     static C:\MCC18\src\traditional\stdclib\vfprintf.c
                  __pa_31   0x00fafe    program     static C:\MCC18\src\traditional\stdclib\vfprintf.c
                  __pa_32   0x00fb18    program     static C:\MCC18\src\traditional\stdclib\vfprintf.c
                  __pa_33   0x00fb30    program     static C:\MCC18\src\traditional\stdclib\vfprintf.c
                  __pa_34   0x00fb3a    program     static C:\MCC18\src\traditional\stdclib\vfprintf.c
                  __pa_35   0x00fb48    program     static C:\MCC18\src\traditional\stdclib\vfprintf.c
                  __pa_36   0x00fb50    program     static C:\MCC18\src\traditional\stdclib\vfprintf.c
                  __pa_37   0x00fb5a    program     static C:\MCC18\src\traditional\stdclib\vfprintf.c
                  __pa_38   0x00fb6a    program     static C:\MCC18\src\traditional\stdclib\vfprintf.c
                  __pa_39   0x00fb78    program     static C:\MCC18\src\traditional\stdclib\vfprintf.c
                   __pa_4   0x00f91a    program     static C:\MCC18\src\traditional\stdclib\vfprintf.c
                  __pa_40   0x00fb84    program     static C:\MCC18\src\traditional\stdclib\vfprintf.c
                  __pa_41   0x00fb90    program     static C:\MCC18\src\traditional\stdclib\vfprintf.c
                  __pa_42   0x00fb98    program     static C:\MCC18\src\traditional\stdclib\vfprintf.c
                  __pa_43   0x00fba2    program     static C:\MCC18\src\traditional\stdclib\vfprintf.c
                  __pa_44   0x00fba8    program     static C:\MCC18\src\traditional\stdclib\vfprintf.c
                  __pa_45   0x00fbb2    program     static C:\MCC18\src\traditional\stdclib\vfprintf.c
                  __pa_46   0x00fbbe    program     static C:\MCC18\src\traditional\stdclib\vfprintf.c
                   __pa_5   0x00f92e    program     static C:\MCC18\src\traditional\stdclib\vfprintf.c
                   __pa_6   0x00f94a    program     static C:\MCC18\src\traditional\stdclib\vfprintf.c
                   __pa_7   0x00f954    program     static C:\MCC18\src\traditional\stdclib\vfprintf.c
                   __pa_8   0x00f960    program     static C:\MCC18\src\traditional\stdclib\vfprintf.c
                   __pa_9   0x00f982    program     static C:\MCC18\src\traditional\stdclib\vfprintf.c
               __string_0   0x0107d1    program     static D:\Work\datakrat\PIC-MAXI-WEB\PIC-MAXI-WEB_5_31\SkiPIC\m_bcp.c
               __string_0   0x010873    program     static D:\Work\datakrat\PIC-MAXI-WEB\PIC-MAXI-WEB_5_31\SkiPIC\m_logger.c
               __string_0   0x010ff5    program     static D:\Work\datakrat\PIC-MAXI-WEB\PIC-MAXI-WEB_5_31\SkiPIC\m_smachine.c
               __string_0   0x010fab    program     static D:\Work\datakrat\PIC-MAXI-WEB\PIC-MAXI-WEB_5_31\SkiPIC\m_accessor.c
               __string_0   0x010e07    program     static D:\Work\datakrat\PIC-MAXI-WEB\PIC-MAXI-WEB_5_31\SkiPIC\test.c
               __string_0   0x010dad    program     static D:\Work\datakrat\PIC-MAXI-WEB\PIC-MAXI-WEB_5_31\SkiPIC\config.c
               __string_0   0x010748    program     static D:\Work\datakrat\PIC-MAXI-WEB\PIC-MAXI-WEB_5_31\SkiPIC\m_readers.c
               __string_1   0x010846    program     static D:\Work\datakrat\PIC-MAXI-WEB\PIC-MAXI-WEB_5_31\SkiPIC\m_logger.c
               __string_1   0x010fd4    program     static D:\Work\datakrat\PIC-MAXI-WEB\PIC-MAXI-WEB_5_31\SkiPIC\m_smachine.c
               __string_1   0x010da1    program     static D:\Work\datakrat\PIC-MAXI-WEB\PIC-MAXI-WEB_5_31\SkiPIC\config.c
               __string_1   0x0107ca    program     static D:\Work\datakrat\PIC-MAXI-WEB\PIC-MAXI-WEB_5_31\SkiPIC\m_bcp.c
               __string_1   0x010726    program     static D:\Work\datakrat\PIC-MAXI-WEB\PIC-MAXI-WEB_5_31\SkiPIC\m_readers.c
               __string_1   0x010df3    program     static D:\Work\datakrat\PIC-MAXI-WEB\PIC-MAXI-WEB_5_31\SkiPIC\test.c
               __string_1   0x010f83    program     static D:\Work\datakrat\PIC-MAXI-WEB\PIC-MAXI-WEB_5_31\SkiPIC\m_accessor.c
              __string_10   0x010d43    program     static D:\Work\datakrat\PIC-MAXI-WEB\PIC-MAXI-WEB_5_31\SkiPIC\config.c
              __string_10   0x010e2d    program     static D:\Work\datakrat\PIC-MAXI-WEB\PIC-MAXI-WEB_5_31\SkiPIC\m_accessor.c
              __string_11   0x010d3a    program     static D:\Work\datakrat\PIC-MAXI-WEB\PIC-MAXI-WEB_5_31\SkiPIC\config.c
              __string_12   0x010d25    program     static D:\Work\datakrat\PIC-MAXI-WEB\PIC-MAXI-WEB_5_31\SkiPIC\config.c
              __string_13   0x010d0e    program     static D:\Work\datakrat\PIC-MAXI-WEB\PIC-MAXI-WEB_5_31\SkiPIC\config.c
              __string_14   0x010cfc    program     static D:\Work\datakrat\PIC-MAXI-WEB\PIC-MAXI-WEB_5_31\SkiPIC\config.c
              __string_15   0x010ced    program     static D:\Work\datakrat\PIC-MAXI-WEB\PIC-MAXI-WEB_5_31\SkiPIC\config.c
              __string_16   0x010ce0    program     static D:\Work\datakrat\PIC-MAXI-WEB\PIC-MAXI-WEB_5_31\SkiPIC\config.c
              __string_17   0x010cd6    program     static D:\Work\datakrat\PIC-MAXI-WEB\PIC-MAXI-WEB_5_31\SkiPIC\config.c
              __string_18   0x010ccb    program     static D:\Work\datakrat\PIC-MAXI-WEB\PIC-MAXI-WEB_5_31\SkiPIC\config.c
              __string_19   0x010cbf    program     static D:\Work\datakrat\PIC-MAXI-WEB\PIC-MAXI-WEB_5_31\SkiPIC\config.c
               __string_2   0x010f5c    program     static D:\Work\datakrat\PIC-MAXI-WEB\PIC-MAXI-WEB_5_31\SkiPIC\m_accessor.c
               __string_2   0x010de8    program     static D:\Work\datakrat\PIC-MAXI-WEB\PIC-MAXI-WEB_5_31\SkiPIC\test.c
               __string_2   0x010fc3    program     static D:\Work\datakrat\PIC-MAXI-WEB\PIC-MAXI-WEB_5_31\SkiPIC\m_smachine.c
               __string_2   0x010d96    program     static D:\Work\datakrat\PIC-MAXI-WEB\PIC-MAXI-WEB_5_31\SkiPIC\config.c
               __string_2   0x010819    program     static D:\Work\datakrat\PIC-MAXI-WEB\PIC-MAXI-WEB_5_31\SkiPIC\m_logger.c
               __string_2   0x0107c8    program     static D:\Work\datakrat\PIC-MAXI-WEB\PIC-MAXI-WEB_5_31\SkiPIC\m_bcp.c
              __string_20   0x010ca8    program     static D:\Work\datakrat\PIC-MAXI-WEB\PIC-MAXI-WEB_5_31\SkiPIC\config.c
              __string_21   0x010c96    program     static D:\Work\datakrat\PIC-MAXI-WEB\PIC-MAXI-WEB_5_31\SkiPIC\config.c
              __string_22   0x010c83    program     static D:\Work\datakrat\PIC-MAXI-WEB\PIC-MAXI-WEB_5_31\SkiPIC\config.c
              __string_23   0x010c77    program     static D:\Work\datakrat\PIC-MAXI-WEB\PIC-MAXI-WEB_5_31\SkiPIC\config.c
              __string_24   0x010c65    program     static D:\Work\datakrat\PIC-MAXI-WEB\PIC-MAXI-WEB_5_31\SkiPIC\config.c
              __string_25   0x010c4e    program     static D:\Work\datakrat\PIC-MAXI-WEB\PIC-MAXI-WEB_5_31\SkiPIC\config.c
              __string_26   0x010c38    program     static D:\Work\datakrat\PIC-MAXI-WEB\PIC-MAXI-WEB_5_31\SkiPIC\config.c
              __string_27   0x010c1f    program     static D:\Work\datakrat\PIC-MAXI-WEB\PIC-MAXI-WEB_5_31\SkiPIC\config.c
              __string_28   0x010c10    program     static D:\Work\datakrat\PIC-MAXI-WEB\PIC-MAXI-WEB_5_31\SkiPIC\config.c
              __string_29   0x010bfe    program     static D:\Work\datakrat\PIC-MAXI-WEB\PIC-MAXI-WEB_5_31\SkiPIC\config.c
               __string_3   0x010ddd    program     static D:\Work\datakrat\PIC-MAXI-WEB\PIC-MAXI-WEB_5_31\SkiPIC\test.c
               __string_3   0x0107a6    program     static D:\Work\datakrat\PIC-MAXI-WEB\PIC-MAXI-WEB_5_31\SkiPIC\m_bcp.c
               __string_3   0x010fb2    program     static D:\Work\datakrat\PIC-MAXI-WEB\PIC-MAXI-WEB_5_31\SkiPIC\m_smachine.c
               __string_3   0x010d91    program     static D:\Work\datakrat\PIC-MAXI-WEB\PIC-MAXI-WEB_5_31\SkiPIC\config.c
               __string_3   0x010f33    program     static D:\Work\datakrat\PIC-MAXI-WEB\PIC-MAXI-WEB_5_31\SkiPIC\m_accessor.c
               __string_3   0x01080b    program     static D:\Work\datakrat\PIC-MAXI-WEB\PIC-MAXI-WEB_5_31\SkiPIC\m_logger.c
              __string_30   0x010beb    program     static D:\Work\datakrat\PIC-MAXI-WEB\PIC-MAXI-WEB_5_31\SkiPIC\config.c
              __string_31   0x010bd2    program     static D:\Work\datakrat\PIC-MAXI-WEB\PIC-MAXI-WEB_5_31\SkiPIC\config.c
              __string_32   0x010bb4    program     static D:\Work\datakrat\PIC-MAXI-WEB\PIC-MAXI-WEB_5_31\SkiPIC\config.c
              __string_33   0x010b9b    program     static D:\Work\datakrat\PIC-MAXI-WEB\PIC-MAXI-WEB_5_31\SkiPIC\config.c
              __string_34   0x010b81    program     static D:\Work\datakrat\PIC-MAXI-WEB\PIC-MAXI-WEB_5_31\SkiPIC\config.c
              __string_35   0x010b66    program     static D:\Work\datakrat\PIC-MAXI-WEB\PIC-MAXI-WEB_5_31\SkiPIC\config.c
              __string_36   0x010b46    program     static D:\Work\datakrat\PIC-MAXI-WEB\PIC-MAXI-WEB_5_31\SkiPIC\config.c
              __string_37   0x010b2b    program     static D:\Work\datakrat\PIC-MAXI-WEB\PIC-MAXI-WEB_5_31\SkiPIC\config.c
              __string_38   0x010b0f    program     static D:\Work\datakrat\PIC-MAXI-WEB\PIC-MAXI-WEB_5_31\SkiPIC\config.c
              __string_39   0x010af9    program     static D:\Work\datakrat\PIC-MAXI-WEB\PIC-MAXI-WEB_5_31\SkiPIC\config.c
               __string_4   0x010d82    program     static D:\Work\datakrat\PIC-MAXI-WEB\PIC-MAXI-WEB_5_31\SkiPIC\config.c
               __string_4   0x010787    program     static D:\Work\datakrat\PIC-MAXI-WEB\PIC-MAXI-WEB_5_31\SkiPIC\m_bcp.c
               __string_4   0x010dcf    program     static D:\Work\datakrat\PIC-MAXI-WEB\PIC-MAXI-WEB_5_31\SkiPIC\test.c
               __string_4   0x010f16    program     static D:\Work\datakrat\PIC-MAXI-WEB\PIC-MAXI-WEB_5_31\SkiPIC\m_accessor.c
              __string_40   0x010add    program     static D:\Work\datakrat\PIC-MAXI-WEB\PIC-MAXI-WEB_5_31\SkiPIC\config.c
              __string_41   0x010ac7    program     static D:\Work\datakrat\PIC-MAXI-WEB\PIC-MAXI-WEB_5_31\SkiPIC\config.c
              __string_42   0x010aae    program     static D:\Work\datakrat\PIC-MAXI-WEB\PIC-MAXI-WEB_5_31\SkiPIC\config.c
              __string_43   0x010a8f    program     static D:\Work\datakrat\PIC-MAXI-WEB\PIC-MAXI-WEB_5_31\SkiPIC\config.c
              __string_44   0x010a76    program     static D:\Work\datakrat\PIC-MAXI-WEB\PIC-MAXI-WEB_5_31\SkiPIC\config.c
              __string_45   0x010a5d    program     static D:\Work\datakrat\PIC-MAXI-WEB\PIC-MAXI-WEB_5_31\SkiPIC\config.c
              __string_46   0x010a5a    program     static D:\Work\datakrat\PIC-MAXI-WEB\PIC-MAXI-WEB_5_31\SkiPIC\config.c
              __string_47   0x010a57    program     static D:\Work\datakrat\PIC-MAXI-WEB\PIC-MAXI-WEB_5_31\SkiPIC\config.c
              __string_48   0x010a54    program     static D:\Work\datakrat\PIC-MAXI-WEB\PIC-MAXI-WEB_5_31\SkiPIC\config.c
              __string_49   0x010a51    program     static D:\Work\datakrat\PIC-MAXI-WEB\PIC-MAXI-WEB_5_31\SkiPIC\config.c
               __string_5   0x010d78    program     static D:\Work\datakrat\PIC-MAXI-WEB\PIC-MAXI-WEB_5_31\SkiPIC\config.c
               __string_5   0x010770    program     static D:\Work\datakrat\PIC-MAXI-WEB\PIC-MAXI-WEB_5_31\SkiPIC\m_bcp.c
               __string_5   0x010ee7    program     static D:\Work\datakrat\PIC-MAXI-WEB\PIC-MAXI-WEB_5_31\SkiPIC\m_accessor.c
               __string_5   0x010db8    program     static D:\Work\datakrat\PIC-MAXI-WEB\PIC-MAXI-WEB_5_31\SkiPIC\test.c
              __string_50   0x010a4d    program     static D:\Work\datakrat\PIC-MAXI-WEB\PIC-MAXI-WEB_5_31\SkiPIC\config.c
              __string_51   0x010a48    program     static D:\Work\datakrat\PIC-MAXI-WEB\PIC-MAXI-WEB_5_31\SkiPIC\config.c
              __string_52   0x010a43    program     static D:\Work\datakrat\PIC-MAXI-WEB\PIC-MAXI-WEB_5_31\SkiPIC\config.c
              __string_53   0x010a3c    program     static D:\Work\datakrat\PIC-MAXI-WEB\PIC-MAXI-WEB_5_31\SkiPIC\config.c
              __string_54   0x010a33    program     static D:\Work\datakrat\PIC-MAXI-WEB\PIC-MAXI-WEB_5_31\SkiPIC\config.c
              __string_55   0x010a2a    program     static D:\Work\datakrat\PIC-MAXI-WEB\PIC-MAXI-WEB_5_31\SkiPIC\config.c
              __string_56   0x010a23    program     static D:\Work\datakrat\PIC-MAXI-WEB\PIC-MAXI-WEB_5_31\SkiPIC\config.c
              __string_58   0x0109d5    program     static D:\Work\datakrat\PIC-MAXI-WEB\PIC-MAXI-WEB_5_31\SkiPIC\config.c
              __string_59   0x0109c0    program     static D:\Work\datakrat\PIC-MAXI-WEB\PIC-MAXI-WEB_5_31\SkiPIC\config.c
               __string_6   0x010ecb    program     static D:\Work\datakrat\PIC-MAXI-WEB\PIC-MAXI-WEB_5_31\SkiPIC\m_accessor.c
               __string_6   0x01074f    program     static D:\Work\datakrat\PIC-MAXI-WEB\PIC-MAXI-WEB_5_31\SkiPIC\m_bcp.c
               __string_6   0x010d71    program     static D:\Work\datakrat\PIC-MAXI-WEB\PIC-MAXI-WEB_5_31\SkiPIC\config.c
              __string_60   0x0109a1    program     static D:\Work\datakrat\PIC-MAXI-WEB\PIC-MAXI-WEB_5_31\SkiPIC\config.c
              __string_61   0x01098a    program     static D:\Work\datakrat\PIC-MAXI-WEB\PIC-MAXI-WEB_5_31\SkiPIC\config.c
              __string_62   0x010972    program     static D:\Work\datakrat\PIC-MAXI-WEB\PIC-MAXI-WEB_5_31\SkiPIC\config.c
              __string_63   0x010956    program     static D:\Work\datakrat\PIC-MAXI-WEB\PIC-MAXI-WEB_5_31\SkiPIC\config.c
              __string_64   0x01093a    program     static D:\Work\datakrat\PIC-MAXI-WEB\PIC-MAXI-WEB_5_31\SkiPIC\config.c
              __string_65   0x01091c    program     static D:\Work\datakrat\PIC-MAXI-WEB\PIC-MAXI-WEB_5_31\SkiPIC\config.c
              __string_66   0x01090e    program     static D:\Work\datakrat\PIC-MAXI-WEB\PIC-MAXI-WEB_5_31\SkiPIC\config.c
              __string_67   0x010909    program     static D:\Work\datakrat\PIC-MAXI-WEB\PIC-MAXI-WEB_5_31\SkiPIC\config.c
              __string_68   0x0108f8    program     static D:\Work\datakrat\PIC-MAXI-WEB\PIC-MAXI-WEB_5_31\SkiPIC\config.c
              __string_69   0x0108eb    program     static D:\Work\datakrat\PIC-MAXI-WEB\PIC-MAXI-WEB_5_31\SkiPIC\config.c
               __string_7   0x010d67    program     static D:\Work\datakrat\PIC-MAXI-WEB\PIC-MAXI-WEB_5_31\SkiPIC\config.c
               __string_7   0x010e9d    program     static D:\Work\datakrat\PIC-MAXI-WEB\PIC-MAXI-WEB_5_31\SkiPIC\m_accessor.c
              __string_70   0x0108da    program     static D:\Work\datakrat\PIC-MAXI-WEB\PIC-MAXI-WEB_5_31\SkiPIC\config.c
              __string_71   0x0108d3    program     static D:\Work\datakrat\PIC-MAXI-WEB\PIC-MAXI-WEB_5_31\SkiPIC\config.c
              __string_72   0x0108c7    program     static D:\Work\datakrat\PIC-MAXI-WEB\PIC-MAXI-WEB_5_31\SkiPIC\config.c
              __string_73   0x0108b2    program     static D:\Work\datakrat\PIC-MAXI-WEB\PIC-MAXI-WEB_5_31\SkiPIC\config.c
              __string_74   0x010894    program     static D:\Work\datakrat\PIC-MAXI-WEB\PIC-MAXI-WEB_5_31\SkiPIC\config.c
              __string_75   0x010883    program     static D:\Work\datakrat\PIC-MAXI-WEB\PIC-MAXI-WEB_5_31\SkiPIC\config.c
               __string_8   0x010d5d    program     static D:\Work\datakrat\PIC-MAXI-WEB\PIC-MAXI-WEB_5_31\SkiPIC\config.c
               __string_8   0x010e7f    program     static D:\Work\datakrat\PIC-MAXI-WEB\PIC-MAXI-WEB_5_31\SkiPIC\m_accessor.c
               __string_9   0x010d53    program     static D:\Work\datakrat\PIC-MAXI-WEB\PIC-MAXI-WEB_5_31\SkiPIC\config.c
               __string_9   0x010e4f    program     static D:\Work\datakrat\PIC-MAXI-WEB\PIC-MAXI-WEB_5_31\SkiPIC\m_accessor.c
               __tmplbl_0   0x00aa06    program     static                          
              __tmplbl_10   0x00d924    program     static                          
             __tmplbl_100   0x0088d2    program     static                          
             __tmplbl_101   0x0088d2    program     static                          
             __tmplbl_104   0x007410    program     static                          
              __tmplbl_11   0x00d922    program     static                          
              __tmplbl_12   0x00d9ee    program     static                          
             __tmplbl_129   0x00556a    program     static                          
              __tmplbl_13   0x00d9e0    program     static                          
             __tmplbl_131   0x00556a    program     static                          
             __tmplbl_133   0x00556a    program     static                          
             __tmplbl_135   0x00556a    program     static                          
             __tmplbl_137   0x00556a    program     static                          
              __tmplbl_14   0x00d9e6    program     static                          
             __tmplbl_140   0x00556a    program     static                          
             __tmplbl_148   0x00556a    program     static                          
             __tmplbl_149   0x00556a    program     static                          
             __tmplbl_151   0x00556a    program     static                          
             __tmplbl_153   0x00556a    program     static                          
             __tmplbl_154   0x00556a    program     static                          
             __tmplbl_164   0x00556a    program     static                          
             __tmplbl_165   0x00556a    program     static                          
             __tmplbl_166   0x00556a    program     static                          
             __tmplbl_168   0x00556a    program     static                          
             __tmplbl_169   0x00556a    program     static                          
             __tmplbl_170   0x00556a    program     static                          
             __tmplbl_171   0x00556a    program     static                          
              __tmplbl_42   0x00fa7c    program     static                          
              __tmplbl_43   0x00f8c4    program     static                          
              __tmplbl_44   0x00f8aa    program     static                          
               __tmplbl_5   0x00d986    program     static                          
               __tmplbl_6   0x00d972    program     static                          
               __tmplbl_7   0x00d95c    program     static                          
              __tmplbl_74   0x0088d4    program     static                          
              __tmplbl_75   0x0088d4    program     static                          
              __tmplbl_76   0x0088d4    program     static                          
              __tmplbl_77   0x0088dc    program     static                          
              __tmplbl_78   0x0088d8    program     static                          
              __tmplbl_79   0x0088d4    program     static                          
               __tmplbl_8   0x00d948    program     static                          
              __tmplbl_80   0x0088d4    program     static                          
              __tmplbl_81   0x0088d4    program     static                          
              __tmplbl_82   0x0088d4    program     static                          
              __tmplbl_83   0x0088d4    program     static                          
              __tmplbl_84   0x0088d4    program     static                          
              __tmplbl_85   0x00effc    program     static                          
              __tmplbl_85   0x0088d4    program     static                          
              __tmplbl_86   0x008682    program     static                          
              __tmplbl_87   0x00843c    program     static                          
               __tmplbl_9   0x00d932    program     static                          
              __tmplbl_90   0x0088d0    program     static                          
              __tmplbl_91   0x0088d2    program     static                          
              __tmplbl_95   0x0088d2    program     static                          
              __tmplbl_96   0x0088d2    program     static                          
            __zero_memory   0x015952    program     extern C:\MCC18\src\traditional\proc\p18F97J60.asm
                _do_cinit   0x0156d6    program     extern C:\MCC18\src\traditional\startup\c018i.c
                   _entry   0x000000    program     extern C:\MCC18\src\traditional\startup\c018i.c
                   _false   0x0158aa    program     static                          
                 _startup   0x0159c2    program     extern C:\MCC18\src\traditional\startup\c018i.c
              _usart_putc   0x0159de    program     extern C:\MCC18\src\pmc_common\USART\_usartpc.asm
               _user_putc   0x000006    program     extern C:\MCC18\src\traditional\stdclib\_user_putc.c
                   accept   0x0091ea    program     extern D:\Work\datakrat\PIC-MAXI-WEB\PIC-MAXI-WEB_5_31\Microchip\TCPIP Stack\BerkeleyAPI.c
            accessor_init   0x010134    program     extern D:\Work\datakrat\PIC-MAXI-WEB\PIC-MAXI-WEB_5_31\SkiPIC\m_accessor.c
          accessor_module   0x00fc66    program     extern D:\Work\datakrat\PIC-MAXI-WEB\PIC-MAXI-WEB_5_31\SkiPIC\m_accessor.c
      accessor_settings_s   0x012b74    program     static D:\Work\datakrat\PIC-MAXI-WEB\PIC-MAXI-WEB_5_31\SkiPIC\config.c
                     atob   0x012304    program     extern C:\MCC18\src\traditional\stdclib\atob.asm
                     atoi   0x0123b6    program     extern C:\MCC18\src\traditional\stdclib\atoi.asm
                     atol   0x0124a0    program     extern C:\MCC18\src\traditional\stdclib\atol.asm
                auchCRCHi   0x01498e    program     extern D:\Work\datakrat\PIC-MAXI-WEB\PIC-MAXI-WEB_5_31\SkiPIC\CRCMOD.c
                auchCRCLo   0x014a8e    program     extern D:\Work\datakrat\PIC-MAXI-WEB\PIC-MAXI-WEB_5_31\SkiPIC\CRCMOD.c
              baud_rate_p   0x01292b    program     static D:\Work\datakrat\PIC-MAXI-WEB\PIC-MAXI-WEB_5_31\SkiPIC\config.c
               bcp_buffer   0x00c778    program     extern D:\Work\datakrat\PIC-MAXI-WEB\PIC-MAXI-WEB_5_31\SkiPIC\m_bcp.c
          bcp_check_acked   0x00d224    program     static D:\Work\datakrat\PIC-MAXI-WEB\PIC-MAXI-WEB_5_31\SkiPIC\m_bcp.c
 bcp_determine_subscriber   0x00cd7e    program     extern D:\Work\datakrat\PIC-MAXI-WEB\PIC-MAXI-WEB_5_31\SkiPIC\m_bcp.c
                 bcp_init   0x00cd7c    program     extern D:\Work\datakrat\PIC-MAXI-WEB\PIC-MAXI-WEB_5_31\SkiPIC\m_bcp.c
               bcp_module   0x00d33a    program     extern D:\Work\datakrat\PIC-MAXI-WEB\PIC-MAXI-WEB_5_31\SkiPIC\m_bcp.c
        bcp_obtain_buffer   0x00c684    program     extern D:\Work\datakrat\PIC-MAXI-WEB\PIC-MAXI-WEB_5_31\SkiPIC\m_bcp.c
       bcp_process_buffer   0x00cea4    program     extern D:\Work\datakrat\PIC-MAXI-WEB\PIC-MAXI-WEB_5_31\SkiPIC\m_bcp.c
        bcp_reciev_buffer   0x00c7b8    program     extern D:\Work\datakrat\PIC-MAXI-WEB\PIC-MAXI-WEB_5_31\SkiPIC\m_bcp.c
       bcp_release_buffer   0x00c740    program     extern D:\Work\datakrat\PIC-MAXI-WEB\PIC-MAXI-WEB_5_31\SkiPIC\m_bcp.c
          bcp_send_buffer   0x00ca60    program     extern D:\Work\datakrat\PIC-MAXI-WEB\PIC-MAXI-WEB_5_31\SkiPIC\m_bcp.c
                     bind   0x008d48    program     extern D:\Work\datakrat\PIC-MAXI-WEB\PIC-MAXI-WEB_5_31\Microchip\TCPIP Stack\BerkeleyAPI.c
                 bp_bzero   0x0151b2    program     extern D:\Work\datakrat\PIC-MAXI-WEB\PIC-MAXI-WEB_5_31\SkiPIC\bit_pattern.c
                    bp_cp   0x01515a    program     extern D:\Work\datakrat\PIC-MAXI-WEB\PIC-MAXI-WEB_5_31\SkiPIC\bit_pattern.c
                bp_setbit   0x015084    program     extern D:\Work\datakrat\PIC-MAXI-WEB\PIC-MAXI-WEB_5_31\SkiPIC\bit_pattern.c
                bp_tstbit   0x0150ec    program     extern D:\Work\datakrat\PIC-MAXI-WEB\PIC-MAXI-WEB_5_31\SkiPIC\bit_pattern.c
             btohexa_high   0x00b216    program     extern D:\Work\datakrat\PIC-MAXI-WEB\PIC-MAXI-WEB_5_31\Microchip\TCPIP Stack\Helpers.c
              btohexa_low   0x00b24c    program     extern D:\Work\datakrat\PIC-MAXI-WEB\PIC-MAXI-WEB_5_31\Microchip\TCPIP Stack\Helpers.c
               busy_msg_p   0x012b3e    program     static D:\Work\datakrat\PIC-MAXI-WEB\PIC-MAXI-WEB_5_31\SkiPIC\config.c
              closesocket   0x00a34c    program     extern D:\Work\datakrat\PIC-MAXI-WEB\PIC-MAXI-WEB_5_31\Microchip\TCPIP Stack\BerkeleyAPI.c
         communications_s   0x0128ec    program     static D:\Work\datakrat\PIC-MAXI-WEB\PIC-MAXI-WEB_5_31\SkiPIC\config.c
                compare_l   0x015974    program     static C:\MCC18\src\traditional\proc\p18F97J60.asm
                   config   0x0073ac    program     extern D:\Work\datakrat\PIC-MAXI-WEB\PIC-MAXI-WEB_5_31\SkiPIC\config.c
           config_restore   0x0088e6    program     extern D:\Work\datakrat\PIC-MAXI-WEB\PIC-MAXI-WEB_5_31\SkiPIC\config.c
  config_restore_defaults   0x0089ce    program     extern D:\Work\datakrat\PIC-MAXI-WEB\PIC-MAXI-WEB_5_31\SkiPIC\config.c
              config_save   0x00897c    program     extern D:\Work\datakrat\PIC-MAXI-WEB\PIC-MAXI-WEB_5_31\SkiPIC\config.c
       config_save_reboot   0x0072f2    program     static D:\Work\datakrat\PIC-MAXI-WEB\PIC-MAXI-WEB_5_31\SkiPIC\config.c
        config_show_param   0x006422    program     extern D:\Work\datakrat\PIC-MAXI-WEB\PIC-MAXI-WEB_5_31\SkiPIC\config.c
      config_show_section   0x005cf4    program     extern D:\Work\datakrat\PIC-MAXI-WEB\PIC-MAXI-WEB_5_31\SkiPIC\config.c
     config_show_sections   0x005b76    program     extern D:\Work\datakrat\PIC-MAXI-WEB\PIC-MAXI-WEB_5_31\SkiPIC\config.c
                  connect   0x009564    program     extern D:\Work\datakrat\PIC-MAXI-WEB\PIC-MAXI-WEB_5_31\Microchip\TCPIP Stack\BerkeleyAPI.c
          console_caption   0x0072fa    program     static D:\Work\datakrat\PIC-MAXI-WEB\PIC-MAXI-WEB_5_31\SkiPIC\config.c
                copy_loop   0x015748    program     static                          
            copy_one_byte   0x01574e    program     static                          
                   cp1251   0x0158b0    program     static D:\Work\datakrat\PIC-MAXI-WEB\PIC-MAXI-WEB_5_31\SkiPIC\m_lcd.c
               cvrt_ip_in   0x006d2c    program     static D:\Work\datakrat\PIC-MAXI-WEB\PIC-MAXI-WEB_5_31\SkiPIC\config.c
[...]
                    TRISD   0x000f95       data     extern C:\MCC18\src\traditional\proc\p18F97J60.asm
                     DDRD   0x000f95       data     extern C:\MCC18\src\traditional\proc\p18F97J60.asm
                 DDRDbits   0x000f95       data     extern C:\MCC18\src\traditional\proc\p18F97J60.asm
                TRISEbits   0x000f96       data     extern C:\MCC18\src\traditional\proc\p18F97J60.asm
                    TRISE   0x000f96       data     extern C:\MCC18\src\traditional\proc\p18F97J60.asm
                 DDREbits   0x000f96       data     extern C:\MCC18\src\traditional\proc\p18F97J60.asm
                     DDRE   0x000f96       data     extern C:\MCC18\src\traditional\proc\p18F97J60.asm
                    TRISF   0x000f97       data     extern C:\MCC18\src\traditional\proc\p18F97J60.asm
                TRISFbits   0x000f97       data     extern C:\MCC18\src\traditional\proc\p18F97J60.asm
                 DDRFbits   0x000f97       data     extern C:\MCC18\src\traditional\proc\p18F97J60.asm
                     DDRF   0x000f97       data     extern C:\MCC18\src\traditional\proc\p18F97J60.asm
                 DDRGbits   0x000f98       data     extern C:\MCC18\src\traditional\proc\p18F97J60.asm
                     DDRG   0x000f98       data     extern C:\MCC18\src\traditional\proc\p18F97J60.asm
                    TRISG   0x000f98       data     extern C:\MCC18\src\traditional\proc\p18F97J60.asm
                TRISGbits   0x000f98       data     extern C:\MCC18\src\traditional\proc\p18F97J60.asm
                 DDRHbits   0x000f99       data     extern C:\MCC18\src\traditional\proc\p18F97J60.asm
                     DDRH   0x000f99       data     extern C:\MCC18\src\traditional\proc\p18F97J60.asm
                    TRISH   0x000f99       data     extern C:\MCC18\src\traditional\proc\p18F97J60.asm
                TRISHbits   0x000f99       data     extern C:\MCC18\src\traditional\proc\p18F97J60.asm
                    TRISJ   0x000f9a       data     extern C:\MCC18\src\traditional\proc\p18F97J60.asm
                TRISJbits   0x000f9a       data     extern C:\MCC18\src\traditional\proc\p18F97J60.asm
                 DDRJbits   0x000f9a       data     extern C:\MCC18\src\traditional\proc\p18F97J60.asm
                     DDRJ   0x000f9a       data     extern C:\MCC18\src\traditional\proc\p18F97J60.asm
                  OSCTUNE   0x000f9b       data     extern C:\MCC18\src\traditional\proc\p18F97J60.asm
              OSCTUNEbits   0x000f9b       data     extern C:\MCC18\src\traditional\proc\p18F97J60.asm
               MEMCONbits   0x000f9c       data     extern C:\MCC18\src\traditional\proc\p18F97J60.asm
                   MEMCON   0x000f9c       data     extern C:\MCC18\src\traditional\proc\p18F97J60.asm
                     PIE1   0x000f9d       data     extern C:\MCC18\src\traditional\proc\p18F97J60.asm
                 PIE1bits   0x000f9d       data     extern C:\MCC18\src\traditional\proc\p18F97J60.asm
                     PIR1   0x000f9e       data     extern C:\MCC18\src\traditional\proc\p18F97J60.asm
                 PIR1bits   0x000f9e       data     extern C:\MCC18\src\traditional\proc\p18F97J60.asm
                 IPR1bits   0x000f9f       data     extern C:\MCC18\src\traditional\proc\p18F97J60.asm
                     IPR1   0x000f9f       data     extern C:\MCC18\src\traditional\proc\p18F97J60.asm
                     PIE2   0x000fa0       data     extern C:\MCC18\src\traditional\proc\p18F97J60.asm
                 PIE2bits   0x000fa0       data     extern C:\MCC18\src\traditional\proc\p18F97J60.asm
                     PIR2   0x000fa1       data     extern C:\MCC18\src\traditional\proc\p18F97J60.asm
                 PIR2bits   0x000fa1       data     extern C:\MCC18\src\traditional\proc\p18F97J60.asm
                 IPR2bits   0x000fa2       data     extern C:\MCC18\src\traditional\proc\p18F97J60.asm
                     IPR2   0x000fa2       data     extern C:\MCC18\src\traditional\proc\p18F97J60.asm
                 PIE3bits   0x000fa3       data     extern C:\MCC18\src\traditional\proc\p18F97J60.asm
                     PIE3   0x000fa3       data     extern C:\MCC18\src\traditional\proc\p18F97J60.asm
                     PIR3   0x000fa4       data     extern C:\MCC18\src\traditional\proc\p18F97J60.asm
                 PIR3bits   0x000fa4       data     extern C:\MCC18\src\traditional\proc\p18F97J60.asm
                     IPR3   0x000fa5       data     extern C:\MCC18\src\traditional\proc\p18F97J60.asm
                 IPR3bits   0x000fa5       data     extern C:\MCC18\src\traditional\proc\p18F97J60.asm
                   EECON1   0x000fa6       data     extern C:\MCC18\src\traditional\proc\p18F97J60.asm
               EECON1bits   0x000fa6       data     extern C:\MCC18\src\traditional\proc\p18F97J60.asm
                   EECON2   0x000fa7       data     extern C:\MCC18\src\traditional\proc\p18F97J60.asm
                RCSTAbits   0x000fab       data     extern C:\MCC18\src\traditional\proc\p18F97J60.asm
               RCSTA1bits   0x000fab       data     extern C:\MCC18\src\traditional\proc\p18F97J60.asm
                   RCSTA1   0x000fab       data     extern C:\MCC18\src\traditional\proc\p18F97J60.asm
                    RCSTA   0x000fab       data     extern C:\MCC18\src\traditional\proc\p18F97J60.asm
                    TXSTA   0x000fac       data     extern C:\MCC18\src\traditional\proc\p18F97J60.asm
                   TXSTA1   0x000fac       data     extern C:\MCC18\src\traditional\proc\p18F97J60.asm
               TXSTA1bits   0x000fac       data     extern C:\MCC18\src\traditional\proc\p18F97J60.asm
                TXSTAbits   0x000fac       data     extern C:\MCC18\src\traditional\proc\p18F97J60.asm
                    TXREG   0x000fad       data     extern C:\MCC18\src\traditional\proc\p18F97J60.asm
                   TXREG1   0x000fad       data     extern C:\MCC18\src\traditional\proc\p18F97J60.asm
                    RCREG   0x000fae       data     extern C:\MCC18\src\traditional\proc\p18F97J60.asm
                   RCREG1   0x000fae       data     extern C:\MCC18\src\traditional\proc\p18F97J60.asm
                    SPBRG   0x000faf       data     extern C:\MCC18\src\traditional\proc\p18F97J60.asm
                   SPBRG1   0x000faf       data     extern C:\MCC18\src\traditional\proc\p18F97J60.asm
                   PSPCON   0x000fb0       data     extern C:\MCC18\src\traditional\proc\p18F97J60.asm
               PSPCONbits   0x000fb0       data     extern C:\MCC18\src\traditional\proc\p18F97J60.asm
                    T3CON   0x000fb1       data     extern C:\MCC18\src\traditional\proc\p18F97J60.asm
                T3CONbits   0x000fb1       data     extern C:\MCC18\src\traditional\proc\p18F97J60.asm
                    TMR3L   0x000fb2       data     extern C:\MCC18\src\traditional\proc\p18F97J60.asm
                    TMR3H   0x000fb3       data     extern C:\MCC18\src\traditional\proc\p18F97J60.asm
                    CMCON   0x000fb4       data     extern C:\MCC18\src\traditional\proc\p18F97J60.asm
                CMCONbits   0x000fb4       data     extern C:\MCC18\src\traditional\proc\p18F97J60.asm
                   CVRCON   0x000fb5       data     extern C:\MCC18\src\traditional\proc\p18F97J60.asm
               CVRCONbits   0x000fb5       data     extern C:\MCC18\src\traditional\proc\p18F97J60.asm
                  ECCP1AS   0x000fb6       data     extern C:\MCC18\src\traditional\proc\p18F97J60.asm
              ECCP1ASbits   0x000fb6       data     extern C:\MCC18\src\traditional\proc\p18F97J60.asm
              CCP3CONbits   0x000fb7       data     extern C:\MCC18\src\traditional\proc\p18F97J60.asm
                  CCP3CON   0x000fb7       data     extern C:\MCC18\src\traditional\proc\p18F97J60.asm
                 ECCP3CON   0x000fb7       data     extern C:\MCC18\src\traditional\proc\p18F97J60.asm
             ECCP3CONbits   0x000fb7       data     extern C:\MCC18\src\traditional\proc\p18F97J60.asm
                    CCPR3   0x000fb8       data     extern C:\MCC18\src\traditional\proc\p18F97J60.asm
                   CCPR3L   0x000fb8       data     extern C:\MCC18\src\traditional\proc\p18F97J60.asm
                   CCPR3H   0x000fb9       data     extern C:\MCC18\src\traditional\proc\p18F97J60.asm
                  CCP2CON   0x000fba       data     extern C:\MCC18\src\traditional\proc\p18F97J60.asm
              CCP2CONbits   0x000fba       data     extern C:\MCC18\src\traditional\proc\p18F97J60.asm
                 ECCP2CON   0x000fba       data     extern C:\MCC18\src\traditional\proc\p18F97J60.asm
             ECCP2CONbits   0x000fba       data     extern C:\MCC18\src\traditional\proc\p18F97J60.asm
                    CCPR2   0x000fbb       data     extern C:\MCC18\src\traditional\proc\p18F97J60.asm
                   CCPR2L   0x000fbb       data     extern C:\MCC18\src\traditional\proc\p18F97J60.asm
                   CCPR2H   0x000fbc       data     extern C:\MCC18\src\traditional\proc\p18F97J60.asm
                  CCP1CON   0x000fbd       data     extern C:\MCC18\src\traditional\proc\p18F97J60.asm
             ECCP1CONbits   0x000fbd       data     extern C:\MCC18\src\traditional\proc\p18F97J60.asm
              CCP1CONbits   0x000fbd       data     extern C:\MCC18\src\traditional\proc\p18F97J60.asm
                 ECCP1CON   0x000fbd       data     extern C:\MCC18\src\traditional\proc\p18F97J60.asm
                    CCPR1   0x000fbe       data     extern C:\MCC18\src\traditional\proc\p18F97J60.asm
                   CCPR1L   0x000fbe       data     extern C:\MCC18\src\traditional\proc\p18F97J60.asm
                   CCPR1H   0x000fbf       data     extern C:\MCC18\src\traditional\proc\p18F97J60.asm
                   ADCON2   0x000fc0       data     extern C:\MCC18\src\traditional\proc\p18F97J60.asm
               ADCON2bits   0x000fc0       data     extern C:\MCC18\src\traditional\proc\p18F97J60.asm
                   ADCON1   0x000fc1       data     extern C:\MCC18\src\traditional\proc\p18F97J60.asm
               ADCON1bits   0x000fc1       data     extern C:\MCC18\src\traditional\proc\p18F97J60.asm
               ADCON0bits   0x000fc2       data     extern C:\MCC18\src\traditional\proc\p18F97J60.asm
                   ADCON0   0x000fc2       data     extern C:\MCC18\src\traditional\proc\p18F97J60.asm
                   ADRESL   0x000fc3       data     extern C:\MCC18\src\traditional\proc\p18F97J60.asm
                    ADRES   0x000fc3       data     extern C:\MCC18\src\traditional\proc\p18F97J60.asm
                   ADRESH   0x000fc4       data     extern C:\MCC18\src\traditional\proc\p18F97J60.asm
              SSPCON2bits   0x000fc5       data     extern C:\MCC18\src\traditional\proc\p18F97J60.asm
                  SSPCON2   0x000fc5       data     extern C:\MCC18\src\traditional\proc\p18F97J60.asm
             SSP1CON2bits   0x000fc5       data     extern C:\MCC18\src\traditional\proc\p18F97J60.asm
                 SSP1CON2   0x000fc5       data     extern C:\MCC18\src\traditional\proc\p18F97J60.asm
              SSPCON1bits   0x000fc6       data     extern C:\MCC18\src\traditional\proc\p18F97J60.asm
                  SSPCON1   0x000fc6       data     extern C:\MCC18\src\traditional\proc\p18F97J60.asm
             SSP1CON1bits   0x000fc6       data     extern C:\MCC18\src\traditional\proc\p18F97J60.asm
                 SSP1CON1   0x000fc6       data     extern C:\MCC18\src\traditional\proc\p18F97J60.asm
                 SSP1STAT   0x000fc7       data     extern C:\MCC18\src\traditional\proc\p18F97J60.asm
             SSP1STATbits   0x000fc7       data     extern C:\MCC18\src\traditional\proc\p18F97J60.asm
              SSPSTATbits   0x000fc7       data     extern C:\MCC18\src\traditional\proc\p18F97J60.asm
                  SSPSTAT   0x000fc7       data     extern C:\MCC18\src\traditional\proc\p18F97J60.asm
                   SSPADD   0x000fc8       data     extern C:\MCC18\src\traditional\proc\p18F97J60.asm
                  SSP1ADD   0x000fc8       data     extern C:\MCC18\src\traditional\proc\p18F97J60.asm
                   SSPBUF   0x000fc9       data     extern C:\MCC18\src\traditional\proc\p18F97J60.asm
                  SSP1BUF   0x000fc9       data     extern C:\MCC18\src\traditional\proc\p18F97J60.asm
                    T2CON   0x000fca       data     extern C:\MCC18\src\traditional\proc\p18F97J60.asm
                T2CONbits   0x000fca       data     extern C:\MCC18\src\traditional\proc\p18F97J60.asm
                      PR2   0x000fcb       data     extern C:\MCC18\src\traditional\proc\p18F97J60.asm
                     TMR2   0x000fcc       data     extern C:\MCC18\src\traditional\proc\p18F97J60.asm
                    T1CON   0x000fcd       data     extern C:\MCC18\src\traditional\proc\p18F97J60.asm
                T1CONbits   0x000fcd       data     extern C:\MCC18\src\traditional\proc\p18F97J60.asm
                    TMR1L   0x000fce       data     extern C:\MCC18\src\traditional\proc\p18F97J60.asm
                    TMR1H   0x000fcf       data     extern C:\MCC18\src\traditional\proc\p18F97J60.asm
                 RCONbits   0x000fd0       data     extern C:\MCC18\src\traditional\proc\p18F97J60.asm
                     RCON   0x000fd0       data     extern C:\MCC18\src\traditional\proc\p18F97J60.asm
               WDTCONbits   0x000fd1       data     extern C:\MCC18\src\traditional\proc\p18F97J60.asm
                   WDTCON   0x000fd1       data     extern C:\MCC18\src\traditional\proc\p18F97J60.asm
                ECON1bits   0x000fd2       data     extern C:\MCC18\src\traditional\proc\p18F97J60.asm
                    ECON1   0x000fd2       data     extern C:\MCC18\src\traditional\proc\p18F97J60.asm
               OSCCONbits   0x000fd3       data     extern C:\MCC18\src\traditional\proc\p18F97J60.asm
                   OSCCON   0x000fd3       data     extern C:\MCC18\src\traditional\proc\p18F97J60.asm
                T0CONbits   0x000fd5       data     extern C:\MCC18\src\traditional\proc\p18F97J60.asm
                    T0CON   0x000fd5       data     extern C:\MCC18\src\traditional\proc\p18F97J60.asm
                    TMR0L   0x000fd6       data     extern C:\MCC18\src\traditional\proc\p18F97J60.asm
                    TMR0H   0x000fd7       data     extern C:\MCC18\src\traditional\proc\p18F97J60.asm
               STATUSbits   0x000fd8       data     extern C:\MCC18\src\traditional\proc\p18F97J60.asm
                   STATUS   0x000fd8       data     extern C:\MCC18\src\traditional\proc\p18F97J60.asm
                    FSR2L   0x000fd9       data     extern C:\MCC18\src\traditional\proc\p18F97J60.asm
                     FSR2   0x000fd9       data     extern C:\MCC18\src\traditional\proc\p18F97J60.asm
                    FSR2H   0x000fda       data     extern C:\MCC18\src\traditional\proc\p18F97J60.asm
                   PLUSW2   0x000fdb       data     extern C:\MCC18\src\traditional\proc\p18F97J60.asm
                  PREINC2   0x000fdc       data     extern C:\MCC18\src\traditional\proc\p18F97J60.asm
                 POSTDEC2   0x000fdd       data     extern C:\MCC18\src\traditional\proc\p18F97J60.asm
                 POSTINC2   0x000fde       data     extern C:\MCC18\src\traditional\proc\p18F97J60.asm
                    INDF2   0x000fdf       data     extern C:\MCC18\src\traditional\proc\p18F97J60.asm
                      BSR   0x000fe0       data     extern C:\MCC18\src\traditional\proc\p18F97J60.asm
                     FSR1   0x000fe1       data     extern C:\MCC18\src\traditional\proc\p18F97J60.asm
                    FSR1L   0x000fe1       data     extern C:\MCC18\src\traditional\proc\p18F97J60.asm
                    FSR1H   0x000fe2       data     extern C:\MCC18\src\traditional\proc\p18F97J60.asm
                   PLUSW1   0x000fe3       data     extern C:\MCC18\src\traditional\proc\p18F97J60.asm
                  PREINC1   0x000fe4       data     extern C:\MCC18\src\traditional\proc\p18F97J60.asm
                 POSTDEC1   0x000fe5       data     extern C:\MCC18\src\traditional\proc\p18F97J60.asm
                 POSTINC1   0x000fe6       data     extern C:\MCC18\src\traditional\proc\p18F97J60.asm
                    INDF1   0x000fe7       data     extern C:\MCC18\src\traditional\proc\p18F97J60.asm
                     WREG   0x000fe8       data     extern C:\MCC18\src\traditional\proc\p18F97J60.asm
                     FSR0   0x000fe9       data     extern C:\MCC18\src\traditional\proc\p18F97J60.asm
                    FSR0L   0x000fe9       data     extern C:\MCC18\src\traditional\proc\p18F97J60.asm
                    FSR0H   0x000fea       data     extern C:\MCC18\src\traditional\proc\p18F97J60.asm
                   PLUSW0   0x000feb       data     extern C:\MCC18\src\traditional\proc\p18F97J60.asm
                  PREINC0   0x000fec       data     extern C:\MCC18\src\traditional\proc\p18F97J60.asm
                 POSTDEC0   0x000fed       data     extern C:\MCC18\src\traditional\proc\p18F97J60.asm
                 POSTINC0   0x000fee       data     extern C:\MCC18\src\traditional\proc\p18F97J60.asm
                    INDF0   0x000fef       data     extern C:\MCC18\src\traditional\proc\p18F97J60.asm
              INTCON3bits   0x000ff0       data     extern C:\MCC18\src\traditional\proc\p18F97J60.asm
                  INTCON3   0x000ff0       data     extern C:\MCC18\src\traditional\proc\p18F97J60.asm
              INTCON2bits   0x000ff1       data     extern C:\MCC18\src\traditional\proc\p18F97J60.asm
                  INTCON2   0x000ff1       data     extern C:\MCC18\src\traditional\proc\p18F97J60.asm
               INTCONbits   0x000ff2       data     extern C:\MCC18\src\traditional\proc\p18F97J60.asm
                   INTCON   0x000ff2       data     extern C:\MCC18\src\traditional\proc\p18F97J60.asm
                     PROD   0x000ff3       data     extern C:\MCC18\src\traditional\proc\p18F97J60.asm
                    PRODL   0x000ff3       data     extern C:\MCC18\src\traditional\proc\p18F97J60.asm
                    PRODH   0x000ff4       data     extern C:\MCC18\src\traditional\proc\p18F97J60.asm
                   TABLAT   0x000ff5       data     extern C:\MCC18\src\traditional\proc\p18F97J60.asm
                  TBLPTRL   0x000ff6       data     extern C:\MCC18\src\traditional\proc\p18F97J60.asm
                   TBLPTR   0x000ff6       data     extern C:\MCC18\src\traditional\proc\p18F97J60.asm
                  TBLPTRH   0x000ff7       data     extern C:\MCC18\src\traditional\proc\p18F97J60.asm
                  TBLPTRU   0x000ff8       data     extern C:\MCC18\src\traditional\proc\p18F97J60.asm
                      PCL   0x000ff9       data     extern C:\MCC18\src\traditional\proc\p18F97J60.asm
                       PC   0x000ff9       data     extern C:\MCC18\src\traditional\proc\p18F97J60.asm
                   PCLATH   0x000ffa       data     extern C:\MCC18\src\traditional\proc\p18F97J60.asm
                   PCLATU   0x000ffb       data     extern C:\MCC18\src\traditional\proc\p18F97J60.asm
               STKPTRbits   0x000ffc       data     extern C:\MCC18\src\traditional\proc\p18F97J60.asm
                   STKPTR   0x000ffc       data     extern C:\MCC18\src\traditional\proc\p18F97J60.asm
                      TOS   0x000ffd       data     extern C:\MCC18\src\traditional\proc\p18F97J60.asm
                     TOSL   0x000ffd       data     extern C:\MCC18\src\traditional\proc\p18F97J60.asm
                     TOSH   0x000ffe       data     extern C:\MCC18\src\traditional\proc\p18F97J60.asm
                     TOSU   0x000fff       data     extern C:\MCC18\src\traditional\proc\p18F97J60.asm


